Component: ARM Compiler 5.06 update 4 (build 422) Tool: armlink [4d35d2]

==============================================================================

Section Cross References

    startup_stm32g431xx.o(RESET) refers to startup_stm32g431xx.o(STACK) for __initial_sp
    startup_stm32g431xx.o(RESET) refers to startup_stm32g431xx.o(.text) for Reset_Handler
    startup_stm32g431xx.o(RESET) refers to stm32g4xx_it.o(i.NMI_Handler) for NMI_Handler
    startup_stm32g431xx.o(RESET) refers to stm32g4xx_it.o(i.HardFault_Handler) for HardFault_Handler
    startup_stm32g431xx.o(RESET) refers to stm32g4xx_it.o(i.MemManage_Handler) for MemManage_Handler
    startup_stm32g431xx.o(RESET) refers to stm32g4xx_it.o(i.BusFault_Handler) for BusFault_Handler
    startup_stm32g431xx.o(RESET) refers to stm32g4xx_it.o(i.UsageFault_Handler) for UsageFault_Handler
    startup_stm32g431xx.o(RESET) refers to stm32g4xx_it.o(i.SVC_Handler) for SVC_Handler
    startup_stm32g431xx.o(RESET) refers to stm32g4xx_it.o(i.DebugMon_Handler) for DebugMon_Handler
    startup_stm32g431xx.o(RESET) refers to stm32g4xx_it.o(i.PendSV_Handler) for PendSV_Handler
    startup_stm32g431xx.o(RESET) refers to stm32g4xx_it.o(i.SysTick_Handler) for SysTick_Handler
    startup_stm32g431xx.o(RESET) refers to stm32g4xx_it.o(i.DMA1_Channel1_IRQHandler) for DMA1_Channel1_IRQHandler
    startup_stm32g431xx.o(RESET) refers to stm32g4xx_it.o(i.DMA1_Channel2_IRQHandler) for DMA1_Channel2_IRQHandler
    startup_stm32g431xx.o(RESET) refers to stm32g4xx_it.o(i.DMA1_Channel3_IRQHandler) for DMA1_Channel3_IRQHandler
    startup_stm32g431xx.o(RESET) refers to stm32g4xx_it.o(i.DMA1_Channel4_IRQHandler) for DMA1_Channel4_IRQHandler
    startup_stm32g431xx.o(RESET) refers to stm32g4xx_it.o(i.USART1_IRQHandler) for USART1_IRQHandler
    startup_stm32g431xx.o(RESET) refers to stm32g4xx_it.o(i.USART2_IRQHandler) for USART2_IRQHandler
    startup_stm32g431xx.o(.text) refers to system_stm32g4xx.o(i.SystemInit) for SystemInit
    startup_stm32g431xx.o(.text) refers to entry.o(.ARM.Collect$$$$00000000) for __main
    adc_app.o(i.adc_data_handler_with_idx) refers to adc_app.o(.bss) for sensor_adc_data
    adc_app.o(i.fill_tx_data) refers to adc_app.o(.bss) for tx_data
    adc_app.o(i.main_adc_task) refers to adc_app.o(i.set_channel_pin) for set_channel_pin
    adc_app.o(i.main_adc_task) refers to switch_hal.o(i.set_adc_ch) for set_adc_ch
    adc_app.o(i.main_adc_task) refers to sys.o(i.delay_us) for delay_us
    adc_app.o(i.main_adc_task) refers to adc_app.o(i.adc_data_handler_with_idx) for adc_data_handler_with_idx
    adc_app.o(i.main_adc_task) refers to switch_hal.o(i.disable_adc_ch) for disable_adc_ch
    adc_app.o(i.main_adc_task) refers to adc_app.o(i.uart_send) for uart_send
    adc_app.o(i.set_channel_pin) refers to stm32g4xx_hal_gpio.o(i.HAL_GPIO_WritePin) for HAL_GPIO_WritePin
    adc_app.o(i.set_channel_pin) refers to adc_app.o(.constdata) for channels
    adc_app.o(i.uart_send) refers to adc_app.o(i.fill_tx_data) for fill_tx_data
    adc_app.o(i.uart_send) refers to memcpya.o(.text) for __aeabi_memcpy
    adc_app.o(i.uart_send) refers to stm32g4xx_hal_uart.o(i.HAL_UART_Transmit_DMA) for HAL_UART_Transmit_DMA
    adc_app.o(i.uart_send) refers to adc_app.o(.bss) for points_data
    adc_app.o(i.uart_send) refers to usart.o(.bss) for huart1
    switch_hal.o(i.disable_adc_ch) refers to stm32g4xx_hal_gpio.o(i.HAL_GPIO_WritePin) for HAL_GPIO_WritePin
    switch_hal.o(i.set_adc_ch) refers to stm32g4xx_hal_gpio.o(i.HAL_GPIO_WritePin) for HAL_GPIO_WritePin
    sys.o(i.delay_init) refers to stm32g4xx_hal_cortex.o(i.HAL_SYSTICK_CLKSourceConfig) for HAL_SYSTICK_CLKSourceConfig
    sys.o(i.delay_init) refers to sys.o(.data) for fac_us
    sys.o(i.delay_ms) refers to sys.o(i.delay_us) for delay_us
    sys.o(i.delay_us) refers to sys.o(.data) for fac_us
    main.o(i.SystemClock_Config) refers to memseta.o(.text) for __aeabi_memclr4
    main.o(i.SystemClock_Config) refers to stm32g4xx_hal_pwr_ex.o(i.HAL_PWREx_ControlVoltageScaling) for HAL_PWREx_ControlVoltageScaling
    main.o(i.SystemClock_Config) refers to stm32g4xx_hal_rcc.o(i.HAL_RCC_OscConfig) for HAL_RCC_OscConfig
    main.o(i.SystemClock_Config) refers to main.o(i.Error_Handler) for Error_Handler
    main.o(i.SystemClock_Config) refers to stm32g4xx_hal_rcc.o(i.HAL_RCC_ClockConfig) for HAL_RCC_ClockConfig
    main.o(i.main) refers to stm32g4xx_hal.o(i.HAL_Init) for HAL_Init
    main.o(i.main) refers to main.o(i.SystemClock_Config) for SystemClock_Config
    main.o(i.main) refers to gpio.o(i.MX_GPIO_Init) for MX_GPIO_Init
    main.o(i.main) refers to dma.o(i.MX_DMA_Init) for MX_DMA_Init
    main.o(i.main) refers to usart.o(i.MX_USART2_UART_Init) for MX_USART2_UART_Init
    main.o(i.main) refers to usart.o(i.MX_USART1_UART_Init) for MX_USART1_UART_Init
    main.o(i.main) refers to adc.o(i.MX_ADC1_Init) for MX_ADC1_Init
    main.o(i.main) refers to iwdg.o(i.MX_IWDG_Init) for MX_IWDG_Init
[...]
    Removing stm32g4xx_hal.o(i.HAL_GetTickPrio), (12 bytes).
    Removing stm32g4xx_hal.o(i.HAL_GetUIDw0), (12 bytes).
    Removing stm32g4xx_hal.o(i.HAL_GetUIDw1), (12 bytes).
    Removing stm32g4xx_hal.o(i.HAL_GetUIDw2), (12 bytes).
    Removing stm32g4xx_hal.o(i.HAL_MspDeInit), (2 bytes).
    Removing stm32g4xx_hal.o(i.HAL_MspInit), (2 bytes).
    Removing stm32g4xx_hal.o(i.HAL_ResumeTick), (18 bytes).
    Removing stm32g4xx_hal.o(i.HAL_SYSCFG_CCMSRAMErase), (28 bytes).
    Removing stm32g4xx_hal.o(i.HAL_SYSCFG_CCMSRAM_WriteProtectionEnable), (16 bytes).
    Removing stm32g4xx_hal.o(i.HAL_SYSCFG_DisableIOSwitchBooster), (20 bytes).
    Removing stm32g4xx_hal.o(i.HAL_SYSCFG_DisableIOSwitchVDD), (20 bytes).
    Removing stm32g4xx_hal.o(i.HAL_SYSCFG_DisableMemorySwappingBank), (20 bytes).
    Removing stm32g4xx_hal.o(i.HAL_SYSCFG_DisableVREFBUF), (20 bytes).
    Removing stm32g4xx_hal.o(i.HAL_SYSCFG_EnableIOSwitchBooster), (20 bytes).
    Removing stm32g4xx_hal.o(i.HAL_SYSCFG_EnableIOSwitchVDD), (20 bytes).
    Removing stm32g4xx_hal.o(i.HAL_SYSCFG_EnableMemorySwappingBank), (20 bytes).
    Removing stm32g4xx_hal.o(i.HAL_SYSCFG_EnableVREFBUF), (56 bytes).
    Removing stm32g4xx_hal.o(i.HAL_SYSCFG_VREFBUF_HighImpedanceConfig), (20 bytes).
    Removing stm32g4xx_hal.o(i.HAL_SYSCFG_VREFBUF_TrimmingConfig), (20 bytes).
    Removing stm32g4xx_hal.o(i.HAL_SYSCFG_VREFBUF_VoltageScalingConfig), (20 bytes).
    Removing stm32g4xx_hal.o(i.HAL_SetTickFreq), (48 bytes).
    Removing stm32g4xx_hal.o(i.HAL_SuspendTick), (18 bytes).
    Removing stm32g4xx_hal_rcc.o(.rev16_text), (4 bytes).
    Removing stm32g4xx_hal_rcc.o(.revsh_text), (4 bytes).
    Removing stm32g4xx_hal_rcc.o(.rrx_text), (6 bytes).
    Removing stm32g4xx_hal_rcc.o(i.HAL_RCC_CSSCallback), (2 bytes).
    Removing stm32g4xx_hal_rcc.o(i.HAL_RCC_DeInit), (220 bytes).
    Removing stm32g4xx_hal_rcc.o(i.HAL_RCC_DisableLSECSS), (24 bytes).
    Removing stm32g4xx_hal_rcc.o(i.HAL_RCC_EnableCSS), (20 bytes).
    Removing stm32g4xx_hal_rcc.o(i.HAL_RCC_EnableLSECSS), (24 bytes).
    Removing stm32g4xx_hal_rcc.o(i.HAL_RCC_GetClockConfig), (68 bytes).
    Removing stm32g4xx_hal_rcc.o(i.HAL_RCC_GetOscConfig), (272 bytes).
    Removing stm32g4xx_hal_rcc.o(i.HAL_RCC_MCOConfig), (108 bytes).
    Removing stm32g4xx_hal_rcc.o(i.HAL_RCC_NMI_IRQHandler), (36 bytes).
    Removing stm32g4xx_hal_rcc_ex.o(.rev16_text), (4 bytes).
    Removing stm32g4xx_hal_rcc_ex.o(.revsh_text), (4 bytes).
    Removing stm32g4xx_hal_rcc_ex.o(.rrx_text), (6 bytes).
    Removing stm32g4xx_hal_rcc_ex.o(i.HAL_RCCEx_CRSConfig), (84 bytes).
    Removing stm32g4xx_hal_rcc_ex.o(i.HAL_RCCEx_CRSGetSynchronizationInfo), (44 bytes).
    Removing stm32g4xx_hal_rcc_ex.o(i.HAL_RCCEx_CRSSoftwareSynchronizationGenerate), (20 bytes).
    Removing stm32g4xx_hal_rcc_ex.o(i.HAL_RCCEx_CRSWaitSynchronization), (196 bytes).
    Removing stm32g4xx_hal_rcc_ex.o(i.HAL_RCCEx_CRS_ErrorCallback), (2 bytes).
    Removing stm32g4xx_hal_rcc_ex.o(i.HAL_RCCEx_CRS_ExpectedSyncCallback), (2 bytes).
    Removing stm32g4xx_hal_rcc_ex.o(i.HAL_RCCEx_CRS_IRQHandler), (144 bytes).
    Removing stm32g4xx_hal_rcc_ex.o(i.HAL_RCCEx_CRS_SyncOkCallback), (2 bytes).
    Removing stm32g4xx_hal_rcc_ex.o(i.HAL_RCCEx_CRS_SyncWarnCallback), (2 bytes).
    Removing stm32g4xx_hal_rcc_ex.o(i.HAL_RCCEx_DisableLSCO), (112 bytes).
    Removing stm32g4xx_hal_rcc_ex.o(i.HAL_RCCEx_DisableLSECSS), (32 bytes).
    Removing stm32g4xx_hal_rcc_ex.o(i.HAL_RCCEx_EnableLSCO), (180 bytes).
    Removing stm32g4xx_hal_rcc_ex.o(i.HAL_RCCEx_EnableLSECSS), (24 bytes).
    Removing stm32g4xx_hal_rcc_ex.o(i.HAL_RCCEx_EnableLSECSS_IT), (64 bytes).
    Removing stm32g4xx_hal_rcc_ex.o(i.HAL_RCCEx_GetPeriphCLKConfig), (176 bytes).
    Removing stm32g4xx_hal_rcc_ex.o(i.HAL_RCCEx_GetPeriphCLKFreq), (1560 bytes).
    Removing stm32g4xx_hal_rcc_ex.o(i.HAL_RCCEx_LSECSS_Callback), (2 bytes).
    Removing stm32g4xx_hal_rcc_ex.o(i.HAL_RCCEx_LSECSS_IRQHandler), (36 bytes).
    Removing stm32g4xx_hal_flash.o(.rev16_text), (4 bytes).
    Removing stm32g4xx_hal_flash.o(.revsh_text), (4 bytes).
    Removing stm32g4xx_hal_flash.o(.rrx_text), (6 bytes).
    Removing stm32g4xx_hal_flash.o(i.FLASH_Program_DoubleWord), (40 bytes).
    Removing stm32g4xx_hal_flash.o(i.FLASH_Program_Fast), (64 bytes).
    Removing stm32g4xx_hal_flash.o(i.FLASH_WaitForLastOperation), (140 bytes).
    Removing stm32g4xx_hal_flash.o(i.HAL_FLASH_EndOfOperationCallback), (2 bytes).
    Removing stm32g4xx_hal_flash.o(i.HAL_FLASH_GetError), (12 bytes).
    Removing stm32g4xx_hal_flash.o(i.HAL_FLASH_IRQHandler), (344 bytes).
    Removing stm32g4xx_hal_flash.o(i.HAL_FLASH_Lock), (32 bytes).
    Removing stm32g4xx_hal_flash.o(i.HAL_FLASH_OB_Launch), (28 bytes).
    Removing stm32g4xx_hal_flash.o(i.HAL_FLASH_OB_Lock), (32 bytes).
    Removing stm32g4xx_hal_flash.o(i.HAL_FLASH_OB_Unlock), (48 bytes).
    Removing stm32g4xx_hal_flash.o(i.HAL_FLASH_OperationErrorCallback), (2 bytes).
    Removing stm32g4xx_hal_flash.o(i.HAL_FLASH_Program), (192 bytes).
    Removing stm32g4xx_hal_flash.o(i.HAL_FLASH_Program_IT), (184 bytes).
    Removing stm32g4xx_hal_flash.o(i.HAL_FLASH_Unlock), (48 bytes).
    Removing stm32g4xx_hal_flash.o(.data), (32 bytes).
    Removing stm32g4xx_hal_flash_ex.o(.rev16_text), (4 bytes).
    Removing stm32g4xx_hal_flash_ex.o(.revsh_text), (4 bytes).
    Removing stm32g4xx_hal_flash_ex.o(.rrx_text), (6 bytes).
    Removing stm32g4xx_hal_flash_ex.o(i.FLASH_FlushCaches), (120 bytes).
    Removing stm32g4xx_hal_flash_ex.o(i.FLASH_MassErase), (36 bytes).
    Removing stm32g4xx_hal_flash_ex.o(i.FLASH_OB_BootLockConfig), (60 bytes).
    Removing stm32g4xx_hal_flash_ex.o(i.FLASH_OB_GetBootLock), (16 bytes).
    Removing stm32g4xx_hal_flash_ex.o(i.FLASH_OB_GetPCROP), (64 bytes).
    Removing stm32g4xx_hal_flash_ex.o(i.FLASH_OB_GetRDP), (28 bytes).
    Removing stm32g4xx_hal_flash_ex.o(i.FLASH_OB_GetSecMem), (20 bytes).
    Removing stm32g4xx_hal_flash_ex.o(i.FLASH_OB_GetUser), (16 bytes).
    Removing stm32g4xx_hal_flash_ex.o(i.FLASH_OB_GetWRP), (56 bytes).
    Removing stm32g4xx_hal_flash_ex.o(i.FLASH_OB_PCROPConfig), (124 bytes).
    Removing stm32g4xx_hal_flash_ex.o(i.FLASH_OB_RDPConfig), (60 bytes).
    Removing stm32g4xx_hal_flash_ex.o(i.FLASH_OB_SecMemConfig), (68 bytes).
    Removing stm32g4xx_hal_flash_ex.o(i.FLASH_OB_UserConfig), (316 bytes).
    Removing stm32g4xx_hal_flash_ex.o(i.FLASH_OB_WRPConfig), (80 bytes).
    Removing stm32g4xx_hal_flash_ex.o(i.FLASH_PageErase), (44 bytes).
    Removing stm32g4xx_hal_flash_ex.o(i.HAL_FLASHEx_DisableDebugger), (20 bytes).
    Removing stm32g4xx_hal_flash_ex.o(i.HAL_FLASHEx_EnableDebugger), (20 bytes).
    Removing stm32g4xx_hal_flash_ex.o(i.HAL_FLASHEx_EnableSecMemProtection), (24 bytes).
    Removing stm32g4xx_hal_flash_ex.o(i.HAL_FLASHEx_Erase), (256 bytes).
    Removing stm32g4xx_hal_flash_ex.o(i.HAL_FLASHEx_Erase_IT), (192 bytes).
    Removing stm32g4xx_hal_flash_ex.o(i.HAL_FLASHEx_OBGetConfig), (116 bytes).
    Removing stm32g4xx_hal_flash_ex.o(i.HAL_FLASHEx_OBProgram), (176 bytes).
    Removing stm32g4xx_hal_flash_ramfunc.o(.rev16_text), (4 bytes).
    Removing stm32g4xx_hal_flash_ramfunc.o(.revsh_text), (4 bytes).
    Removing stm32g4xx_hal_flash_ramfunc.o(.rrx_text), (6 bytes).
    Removing stm32g4xx_hal_flash_ramfunc.o(i.HAL_FLASHEx_DisableRunPowerDown), (40 bytes).
    Removing stm32g4xx_hal_flash_ramfunc.o(i.HAL_FLASHEx_EnableRunPowerDown), (40 bytes).
    Removing stm32g4xx_hal_gpio.o(.rev16_text), (4 bytes).
    Removing stm32g4xx_hal_gpio.o(.revsh_text), (4 bytes).
    Removing stm32g4xx_hal_gpio.o(.rrx_text), (6 bytes).
    Removing stm32g4xx_hal_gpio.o(i.HAL_GPIO_DeInit), (300 bytes).
    Removing stm32g4xx_hal_gpio.o(i.HAL_GPIO_EXTI_Callback), (2 bytes).
    Removing stm32g4xx_hal_gpio.o(i.HAL_GPIO_EXTI_IRQHandler), (28 bytes).
    Removing stm32g4xx_hal_gpio.o(i.HAL_GPIO_LockPin), (46 bytes).
    Removing stm32g4xx_hal_gpio.o(i.HAL_GPIO_ReadPin), (16 bytes).
    Removing stm32g4xx_hal_gpio.o(i.HAL_GPIO_TogglePin), (20 bytes).
    Removing stm32g4xx_hal_exti.o(.rev16_text), (4 bytes).
    Removing stm32g4xx_hal_exti.o(.revsh_text), (4 bytes).
    Removing stm32g4xx_hal_exti.o(.rrx_text), (6 bytes).
    Removing stm32g4xx_hal_exti.o(i.HAL_EXTI_ClearConfigLine), (148 bytes).
    Removing stm32g4xx_hal_exti.o(i.HAL_EXTI_ClearPending), (36 bytes).
    Removing stm32g4xx_hal_exti.o(i.HAL_EXTI_GenerateSWI), (36 bytes).
    Removing stm32g4xx_hal_exti.o(i.HAL_EXTI_GetConfigLine), (192 bytes).
    Removing stm32g4xx_hal_exti.o(i.HAL_EXTI_GetHandle), (14 bytes).
    Removing stm32g4xx_hal_exti.o(i.HAL_EXTI_GetPending), (44 bytes).
    Removing stm32g4xx_hal_exti.o(i.HAL_EXTI_IRQHandler), (56 bytes).
    Removing stm32g4xx_hal_exti.o(i.HAL_EXTI_RegisterCallback), (24 bytes).
    Removing stm32g4xx_hal_exti.o(i.HAL_EXTI_SetConfigLine), (228 bytes).
    Removing stm32g4xx_hal_dma.o(.rev16_text), (4 bytes).
    Removing stm32g4xx_hal_dma.o(.revsh_text), (4 bytes).
    Removing stm32g4xx_hal_dma.o(.rrx_text), (6 bytes).
    Removing stm32g4xx_hal_dma.o(i.HAL_DMA_DeInit), (188 bytes).
    Removing stm32g4xx_hal_dma.o(i.HAL_DMA_GetError), (6 bytes).
    Removing stm32g4xx_hal_dma.o(i.HAL_DMA_GetState), (8 bytes).
    Removing stm32g4xx_hal_dma.o(i.HAL_DMA_PollForTransfer), (328 bytes).
    Removing stm32g4xx_hal_dma.o(i.HAL_DMA_RegisterCallback), (90 bytes).
    Removing stm32g4xx_hal_dma.o(i.HAL_DMA_Start), (114 bytes).
    Removing stm32g4xx_hal_dma.o(i.HAL_DMA_UnRegisterCallback), (106 bytes).
    Removing stm32g4xx_hal_dma_ex.o(.rev16_text), (4 bytes).
    Removing stm32g4xx_hal_dma_ex.o(.revsh_text), (4 bytes).
    Removing stm32g4xx_hal_dma_ex.o(.rrx_text), (6 bytes).
    Removing stm32g4xx_hal_dma_ex.o(i.HAL_DMAEx_ConfigMuxRequestGenerator), (86 bytes).
    Removing stm32g4xx_hal_dma_ex.o(i.HAL_DMAEx_ConfigMuxSync), (88 bytes).
    Removing stm32g4xx_hal_dma_ex.o(i.HAL_DMAEx_DisableMuxRequestGenerator), (32 bytes).
    Removing stm32g4xx_hal_dma_ex.o(i.HAL_DMAEx_EnableMuxRequestGenerator), (32 bytes).
    Removing stm32g4xx_hal_dma_ex.o(i.HAL_DMAEx_MUX_IRQHandler), (102 bytes).
    Removing stm32g4xx_hal_pwr.o(.rev16_text), (4 bytes).
    Removing stm32g4xx_hal_pwr.o(.revsh_text), (4 bytes).
    Removing stm32g4xx_hal_pwr.o(.rrx_text), (6 bytes).
    Removing stm32g4xx_hal_pwr.o(i.HAL_PWR_ConfigPVD), (184 bytes).
    Removing stm32g4xx_hal_pwr.o(i.HAL_PWR_DeInit), (28 bytes).
    Removing stm32g4xx_hal_pwr.o(i.HAL_PWR_DisableBkUpAccess), (20 bytes).
    Removing stm32g4xx_hal_pwr.o(i.HAL_PWR_DisablePVD), (20 bytes).
    Removing stm32g4xx_hal_pwr.o(i.HAL_PWR_DisableSEVOnPend), (20 bytes).
    Removing stm32g4xx_hal_pwr.o(i.HAL_PWR_DisableSleepOnExit), (20 bytes).
    Removing stm32g4xx_hal_pwr.o(i.HAL_PWR_DisableWakeUpPin), (20 bytes).
    Removing stm32g4xx_hal_pwr.o(i.HAL_PWR_EnableBkUpAccess), (20 bytes).
    Removing stm32g4xx_hal_pwr.o(i.HAL_PWR_EnablePVD), (20 bytes).
    Removing stm32g4xx_hal_pwr.o(i.HAL_PWR_EnableSEVOnPend), (20 bytes).
    Removing stm32g4xx_hal_pwr.o(i.HAL_PWR_EnableSleepOnExit), (20 bytes).
    Removing stm32g4xx_hal_pwr.o(i.HAL_PWR_EnableWakeUpPin), (40 bytes).
    Removing stm32g4xx_hal_pwr.o(i.HAL_PWR_EnterSLEEPMode), (80 bytes).
    Removing stm32g4xx_hal_pwr.o(i.HAL_PWR_EnterSTANDBYMode), (44 bytes).
    Removing stm32g4xx_hal_pwr.o(i.HAL_PWR_EnterSTOPMode), (28 bytes).
    Removing stm32g4xx_hal_pwr.o(i.HAL_PWR_PVDCallback), (2 bytes).
    Removing stm32g4xx_hal_pwr_ex.o(.rev16_text), (4 bytes).
    Removing stm32g4xx_hal_pwr_ex.o(.revsh_text), (4 bytes).
    Removing stm32g4xx_hal_pwr_ex.o(.rrx_text), (6 bytes).
    Removing stm32g4xx_hal_pwr_ex.o(i.HAL_PWREx_ConfigPVM), (668 bytes).
    Removing stm32g4xx_hal_pwr_ex.o(i.HAL_PWREx_DisableBatteryCharging), (20 bytes).
    Removing stm32g4xx_hal_pwr_ex.o(i.HAL_PWREx_DisableGPIOPullDown), (132 bytes).
    Removing stm32g4xx_hal_pwr_ex.o(i.HAL_PWREx_DisableGPIOPullUp), (132 bytes).
    Removing stm32g4xx_hal_pwr_ex.o(i.HAL_PWREx_DisableInternalWakeUpLine), (20 bytes).
    Removing stm32g4xx_hal_pwr_ex.o(i.HAL_PWREx_DisableLowPowerRunMode), (84 bytes).
    Removing stm32g4xx_hal_pwr_ex.o(i.HAL_PWREx_DisablePVM1), (20 bytes).
    Removing stm32g4xx_hal_pwr_ex.o(i.HAL_PWREx_DisablePVM2), (20 bytes).
    Removing stm32g4xx_hal_pwr_ex.o(i.HAL_PWREx_DisablePVM3), (20 bytes).
    Removing stm32g4xx_hal_pwr_ex.o(i.HAL_PWREx_DisablePVM4), (20 bytes).
    Removing stm32g4xx_hal_pwr_ex.o(i.HAL_PWREx_DisablePullUpPullDownConfig), (20 bytes).
    Removing stm32g4xx_hal_pwr_ex.o(i.HAL_PWREx_DisableSRAM2ContentRetention), (20 bytes).
    Removing stm32g4xx_hal_pwr_ex.o(i.HAL_PWREx_DisableUCPDStandbyMode), (20 bytes).
    Removing stm32g4xx_hal_pwr_ex.o(i.HAL_PWREx_EnableBatteryCharging), (32 bytes).
    Removing stm32g4xx_hal_pwr_ex.o(i.HAL_PWREx_EnableGPIOPullDown), (208 bytes).
    Removing stm32g4xx_hal_pwr_ex.o(i.HAL_PWREx_EnableGPIOPullUp), (208 bytes).
    Removing stm32g4xx_hal_pwr_ex.o(i.HAL_PWREx_EnableInternalWakeUpLine), (20 bytes).
    Removing stm32g4xx_hal_pwr_ex.o(i.HAL_PWREx_EnableLowPowerRunMode), (20 bytes).
    Removing stm32g4xx_hal_pwr_ex.o(i.HAL_PWREx_EnablePVM1), (20 bytes).
    Removing stm32g4xx_hal_pwr_ex.o(i.HAL_PWREx_EnablePVM2), (20 bytes).
    Removing stm32g4xx_hal_pwr_ex.o(i.HAL_PWREx_EnablePVM3), (20 bytes).
    Removing stm32g4xx_hal_pwr_ex.o(i.HAL_PWREx_EnablePVM4), (20 bytes).
    Removing stm32g4xx_hal_pwr_ex.o(i.HAL_PWREx_EnablePullUpPullDownConfig), (20 bytes).
    Removing stm32g4xx_hal_pwr_ex.o(i.HAL_PWREx_EnableSRAM2ContentRetention), (20 bytes).
    Removing stm32g4xx_hal_pwr_ex.o(i.HAL_PWREx_EnableUCPDDeadBattery), (20 bytes).
    Removing stm32g4xx_hal_pwr_ex.o(i.HAL_PWREx_EnableUCPDStandbyMode), (20 bytes).
    Removing stm32g4xx_hal_pwr_ex.o(i.HAL_PWREx_EnterSHUTDOWNMode), (44 bytes).
    Removing stm32g4xx_hal_pwr_ex.o(i.HAL_PWREx_EnterSTOP0Mode), (60 bytes).
    Removing stm32g4xx_hal_pwr_ex.o(i.HAL_PWREx_EnterSTOP1Mode), (64 bytes).
    Removing stm32g4xx_hal_pwr_ex.o(i.HAL_PWREx_GetVoltageRange), (52 bytes).
    Removing stm32g4xx_hal_pwr_ex.o(i.HAL_PWREx_PVD_PVM_IRQHandler), (128 bytes).
    Removing stm32g4xx_hal_pwr_ex.o(i.HAL_PWREx_PVM1Callback), (2 bytes).
    Removing stm32g4xx_hal_pwr_ex.o(i.HAL_PWREx_PVM2Callback), (2 bytes).
    Removing stm32g4xx_hal_pwr_ex.o(i.HAL_PWREx_PVM3Callback), (2 bytes).
    Removing stm32g4xx_hal_pwr_ex.o(i.HAL_PWREx_PVM4Callback), (2 bytes).
    Removing stm32g4xx_hal_cortex.o(.rev16_text), (4 bytes).
    Removing stm32g4xx_hal_cortex.o(.revsh_text), (4 bytes).
    Removing stm32g4xx_hal_cortex.o(.rrx_text), (6 bytes).
    Removing stm32g4xx_hal_cortex.o(i.HAL_MPU_ConfigRegion), (92 bytes).
    Removing stm32g4xx_hal_cortex.o(i.HAL_MPU_Disable), (28 bytes).
    Removing stm32g4xx_hal_cortex.o(i.HAL_MPU_DisableRegion), (28 bytes).
    Removing stm32g4xx_hal_cortex.o(i.HAL_MPU_Enable), (48 bytes).
    Removing stm32g4xx_hal_cortex.o(i.HAL_MPU_EnableRegion), (28 bytes).
    Removing stm32g4xx_hal_cortex.o(i.HAL_NVIC_ClearPendingIRQ), (36 bytes).
    Removing stm32g4xx_hal_cortex.o(i.HAL_NVIC_DisableIRQ), (68 bytes).
    Removing stm32g4xx_hal_cortex.o(i.HAL_NVIC_GetActive), (48 bytes).
    Removing stm32g4xx_hal_cortex.o(i.HAL_NVIC_GetPendingIRQ), (48 bytes).
    Removing stm32g4xx_hal_cortex.o(i.HAL_NVIC_GetPriority), (148 bytes).
    Removing stm32g4xx_hal_cortex.o(i.HAL_NVIC_GetPriorityGrouping), (8 bytes).
    Removing stm32g4xx_hal_cortex.o(i.HAL_NVIC_SetPendingIRQ), (36 bytes).
    Removing stm32g4xx_hal_cortex.o(i.HAL_NVIC_SystemReset), (68 bytes).
    Removing stm32g4xx_hal_cortex.o(i.HAL_SYSTICK_Callback), (2 bytes).
    Removing stm32g4xx_hal_cortex.o(i.HAL_SYSTICK_IRQHandler), (8 bytes).
    Removing stm32g4xx_hal_iwdg.o(.rev16_text), (4 bytes).
    Removing stm32g4xx_hal_iwdg.o(.revsh_text), (4 bytes).
    Removing stm32g4xx_hal_iwdg.o(.rrx_text), (6 bytes).
    Removing stm32g4xx_hal_uart.o(.rev16_text), (4 bytes).
    Removing stm32g4xx_hal_uart.o(.revsh_text), (4 bytes).
    Removing stm32g4xx_hal_uart.o(.rrx_text), (6 bytes).
    Removing stm32g4xx_hal_uart.o(i.HAL_HalfDuplex_EnableReceiver), (102 bytes).
    Removing stm32g4xx_hal_uart.o(i.HAL_HalfDuplex_EnableTransmitter), (102 bytes).
    Removing stm32g4xx_hal_uart.o(i.HAL_HalfDuplex_Init), (124 bytes).
    Removing stm32g4xx_hal_uart.o(i.HAL_LIN_Init), (160 bytes).
    Removing stm32g4xx_hal_uart.o(i.HAL_LIN_SendBreak), (62 bytes).
    Removing stm32g4xx_hal_uart.o(i.HAL_MultiProcessor_DisableMuteMode), (72 bytes).
    Removing stm32g4xx_hal_uart.o(i.HAL_MultiProcessor_EnableMuteMode), (72 bytes).
    Removing stm32g4xx_hal_uart.o(i.HAL_MultiProcessor_EnterMuteMode), (14 bytes).
    Removing stm32g4xx_hal_uart.o(i.HAL_MultiProcessor_Init), (148 bytes).
    Removing stm32g4xx_hal_uart.o(i.HAL_UART_Abort), (336 bytes).
    Removing stm32g4xx_hal_uart.o(i.HAL_UART_AbortCpltCallback), (2 bytes).
    Removing stm32g4xx_hal_uart.o(i.HAL_UART_AbortReceive), (224 bytes).
    Removing stm32g4xx_hal_uart.o(i.HAL_UART_AbortReceiveCpltCallback), (2 bytes).
    Removing stm32g4xx_hal_uart.o(i.HAL_UART_AbortReceive_IT), (256 bytes).
    Removing stm32g4xx_hal_uart.o(i.HAL_UART_AbortTransmit), (176 bytes).
    Removing stm32g4xx_hal_uart.o(i.HAL_UART_AbortTransmitCpltCallback), (2 bytes).
    Removing stm32g4xx_hal_uart.o(i.HAL_UART_AbortTransmit_IT), (200 bytes).
    Removing stm32g4xx_hal_uart.o(i.HAL_UART_Abort_IT), (396 bytes).
    Removing stm32g4xx_hal_uart.o(i.HAL_UART_DMAPause), (164 bytes).
    Removing stm32g4xx_hal_uart.o(i.HAL_UART_DMAResume), (148 bytes).
    Removing stm32g4xx_hal_uart.o(i.HAL_UART_DMAStop), (190 bytes).
    Removing stm32g4xx_hal_uart.o(i.HAL_UART_DeInit), (76 bytes).
    Removing stm32g4xx_hal_uart.o(i.HAL_UART_DisableReceiverTimeout), (88 bytes).
    Removing stm32g4xx_hal_uart.o(i.HAL_UART_EnableReceiverTimeout), (88 bytes).
    Removing stm32g4xx_hal_uart.o(i.HAL_UART_GetError), (8 bytes).
    Removing stm32g4xx_hal_uart.o(i.HAL_UART_GetState), (16 bytes).
    Removing stm32g4xx_hal_uart.o(i.HAL_UART_MspDeInit), (2 bytes).
    Removing stm32g4xx_hal_uart.o(i.HAL_UART_MspInit), (2 bytes).
    Removing stm32g4xx_hal_uart.o(i.HAL_UART_Receive), (274 bytes).
    Removing stm32g4xx_hal_uart.o(i.HAL_UART_Receive_DMA), (92 bytes).
    Removing stm32g4xx_hal_uart.o(i.HAL_UART_Receive_IT), (92 bytes).
    Removing stm32g4xx_hal_uart.o(i.HAL_UART_ReceiverTimeout_Config), (28 bytes).
    Removing stm32g4xx_hal_uart.o(i.HAL_UART_RxCpltCallback), (2 bytes).
    Removing stm32g4xx_hal_uart.o(i.HAL_UART_RxHalfCpltCallback), (2 bytes).
    Removing stm32g4xx_hal_uart.o(i.HAL_UART_Transmit), (194 bytes).
    Removing stm32g4xx_hal_uart.o(i.HAL_UART_Transmit_IT), (172 bytes).
    Removing stm32g4xx_hal_uart.o(i.UART_DMAReceiveCplt), (180 bytes).
    Removing stm32g4xx_hal_uart.o(i.UART_DMARxAbortCallback), (82 bytes).
    Removing stm32g4xx_hal_uart.o(i.UART_DMARxHalfCplt), (38 bytes).
    Removing stm32g4xx_hal_uart.o(i.UART_DMARxOnlyAbortCallback), (48 bytes).
    Removing stm32g4xx_hal_uart.o(i.UART_DMATxAbortCallback), (92 bytes).
    Removing stm32g4xx_hal_uart.o(i.UART_DMATxOnlyAbortCallback), (46 bytes).
    Removing stm32g4xx_hal_uart.o(i.UART_RxISR_16BIT), (260 bytes).
    Removing stm32g4xx_hal_uart.o(i.UART_RxISR_16BIT_FIFOEN), (512 bytes).
    Removing stm32g4xx_hal_uart.o(i.UART_RxISR_8BIT), (260 bytes).
    Removing stm32g4xx_hal_uart.o(i.UART_RxISR_8BIT_FIFOEN), (508 bytes).
    Removing stm32g4xx_hal_uart.o(i.UART_Start_Receive_DMA), (200 bytes).
    Removing stm32g4xx_hal_uart.o(i.UART_Start_Receive_IT), (348 bytes).
    Removing stm32g4xx_hal_uart.o(i.UART_TxISR_16BIT), (98 bytes).
    Removing stm32g4xx_hal_uart.o(i.UART_TxISR_16BIT_FIFOEN), (130 bytes).
    Removing stm32g4xx_hal_uart.o(i.UART_TxISR_8BIT), (92 bytes).
    Removing stm32g4xx_hal_uart.o(i.UART_TxISR_8BIT_FIFOEN), (126 bytes).
    Removing stm32g4xx_hal_uart_ex.o(.rev16_text), (4 bytes).
    Removing stm32g4xx_hal_uart_ex.o(.revsh_text), (4 bytes).
    Removing stm32g4xx_hal_uart_ex.o(.rrx_text), (6 bytes).
    Removing stm32g4xx_hal_uart_ex.o(i.HAL_MultiProcessorEx_AddressLength_Set), (64 bytes).
    Removing stm32g4xx_hal_uart_ex.o(i.HAL_RS485Ex_Init), (152 bytes).
    Removing stm32g4xx_hal_uart_ex.o(i.HAL_UARTEx_DisableStopMode), (64 bytes).
    Removing stm32g4xx_hal_uart_ex.o(i.HAL_UARTEx_EnableFifoMode), (88 bytes).
    Removing stm32g4xx_hal_uart_ex.o(i.HAL_UARTEx_EnableStopMode), (64 bytes).
    Removing stm32g4xx_hal_uart_ex.o(i.HAL_UARTEx_GetRxEventType), (6 bytes).
    Removing stm32g4xx_hal_uart_ex.o(i.HAL_UARTEx_ReceiveToIdle), (362 bytes).
    Removing stm32g4xx_hal_uart_ex.o(i.HAL_UARTEx_ReceiveToIdle_DMA), (98 bytes).
    Removing stm32g4xx_hal_uart_ex.o(i.HAL_UARTEx_ReceiveToIdle_IT), (96 bytes).
    Removing stm32g4xx_hal_uart_ex.o(i.HAL_UARTEx_StopModeWakeUpSourceConfig), (144 bytes).
    Removing stm32g4xx_hal_uart_ex.o(i.UARTEx_Wakeup_AddressConfig), (38 bytes).
    Removing system_stm32g4xx.o(.rev16_text), (4 bytes).
    Removing system_stm32g4xx.o(.revsh_text), (4 bytes).
    Removing system_stm32g4xx.o(.rrx_text), (6 bytes).
    Removing system_stm32g4xx.o(i.SystemCoreClockUpdate), (156 bytes).

420 unused section(s) (total 32474 bytes) removed from the image.

==============================================================================

Image Symbol Table

    Local Symbols

    Symbol Name                              Value     Ov Type        Size  Object(Section)

    ../Core/Src/adc.c                        0x00000000   Number         0  adc.o ABSOLUTE
    ../Core/Src/dma.c                        0x00000000   Number         0  dma.o ABSOLUTE
    ../Core/Src/gpio.c                       0x00000000   Number         0  gpio.o ABSOLUTE
    ../Core/Src/iwdg.c                       0x00000000   Number         0  iwdg.o ABSOLUTE
    ../Core/Src/main.c                       0x00000000   Number         0  main.o ABSOLUTE
    ../Core/Src/stm32g4xx_hal_msp.c          0x00000000   Number         0  stm32g4xx_hal_msp.o ABSOLUTE
    ../Core/Src/stm32g4xx_it.c               0x00000000   Number         0  stm32g4xx_it.o ABSOLUTE
    ../Core/Src/system_stm32g4xx.c           0x00000000   Number         0  system_stm32g4xx.o ABSOLUTE
    ../Core/Src/usart.c                      0x00000000   Number         0  usart.o ABSOLUTE
    ../Drivers/STM32G4xx_HAL_Driver/Src/stm32g4xx_hal.c 0x00000000   Number         0  stm32g4xx_hal.o ABSOLUTE
    ../Drivers/STM32G4xx_HAL_Driver/Src/stm32g4xx_hal_adc.c 0x00000000   Number         0  stm32g4xx_hal_adc.o ABSOLUTE
    ../Drivers/STM32G4xx_HAL_Driver/Src/stm32g4xx_hal_adc_ex.c 0x00000000   Number         0  stm32g4xx_hal_adc_ex.o ABSOLUTE
    ../Drivers/STM32G4xx_HAL_Driver/Src/stm32g4xx_hal_cortex.c 0x00000000   Number         0  stm32g4xx_hal_cortex.o ABSOLUTE
    ../Drivers/STM32G4xx_HAL_Driver/Src/stm32g4xx_hal_dma.c 0x00000000   Number         0  stm32g4xx_hal_dma.o ABSOLUTE
    ../Drivers/STM32G4xx_HAL_Driver/Src/stm32g4xx_hal_dma_ex.c 0x00000000   Number         0  stm32g4xx_hal_dma_ex.o ABSOLUTE
    ../Drivers/STM32G4xx_HAL_Driver/Src/stm32g4xx_hal_exti.c 0x00000000   Number         0  stm32g4xx_hal_exti.o ABSOLUTE
    ../Drivers/STM32G4xx_HAL_Driver/Src/stm32g4xx_hal_flash.c 0x00000000   Number         0  stm32g4xx_hal_flash.o ABSOLUTE
    ../Drivers/STM32G4xx_HAL_Driver/Src/stm32g4xx_hal_flash_ex.c 0x00000000   Number         0  stm32g4xx_hal_flash_ex.o ABSOLUTE
    ../Drivers/STM32G4xx_HAL_Driver/Src/stm32g4xx_hal_flash_ramfunc.c 0x00000000   Number         0  stm32g4xx_hal_flash_ramfunc.o ABSOLUTE
    ../Drivers/STM32G4xx_HAL_Driver/Src/stm32g4xx_hal_gpio.c 0x00000000   Number         0  stm32g4xx_hal_gpio.o ABSOLUTE
    ../Drivers/STM32G4xx_HAL_Driver/Src/stm32g4xx_hal_iwdg.c 0x00000000   Number         0  stm32g4xx_hal_iwdg.o ABSOLUTE
    ../Drivers/STM32G4xx_HAL_Driver/Src/stm32g4xx_hal_pwr.c 0x00000000   Number         0  stm32g4xx_hal_pwr.o ABSOLUTE
    ../Drivers/STM32G4xx_HAL_Driver/Src/stm32g4xx_hal_pwr_ex.c 0x00000000   Number         0  stm32g4xx_hal_pwr_ex.o ABSOLUTE
    ../Drivers/STM32G4xx_HAL_Driver/Src/stm32g4xx_hal_rcc.c 0x00000000   Number         0  stm32g4xx_hal_rcc.o ABSOLUTE
    ../Drivers/STM32G4xx_HAL_Driver/Src/stm32g4xx_hal_rcc_ex.c 0x00000000   Number         0  stm32g4xx_hal_rcc_ex.o ABSOLUTE
    ../Drivers/STM32G4xx_HAL_Driver/Src/stm32g4xx_hal_uart.c 0x00000000   Number         0  stm32g4xx_hal_uart.o ABSOLUTE
    ../Drivers/STM32G4xx_HAL_Driver/Src/stm32g4xx_hal_uart_ex.c 0x00000000   Number         0  stm32g4xx_hal_uart_ex.o ABSOLUTE
    ../Drivers/STM32G4xx_HAL_Driver/Src/stm32g4xx_ll_adc.c 0x00000000   Number         0  stm32g4xx_ll_adc.o ABSOLUTE
    ../clib/microlib/division.c              0x00000000   Number         0  uldiv.o ABSOLUTE
    ../clib/microlib/init/entry.s            0x00000000   Number         0  entry9b.o ABSOLUTE
    ../clib/microlib/init/entry.s            0x00000000   Number         0  entry9a.o ABSOLUTE
    ../clib/microlib/init/entry.s            0x00000000   Number         0  entry8b.o ABSOLUTE
    ../clib/microlib/init/entry.s            0x00000000   Number         0  entry8a.o ABSOLUTE
    ../clib/microlib/init/entry.s            0x00000000   Number         0  entry7b.o ABSOLUTE
    ../clib/microlib/init/entry.s            0x00000000   Number         0  entry7a.o ABSOLUTE
    ../clib/microlib/init/entry.s            0x00000000   Number         0  entry2.o ABSOLUTE
    ../clib/microlib/init/entry.s            0x00000000   Number         0  entry.o ABSOLUTE
    ../clib/microlib/init/entry.s            0x00000000   Number         0  entry5.o ABSOLUTE
    ../clib/microlib/init/entry.s            0x00000000   Number         0  entry10a.o ABSOLUTE
    ../clib/microlib/init/entry.s            0x00000000   Number         0  entry11b.o ABSOLUTE
    ../clib/microlib/init/entry.s            0x00000000   Number         0  entry11a.o ABSOLUTE
    ../clib/microlib/init/entry.s            0x00000000   Number         0  entry10b.o ABSOLUTE
    ../clib/microlib/longlong.c              0x00000000   Number         0  llushr.o ABSOLUTE
    ../clib/microlib/longlong.c              0x00000000   Number         0  llshl.o ABSOLUTE
    ../clib/microlib/string/memcpy.c         0x00000000   Number         0  memcpya.o ABSOLUTE
    ../clib/microlib/string/memcpy.c         0x00000000   Number         0  memcpyb.o ABSOLUTE
    ../clib/microlib/string/memset.c         0x00000000   Number         0  memseta.o ABSOLUTE
    ..\Core\Src\adc.c                        0x00000000   Number         0  adc.o ABSOLUTE
    ..\Core\Src\adc_app.c                    0x00000000   Number         0  adc_app.o ABSOLUTE
    ..\Core\Src\dma.c                        0x00000000   Number         0  dma.o ABSOLUTE
    ..\Core\Src\gpio.c                       0x00000000   Number         0  gpio.o ABSOLUTE
    ..\Core\Src\iwdg.c                       0x00000000   Number         0  iwdg.o ABSOLUTE
    ..\Core\Src\main.c                       0x00000000   Number         0  main.o ABSOLUTE
    ..\Core\Src\stm32g4xx_hal_msp.c          0x00000000   Number         0  stm32g4xx_hal_msp.o ABSOLUTE
    ..\Core\Src\stm32g4xx_it.c               0x00000000   Number         0  stm32g4xx_it.o ABSOLUTE
    ..\Core\Src\switch_hal.c                 0x00000000   Number         0  switch_hal.o ABSOLUTE
    ..\Core\Src\sys.c                        0x00000000   Number         0  sys.o ABSOLUTE
    ..\Core\Src\system_stm32g4xx.c           0x00000000   Number         0  system_stm32g4xx.o ABSOLUTE
    ..\Core\Src\usart.c                      0x00000000   Number         0  usart.o ABSOLUTE
    ..\Drivers\STM32G4xx_HAL_Driver\Src\stm32g4xx_hal.c 0x00000000   Number         0  stm32g4xx_hal.o ABSOLUTE
    ..\Drivers\STM32G4xx_HAL_Driver\Src\stm32g4xx_hal_adc.c 0x00000000   Number         0  stm32g4xx_hal_adc.o ABSOLUTE
    ..\Drivers\STM32G4xx_HAL_Driver\Src\stm32g4xx_hal_adc_ex.c 0x00000000   Number         0  stm32g4xx_hal_adc_ex.o ABSOLUTE
    ..\Drivers\STM32G4xx_HAL_Driver\Src\stm32g4xx_hal_cortex.c 0x00000000   Number         0  stm32g4xx_hal_cortex.o ABSOLUTE
    ..\Drivers\STM32G4xx_HAL_Driver\Src\stm32g4xx_hal_dma.c 0x00000000   Number         0  stm32g4xx_hal_dma.o ABSOLUTE
    ..\Drivers\STM32G4xx_HAL_Driver\Src\stm32g4xx_hal_dma_ex.c 0x00000000   Number         0  stm32g4xx_hal_dma_ex.o ABSOLUTE
    ..\Drivers\STM32G4xx_HAL_Driver\Src\stm32g4xx_hal_exti.c 0x00000000   Number         0  stm32g4xx_hal_exti.o ABSOLUTE
    ..\Drivers\STM32G4xx_HAL_Driver\Src\stm32g4xx_hal_flash.c 0x00000000   Number         0  stm32g4xx_hal_flash.o ABSOLUTE
    ..\Drivers\STM32G4xx_HAL_Driver\Src\stm32g4xx_hal_flash_ex.c 0x00000000   Number         0  stm32g4xx_hal_flash_ex.o ABSOLUTE
    ..\Drivers\STM32G4xx_HAL_Driver\Src\stm32g4xx_hal_flash_ramfunc.c 0x00000000   Number         0  stm32g4xx_hal_flash_ramfunc.o ABSOLUTE
    ..\Drivers\STM32G4xx_HAL_Driver\Src\stm32g4xx_hal_gpio.c 0x00000000   Number         0  stm32g4xx_hal_gpio.o ABSOLUTE
    ..\Drivers\STM32G4xx_HAL_Driver\Src\stm32g4xx_hal_iwdg.c 0x00000000   Number         0  stm32g4xx_hal_iwdg.o ABSOLUTE
    ..\Drivers\STM32G4xx_HAL_Driver\Src\stm32g4xx_hal_pwr.c 0x00000000   Number         0  stm32g4xx_hal_pwr.o ABSOLUTE
    ..\Drivers\STM32G4xx_HAL_Driver\Src\stm32g4xx_hal_pwr_ex.c 0x00000000   Number         0  stm32g4xx_hal_pwr_ex.o ABSOLUTE
    ..\Drivers\STM32G4xx_HAL_Driver\Src\stm32g4xx_hal_rcc.c 0x00000000   Number         0  stm32g4xx_hal_rcc.o ABSOLUTE
    ..\Drivers\STM32G4xx_HAL_Driver\Src\stm32g4xx_hal_rcc_ex.c 0x00000000   Number         0  stm32g4xx_hal_rcc_ex.o ABSOLUTE
    ..\Drivers\STM32G4xx_HAL_Driver\Src\stm32g4xx_hal_uart.c 0x00000000   Number         0  stm32g4xx_hal_uart.o ABSOLUTE
    ..\Drivers\STM32G4xx_HAL_Driver\Src\stm32g4xx_hal_uart_ex.c 0x00000000   Number         0  stm32g4xx_hal_uart_ex.o ABSOLUTE
    ..\\Core\\Src\\adc_app.c                 0x00000000   Number         0  adc_app.o ABSOLUTE
    ..\\Core\\Src\\switch_hal.c              0x00000000   Number         0  switch_hal.o ABSOLUTE
    ..\\Core\\Src\\sys.c                     0x00000000   Number         0  sys.o ABSOLUTE
    dc.s                                     0x00000000   Number         0  dc.o ABSOLUTE
    handlers.s                               0x00000000   Number         0  handlers.o ABSOLUTE
    init.s                                   0x00000000   Number         0  init.o ABSOLUTE
    startup_stm32g431xx.s                    0x00000000   Number         0  startup_stm32g431xx.o ABSOLUTE
    RESET                                    0x08000000   Section      472  startup_stm32g431xx.o(RESET)
    .ARM.Collect$$$$00000000                 0x080001d8   Section        0  entry.o(.ARM.Collect$$$$00000000)
    .ARM.Collect$$$$00000001                 0x080001d8   Section        4  entry2.o(.ARM.Collect$$$$00000001)
    .ARM.Collect$$$$00000004                 0x080001dc   Section        4  entry5.o(.ARM.Collect$$$$00000004)
    .ARM.Collect$$$$00000008                 0x080001e0   Section        0  entry7b.o(.ARM.Collect$$$$00000008)
    .ARM.Collect$$$$0000000A                 0x080001e0   Section        0  entry8b.o(.ARM.Collect$$$$0000000A)
    .ARM.Collect$$$$0000000B                 0x080001e0   Section        8  entry9a.o(.ARM.Collect$$$$0000000B)
    .ARM.Collect$$$$0000000D                 0x080001e8   Section        0  entry10a.o(.ARM.Collect$$$$0000000D)
    .ARM.Collect$$$$0000000F                 0x080001e8   Section        0  entry11a.o(.ARM.Collect$$$$0000000F)
    .ARM.Collect$$$$00002712                 0x080001e8   Section        4  entry2.o(.ARM.Collect$$$$00002712)
    __lit__00000000                          0x080001e8   Data           4  entry2.o(.ARM.Collect$$$$00002712)
    .text                                    0x080001ec   Section       36  startup_stm32g431xx.o(.text)
    $v0                                      0x080001ec   Number         0  startup_stm32g431xx.o(.text)
    .text                                    0x08000210   Section        0  uldiv.o(.text)
    .text                                    0x08000272   Section        0  memcpya.o(.text)
    .text                                    0x08000296   Section        0  memseta.o(.text)
    .text                                    0x080002ba   Section        0  llshl.o(.text)
    .text                                    0x080002d8   Section        0  llushr.o(.text)
    .text                                    0x080002f8   Section       36  init.o(.text)
    i.BusFault_Handler                       0x0800031c   Section        0  stm32g4xx_it.o(i.BusFault_Handler)
    i.DMA1_Channel1_IRQHandler               0x08000320   Section        0  stm32g4xx_it.o(i.DMA1_Channel1_IRQHandler)
    i.DMA1_Channel2_IRQHandler               0x08000330   Section        0  stm32g4xx_it.o(i.DMA1_Channel2_IRQHandler)
    i.DMA1_Channel3_IRQHandler               0x08000340   Section        0  stm32g4xx_it.o(i.DMA1_Channel3_IRQHandler)
    i.DMA1_Channel4_IRQHandler               0x08000350   Section        0  stm32g4xx_it.o(i.DMA1_Channel4_IRQHandler)
    i.DMA_CalcDMAMUXChannelBaseAndMask       0x08000360   Section        0  stm32g4xx_hal_dma.o(i.DMA_CalcDMAMUXChannelBaseAndMask)
    DMA_CalcDMAMUXChannelBaseAndMask         0x08000361   Thumb Code    58  stm32g4xx_hal_dma.o(i.DMA_CalcDMAMUXChannelBaseAndMask)
    i.DMA_CalcDMAMUXRequestGenBaseAndMask    0x080003a4   Section        0  stm32g4xx_hal_dma.o(i.DMA_CalcDMAMUXRequestGenBaseAndMask)
    DMA_CalcDMAMUXRequestGenBaseAndMask      0x080003a5   Thumb Code    32  stm32g4xx_hal_dma.o(i.DMA_CalcDMAMUXRequestGenBaseAndMask)
    i.DMA_SetConfig                          0x080003c8   Section        0  stm32g4xx_hal_dma.o(i.DMA_SetConfig)
    DMA_SetConfig                            0x080003c9   Thumb Code    64  stm32g4xx_hal_dma.o(i.DMA_SetConfig)
    i.DebugMon_Handler                       0x08000408   Section        0  stm32g4xx_it.o(i.DebugMon_Handler)
    i.Error_Handler                          0x0800040a   Section        0  main.o(i.Error_Handler)
    i.HAL_ADCEx_MultiModeConfigChannel       0x08000410   Section        0  stm32g4xx_hal_adc_ex.o(i.HAL_ADCEx_MultiModeConfigChannel)
    i.HAL_ADC_ConfigChannel                  0x0800051c   Section        0  stm32g4xx_hal_adc.o(i.HAL_ADC_ConfigChannel)
    i.HAL_ADC_Init                           0x08000a24   Section        0  stm32g4xx_hal_adc.o(i.HAL_ADC_Init)
    i.HAL_ADC_MspInit                        0x08000c80   Section        0  adc.o(i.HAL_ADC_MspInit)
    i.HAL_DMA_Abort                          0x08000d4c   Section        0  stm32g4xx_hal_dma.o(i.HAL_DMA_Abort)
    i.HAL_DMA_Abort_IT                       0x08000dc2   Section        0  stm32g4xx_hal_dma.o(i.HAL_DMA_Abort_IT)
    i.HAL_DMA_IRQHandler                     0x08000e56   Section        0  stm32g4xx_hal_dma.o(i.HAL_DMA_IRQHandler)
    i.HAL_DMA_Init                           0x08000f54   Section        0  stm32g4xx_hal_dma.o(i.HAL_DMA_Init)
    i.HAL_DMA_Start_IT                       0x08001024   Section        0  stm32g4xx_hal_dma.o(i.HAL_DMA_Start_IT)
    i.HAL_GPIO_Init                          0x080010e8   Section        0  stm32g4xx_hal_gpio.o(i.HAL_GPIO_Init)
    i.HAL_GPIO_WritePin                      0x080012b4   Section        0  stm32g4xx_hal_gpio.o(i.HAL_GPIO_WritePin)
    i.HAL_GetTick                            0x080012c0   Section        0  stm32g4xx_hal.o(i.HAL_GetTick)
    i.HAL_IWDG_Init                          0x080012cc   Section        0  stm32g4xx_hal_iwdg.o(i.HAL_IWDG_Init)
    i.HAL_IWDG_Refresh                       0x0800133c   Section        0  stm32g4xx_hal_iwdg.o(i.HAL_IWDG_Refresh)
    i.HAL_IncTick                            0x0800134c   Section        0  stm32g4xx_hal.o(i.HAL_IncTick)
    i.HAL_Init                               0x08001364   Section        0  stm32g4xx_hal.o(i.HAL_Init)
    i.HAL_InitTick                           0x08001384   Section        0  stm32g4xx_hal.o(i.HAL_InitTick)
    i.HAL_MspInit                            0x080013dc   Section        0  stm32g4xx_hal_msp.o(i.HAL_MspInit)
    i.HAL_NVIC_EnableIRQ                     0x08001420   Section        0  stm32g4xx_hal_cortex.o(i.HAL_NVIC_EnableIRQ)
    i.HAL_NVIC_SetPriority                   0x08001448   Section        0  stm32g4xx_hal_cortex.o(i.HAL_NVIC_SetPriority)
    i.HAL_NVIC_SetPriorityGrouping           0x080014c4   Section        0  stm32g4xx_hal_cortex.o(i.HAL_NVIC_SetPriorityGrouping)
    i.HAL_PWREx_ControlVoltageScaling        0x080014ec   Section        0  stm32g4xx_hal_pwr_ex.o(i.HAL_PWREx_ControlVoltageScaling)
    i.HAL_PWREx_DisableUCPDDeadBattery       0x08001604   Section        0  stm32g4xx_hal_pwr_ex.o(i.HAL_PWREx_DisableUCPDDeadBattery)
    i.HAL_RCCEx_PeriphCLKConfig              0x08001618   Section        0  stm32g4xx_hal_rcc_ex.o(i.HAL_RCCEx_PeriphCLKConfig)
    i.HAL_RCC_ClockConfig                    0x08001988   Section        0  stm32g4xx_hal_rcc.o(i.HAL_RCC_ClockConfig)
    i.HAL_RCC_GetHCLKFreq                    0x08001bac   Section        0  stm32g4xx_hal_rcc.o(i.HAL_RCC_GetHCLKFreq)
    i.HAL_RCC_GetPCLK1Freq                   0x08001bb8   Section        0  stm32g4xx_hal_rcc.o(i.HAL_RCC_GetPCLK1Freq)
    i.HAL_RCC_GetPCLK2Freq                   0x08001bdc   Section        0  stm32g4xx_hal_rcc.o(i.HAL_RCC_GetPCLK2Freq)
    i.HAL_RCC_GetSysClockFreq                0x08001c00   Section        0  stm32g4xx_hal_rcc.o(i.HAL_RCC_GetSysClockFreq)
    i.HAL_RCC_OscConfig                      0x08001c98   Section        0  stm32g4xx_hal_rcc.o(i.HAL_RCC_OscConfig)
    i.HAL_SYSTICK_CLKSourceConfig            0x080021f4   Section        0  stm32g4xx_hal_cortex.o(i.HAL_SYSTICK_CLKSourceConfig)
    i.HAL_SYSTICK_Config                     0x0800221c   Section        0  stm32g4xx_hal_cortex.o(i.HAL_SYSTICK_Config)
    i.HAL_UARTEx_DisableFifoMode             0x08002250   Section        0  stm32g4xx_hal_uart_ex.o(i.HAL_UARTEx_DisableFifoMode)
    i.HAL_UARTEx_RxEventCallback             0x0800229e   Section        0  stm32g4xx_hal_uart.o(i.HAL_UARTEx_RxEventCallback)
    i.HAL_UARTEx_RxFifoFullCallback          0x080022a0   Section        0  stm32g4xx_hal_uart_ex.o(i.HAL_UARTEx_RxFifoFullCallback)
    i.HAL_UARTEx_SetRxFifoThreshold          0x080022a2   Section        0  stm32g4xx_hal_uart_ex.o(i.HAL_UARTEx_SetRxFifoThreshold)
    i.HAL_UARTEx_SetTxFifoThreshold          0x08002300   Section        0  stm32g4xx_hal_uart_ex.o(i.HAL_UARTEx_SetTxFifoThreshold)
    i.HAL_UARTEx_TxFifoEmptyCallback         0x0800235e   Section        0  stm32g4xx_hal_uart_ex.o(i.HAL_UARTEx_TxFifoEmptyCallback)
    i.HAL_UARTEx_WakeupCallback              0x08002360   Section        0  stm32g4xx_hal_uart_ex.o(i.HAL_UARTEx_WakeupCallback)
    i.HAL_UART_ErrorCallback                 0x08002362   Section        0  stm32g4xx_hal_uart.o(i.HAL_UART_ErrorCallback)
    i.HAL_UART_IRQHandler                    0x08002364   Section        0  stm32g4xx_hal_uart.o(i.HAL_UART_IRQHandler)
    i.HAL_UART_Init                          0x08002734   Section        0  stm32g4xx_hal_uart.o(i.HAL_UART_Init)
    i.HAL_UART_MspInit                       0x080027ac   Section        0  usart.o(i.HAL_UART_MspInit)
    i.HAL_UART_Transmit_DMA                  0x08002990   Section        0  stm32g4xx_hal_uart.o(i.HAL_UART_Transmit_DMA)
    i.HAL_UART_TxCpltCallback                0x08002a30   Section        0  stm32g4xx_hal_uart.o(i.HAL_UART_TxCpltCallback)
    i.HAL_UART_TxHalfCpltCallback            0x08002a32   Section        0  stm32g4xx_hal_uart.o(i.HAL_UART_TxHalfCpltCallback)
    i.HardFault_Handler                      0x08002a34   Section        0  stm32g4xx_it.o(i.HardFault_Handler)
    i.LL_ADC_GetOffsetChannel                0x08002a38   Section        0  stm32g4xx_hal_adc.o(i.LL_ADC_GetOffsetChannel)
    LL_ADC_GetOffsetChannel                  0x08002a39   Thumb Code    18  stm32g4xx_hal_adc.o(i.LL_ADC_GetOffsetChannel)
    i.LL_ADC_INJ_IsConversionOngoing         0x08002a4a   Section        0  stm32g4xx_hal_adc.o(i.LL_ADC_INJ_IsConversionOngoing)
    LL_ADC_INJ_IsConversionOngoing           0x08002a4b   Thumb Code    10  stm32g4xx_hal_adc.o(i.LL_ADC_INJ_IsConversionOngoing)
    i.LL_ADC_IsEnabled                       0x08002a54   Section        0  stm32g4xx_hal_adc.o(i.LL_ADC_IsEnabled)
    LL_ADC_IsEnabled                         0x08002a55   Thumb Code    10  stm32g4xx_hal_adc.o(i.LL_ADC_IsEnabled)
    i.LL_ADC_IsEnabled                       0x08002a5e   Section        0  stm32g4xx_hal_adc_ex.o(i.LL_ADC_IsEnabled)
    LL_ADC_IsEnabled                         0x08002a5f   Thumb Code    10  stm32g4xx_hal_adc_ex.o(i.LL_ADC_IsEnabled)
    i.LL_ADC_IsInternalRegulatorEnabled      0x08002a68   Section        0  stm32g4xx_hal_adc.o(i.LL_ADC_IsInternalRegulatorEnabled)
    LL_ADC_IsInternalRegulatorEnabled        0x08002a69   Thumb Code    10  stm32g4xx_hal_adc.o(i.LL_ADC_IsInternalRegulatorEnabled)
    i.LL_ADC_REG_IsConversionOngoing         0x08002a72   Section        0  stm32g4xx_hal_adc.o(i.LL_ADC_REG_IsConversionOngoing)
    LL_ADC_REG_IsConversionOngoing           0x08002a73   Thumb Code    10  stm32g4xx_hal_adc.o(i.LL_ADC_REG_IsConversionOngoing)
    i.LL_ADC_REG_IsConversionOngoing         0x08002a7c   Section        0  stm32g4xx_hal_adc_ex.o(i.LL_ADC_REG_IsConversionOngoing)
    LL_ADC_REG_IsConversionOngoing           0x08002a7d   Thumb Code    10  stm32g4xx_hal_adc_ex.o(i.LL_ADC_REG_IsConversionOngoing)
    i.LL_ADC_SetChannelSamplingTime          0x08002a86   Section        0  stm32g4xx_hal_adc.o(i.LL_ADC_SetChannelSamplingTime)
    LL_ADC_SetChannelSamplingTime            0x08002a87   Thumb Code    40  stm32g4xx_hal_adc.o(i.LL_ADC_SetChannelSamplingTime)
    i.LL_ADC_SetCommonPathInternalCh         0x08002aae   Section        0  stm32g4xx_hal_adc.o(i.LL_ADC_SetCommonPathInternalCh)
    LL_ADC_SetCommonPathInternalCh           0x08002aaf   Thumb Code    12  stm32g4xx_hal_adc.o(i.LL_ADC_SetCommonPathInternalCh)
    i.LL_ADC_SetOffsetState                  0x08002aba   Section        0  stm32g4xx_hal_adc.o(i.LL_ADC_SetOffsetState)
    LL_ADC_SetOffsetState                    0x08002abb   Thumb Code    22  stm32g4xx_hal_adc.o(i.LL_ADC_SetOffsetState)
    i.LL_ADC_SetSamplingTimeCommonConfig     0x08002ad0   Section        0  stm32g4xx_hal_adc.o(i.LL_ADC_SetSamplingTimeCommonConfig)
    LL_ADC_SetSamplingTimeCommonConfig       0x08002ad1   Thumb Code    12  stm32g4xx_hal_adc.o(i.LL_ADC_SetSamplingTimeCommonConfig)
    i.MX_ADC1_Init                           0x08002adc   Section        0  adc.o(i.MX_ADC1_Init)
    i.MX_DMA_Init                            0x08002b80   Section        0  dma.o(i.MX_DMA_Init)
    i.MX_GPIO_Init                           0x08002c00   Section        0  gpio.o(i.MX_GPIO_Init)
    i.MX_IWDG_Init                           0x08002d6c   Section        0  iwdg.o(i.MX_IWDG_Init)
    i.MX_USART1_UART_Init                    0x08002d98   Section        0  usart.o(i.MX_USART1_UART_Init)
    i.MX_USART2_UART_Init                    0x08002e04   Section        0  usart.o(i.MX_USART2_UART_Init)
    i.MemManage_Handler                      0x08002e70   Section        0  stm32g4xx_it.o(i.MemManage_Handler)
    i.NMI_Handler                            0x08002e74   Section        0  stm32g4xx_it.o(i.NMI_Handler)
    i.PendSV_Handler                         0x08002e78   Section        0  stm32g4xx_it.o(i.PendSV_Handler)
    i.RCC_GetSysClockFreqFromPLLSource       0x08002e7c   Section        0  stm32g4xx_hal_rcc.o(i.RCC_GetSysClockFreqFromPLLSource)
    RCC_GetSysClockFreqFromPLLSource         0x08002e7d   Thumb Code    90  stm32g4xx_hal_rcc.o(i.RCC_GetSysClockFreqFromPLLSource)
    i.SVC_Handler                            0x08002ee4   Section        0  stm32g4xx_it.o(i.SVC_Handler)
    i.SysTick_Handler                        0x08002ee6   Section        0  stm32g4xx_it.o(i.SysTick_Handler)
    i.SystemClock_Config                     0x08002eee   Section        0  main.o(i.SystemClock_Config)
    i.SystemInit                             0x08002f5c   Section        0  system_stm32g4xx.o(i.SystemInit)
    i.UARTEx_SetNbDataToProcess              0x08002f70   Section        0  stm32g4xx_hal_uart_ex.o(i.UARTEx_SetNbDataToProcess)
    UARTEx_SetNbDataToProcess                0x08002f71   Thumb Code    78  stm32g4xx_hal_uart_ex.o(i.UARTEx_SetNbDataToProcess)
    i.UART_AdvFeatureConfig                  0x08002fc8   Section        0  stm32g4xx_hal_uart.o(i.UART_AdvFeatureConfig)
    i.UART_CheckIdleState                    0x080030c0   Section        0  stm32g4xx_hal_uart.o(i.UART_CheckIdleState)
    i.UART_DMAAbortOnError                   0x080031aa   Section        0  stm32g4xx_hal_uart.o(i.UART_DMAAbortOnError)
    UART_DMAAbortOnError                     0x080031ab   Thumb Code    20  stm32g4xx_hal_uart.o(i.UART_DMAAbortOnError)
    i.UART_DMAError                          0x080031be   Section        0  stm32g4xx_hal_uart.o(i.UART_DMAError)
    UART_DMAError                            0x080031bf   Thumb Code    94  stm32g4xx_hal_uart.o(i.UART_DMAError)
    i.UART_DMATransmitCplt                   0x0800321c   Section        0  stm32g4xx_hal_uart.o(i.UART_DMATransmitCplt)
    UART_DMATransmitCplt                     0x0800321d   Thumb Code    86  stm32g4xx_hal_uart.o(i.UART_DMATransmitCplt)
    i.UART_DMATxHalfCplt                     0x08003272   Section        0  stm32g4xx_hal_uart.o(i.UART_DMATxHalfCplt)
    UART_DMATxHalfCplt                       0x08003273   Thumb Code    14  stm32g4xx_hal_uart.o(i.UART_DMATxHalfCplt)
    i.UART_EndRxTransfer                     0x08003280   Section        0  stm32g4xx_hal_uart.o(i.UART_EndRxTransfer)
    UART_EndRxTransfer                       0x08003281   Thumb Code   104  stm32g4xx_hal_uart.o(i.UART_EndRxTransfer)
    i.UART_EndTransmit_IT                    0x080032ec   Section        0  stm32g4xx_hal_uart.o(i.UART_EndTransmit_IT)
    UART_EndTransmit_IT                      0x080032ed   Thumb Code    48  stm32g4xx_hal_uart.o(i.UART_EndTransmit_IT)
    i.UART_EndTxTransfer                     0x0800331c   Section        0  stm32g4xx_hal_uart.o(i.UART_EndTxTransfer)
    UART_EndTxTransfer                       0x0800331d   Thumb Code    64  stm32g4xx_hal_uart.o(i.UART_EndTxTransfer)
    i.UART_SetConfig                         0x0800335c   Section        0  stm32g4xx_hal_uart.o(i.UART_SetConfig)
    i.UART_WaitOnFlagUntilTimeout            0x080036e0   Section        0  stm32g4xx_hal_uart.o(i.UART_WaitOnFlagUntilTimeout)
    i.USART1_IRQHandler                      0x0800378c   Section        0  stm32g4xx_it.o(i.USART1_IRQHandler)
    i.USART2_IRQHandler                      0x0800379c   Section        0  stm32g4xx_it.o(i.USART2_IRQHandler)
    i.UsageFault_Handler                     0x080037ac   Section        0  stm32g4xx_it.o(i.UsageFault_Handler)
    i.__NVIC_GetPriorityGrouping             0x080037b0   Section        0  stm32g4xx_hal_cortex.o(i.__NVIC_GetPriorityGrouping)
    __NVIC_GetPriorityGrouping               0x080037b1   Thumb Code    10  stm32g4xx_hal_cortex.o(i.__NVIC_GetPriorityGrouping)
    i.__NVIC_SetPriority                     0x080037c0   Section        0  stm32g4xx_hal_cortex.o(i.__NVIC_SetPriority)
    __NVIC_SetPriority                       0x080037c1   Thumb Code    32  stm32g4xx_hal_cortex.o(i.__NVIC_SetPriority)
    i.__scatterload_copy                     0x080037e8   Section       14  handlers.o(i.__scatterload_copy)
    i.__scatterload_null                     0x080037f6   Section        2  handlers.o(i.__scatterload_null)
    i.__scatterload_zeroinit                 0x080037f8   Section       14  handlers.o(i.__scatterload_zeroinit)
    i.adc_data_handler_with_idx              0x08003808   Section        0  adc_app.o(i.adc_data_handler_with_idx)
    i.delay_init                             0x08003844   Section        0  sys.o(i.delay_init)
    i.delay_us                               0x08003858   Section        0  sys.o(i.delay_us)
    i.disable_adc_ch                         0x080038a4   Section        0  switch_hal.o(i.disable_adc_ch)
    i.fill_tx_data                           0x080038cc   Section        0  adc_app.o(i.fill_tx_data)
    i.main                                   0x080038ec   Section        0  main.o(i.main)
    i.main_adc_task                          0x08003924   Section        0  adc_app.o(i.main_adc_task)
    i.set_adc_ch                             0x08003978   Section        0  switch_hal.o(i.set_adc_ch)
    i.set_channel_pin                        0x080039e0   Section        0  adc_app.o(i.set_channel_pin)
    i.uart_send                              0x08003a04   Section        0  adc_app.o(i.uart_send)
    .constdata                               0x08003a30   Section      512  adc_app.o(.constdata)
    .constdata                               0x08003c30   Section       24  stm32g4xx_hal_uart.o(.constdata)
    .constdata                               0x08003c48   Section       16  stm32g4xx_hal_uart_ex.o(.constdata)
    numerator                                0x08003c48   Data           8  stm32g4xx_hal_uart_ex.o(.constdata)
    denominator                              0x08003c50   Data           8  stm32g4xx_hal_uart_ex.o(.constdata)
    .constdata                               0x08003c58   Section       24  system_stm32g4xx.o(.constdata)
    .data                                    0x20000000   Section        4  sys.o(.data)
    fac_us                                   0x20000000   Data           4  sys.o(.data)
    .data                                    0x20000004   Section       12  stm32g4xx_hal.o(.data)
    .data                                    0x20000010   Section        4  system_stm32g4xx.o(.data)
    .bss                                     0x20000014   Section     2152  adc_app.o(.bss)
    .bss                                     0x2000087c   Section      204  adc.o(.bss)
    .bss                                     0x20000948   Section       16  iwdg.o(.bss)
    .bss                                     0x20000958   Section      584  usart.o(.bss)
    STACK                                    0x20000ba0   Section     1024  startup_stm32g431xx.o(STACK)

    Global Symbols

    Symbol Name                              Value     Ov Type        Size  Object(Section)

    BuildAttributes$$THM_ISAv4$E$P$D$K$B$S$7EM$VFPi3$EXTD16$VFPS$VFMA$PE$A:L22UL41UL21$X:L11$S22US41US21$IEEE1$IW$USESV6$~STKCKD$USESV7$~SHL$OSPACE$EBA8$MICROLIB$REQ8$PRES8$EABIv2 0x00000000   Number         0  anon$$obj.o ABSOLUTE
    __ARM_use_no_argv                        0x00000000   Number         0  main.o ABSOLUTE
    __cpp_initialize__aeabi_                  - Undefined Weak Reference
    __cxa_finalize                            - Undefined Weak Reference
    __decompress                              - Undefined Weak Reference
    _clock_init                               - Undefined Weak Reference
    _microlib_exit                            - Undefined Weak Reference
    __Vectors_Size                           0x000001d8   Number         0  startup_stm32g431xx.o ABSOLUTE
    __Vectors                                0x08000000   Data           4  startup_stm32g431xx.o(RESET)
    __Vectors_End                            0x080001d8   Data           0  startup_stm32g431xx.o(RESET)
    __main                                   0x080001d9   Thumb Code     0  entry.o(.ARM.Collect$$$$00000000)
    _main_stk                                0x080001d9   Thumb Code     0  entry2.o(.ARM.Collect$$$$00000001)
    _main_scatterload                        0x080001dd   Thumb Code     0  entry5.o(.ARM.Collect$$$$00000004)
    __main_after_scatterload                 0x080001e1   Thumb Code     0  entry5.o(.ARM.Collect$$$$00000004)
    _main_clock                              0x080001e1   Thumb Code     0  entry7b.o(.ARM.Collect$$$$00000008)
    _main_cpp_init                           0x080001e1   Thumb Code     0  entry8b.o(.ARM.Collect$$$$0000000A)
    _main_init                               0x080001e1   Thumb Code     0  entry9a.o(.ARM.Collect$$$$0000000B)
    __rt_final_cpp                           0x080001e9   Thumb Code     0  entry10a.o(.ARM.Collect$$$$0000000D)
    __rt_final_exit                          0x080001e9   Thumb Code     0  entry11a.o(.ARM.Collect$$$$0000000F)
    Reset_Handler                            0x080001ed   Thumb Code     8  startup_stm32g431xx.o(.text)
    ADC1_2_IRQHandler                        0x08000207   Thumb Code     0  startup_stm32g431xx.o(.text)
    COMP1_2_3_IRQHandler                     0x08000207   Thumb Code     0  startup_stm32g431xx.o(.text)
    COMP4_IRQHandler                         0x08000207   Thumb Code     0  startup_stm32g431xx.o(.text)
    CORDIC_IRQHandler                        0x08000207   Thumb Code     0  startup_stm32g431xx.o(.text)
    CRS_IRQHandler                           0x08000207   Thumb Code     0  startup_stm32g431xx.o(.text)
    DMA1_Channel5_IRQHandler                 0x08000207   Thumb Code     0  startup_stm32g431xx.o(.text)
    DMA1_Channel6_IRQHandler                 0x08000207   Thumb Code     0  startup_stm32g431xx.o(.text)
    DMA2_Channel1_IRQHandler                 0x08000207   Thumb Code     0  startup_stm32g431xx.o(.text)
    DMA2_Channel2_IRQHandler                 0x08000207   Thumb Code     0  startup_stm32g431xx.o(.text)
    DMA2_Channel3_IRQHandler                 0x08000207   Thumb Code     0  startup_stm32g431xx.o(.text)
    DMA2_Channel4_IRQHandler                 0x08000207   Thumb Code     0  startup_stm32g431xx.o(.text)
    DMA2_Channel5_IRQHandler                 0x08000207   Thumb Code     0  startup_stm32g431xx.o(.text)
    DMA2_Channel6_IRQHandler                 0x08000207   Thumb Code     0  startup_stm32g431xx.o(.text)
    DMAMUX_OVR_IRQHandler                    0x08000207   Thumb Code     0  startup_stm32g431xx.o(.text)
    EXTI0_IRQHandler                         0x08000207   Thumb Code     0  startup_stm32g431xx.o(.text)
    EXTI15_10_IRQHandler                     0x08000207   Thumb Code     0  startup_stm32g431xx.o(.text)
    EXTI1_IRQHandler                         0x08000207   Thumb Code     0  startup_stm32g431xx.o(.text)
    EXTI2_IRQHandler                         0x08000207   Thumb Code     0  startup_stm32g431xx.o(.text)
    EXTI3_IRQHandler                         0x08000207   Thumb Code     0  startup_stm32g431xx.o(.text)
    EXTI4_IRQHandler                         0x08000207   Thumb Code     0  startup_stm32g431xx.o(.text)
    EXTI9_5_IRQHandler                       0x08000207   Thumb Code     0  startup_stm32g431xx.o(.text)
    FDCAN1_IT0_IRQHandler                    0x08000207   Thumb Code     0  startup_stm32g431xx.o(.text)
    FDCAN1_IT1_IRQHandler                    0x08000207   Thumb Code     0  startup_stm32g431xx.o(.text)
    FLASH_IRQHandler                         0x08000207   Thumb Code     0  startup_stm32g431xx.o(.text)
    FMAC_IRQHandler                          0x08000207   Thumb Code     0  startup_stm32g431xx.o(.text)
    FPU_IRQHandler                           0x08000207   Thumb Code     0  startup_stm32g431xx.o(.text)
    I2C1_ER_IRQHandler                       0x08000207   Thumb Code     0  startup_stm32g431xx.o(.text)
    I2C1_EV_IRQHandler                       0x08000207   Thumb Code     0  startup_stm32g431xx.o(.text)
    I2C2_ER_IRQHandler                       0x08000207   Thumb Code     0  startup_stm32g431xx.o(.text)
    I2C2_EV_IRQHandler                       0x08000207   Thumb Code     0  startup_stm32g431xx.o(.text)
    I2C3_ER_IRQHandler                       0x08000207   Thumb Code     0  startup_stm32g431xx.o(.text)
    I2C3_EV_IRQHandler                       0x08000207   Thumb Code     0  startup_stm32g431xx.o(.text)
    LPTIM1_IRQHandler                        0x08000207   Thumb Code     0  startup_stm32g431xx.o(.text)
    LPUART1_IRQHandler                       0x08000207   Thumb Code     0  startup_stm32g431xx.o(.text)
    PVD_PVM_IRQHandler                       0x08000207   Thumb Code     0  startup_stm32g431xx.o(.text)
    RCC_IRQHandler                           0x08000207   Thumb Code     0  startup_stm32g431xx.o(.text)
    RNG_IRQHandler                           0x08000207   Thumb Code     0  startup_stm32g431xx.o(.text)
    RTC_Alarm_IRQHandler                     0x08000207   Thumb Code     0  startup_stm32g431xx.o(.text)
    RTC_TAMP_LSECSS_IRQHandler               0x08000207   Thumb Code     0  startup_stm32g431xx.o(.text)
    RTC_WKUP_IRQHandler                      0x08000207   Thumb Code     0  startup_stm32g431xx.o(.text)
    SAI1_IRQHandler                          0x08000207   Thumb Code     0  startup_stm32g431xx.o(.text)
    SPI1_IRQHandler                          0x08000207   Thumb Code     0  startup_stm32g431xx.o(.text)
    SPI2_IRQHandler                          0x08000207   Thumb Code     0  startup_stm32g431xx.o(.text)
    SPI3_IRQHandler                          0x08000207   Thumb Code     0  startup_stm32g431xx.o(.text)
    TIM1_BRK_TIM15_IRQHandler                0x08000207   Thumb Code     0  startup_stm32g431xx.o(.text)
    TIM1_CC_IRQHandler                       0x08000207   Thumb Code     0  startup_stm32g431xx.o(.text)
    TIM1_TRG_COM_TIM17_IRQHandler            0x08000207   Thumb Code     0  startup_stm32g431xx.o(.text)
    TIM1_UP_TIM16_IRQHandler                 0x08000207   Thumb Code     0  startup_stm32g431xx.o(.text)
    TIM2_IRQHandler                          0x08000207   Thumb Code     0  startup_stm32g431xx.o(.text)
    TIM3_IRQHandler                          0x08000207   Thumb Code     0  startup_stm32g431xx.o(.text)
    TIM4_IRQHandler                          0x08000207   Thumb Code     0  startup_stm32g431xx.o(.text)
    TIM6_DAC_IRQHandler                      0x08000207   Thumb Code     0  startup_stm32g431xx.o(.text)
    TIM7_IRQHandler                          0x08000207   Thumb Code     0  startup_stm32g431xx.o(.text)
    TIM8_BRK_IRQHandler                      0x08000207   Thumb Code     0  startup_stm32g431xx.o(.text)
    TIM8_CC_IRQHandler                       0x08000207   Thumb Code     0  startup_stm32g431xx.o(.text)
    TIM8_TRG_COM_IRQHandler                  0x08000207   Thumb Code     0  startup_stm32g431xx.o(.text)
    TIM8_UP_IRQHandler                       0x08000207   Thumb Code     0  startup_stm32g431xx.o(.text)
    UART4_IRQHandler                         0x08000207   Thumb Code     0  startup_stm32g431xx.o(.text)
    UCPD1_IRQHandler                         0x08000207   Thumb Code     0  startup_stm32g431xx.o(.text)
    USART3_IRQHandler                        0x08000207   Thumb Code     0  startup_stm32g431xx.o(.text)
    USBWakeUp_IRQHandler                     0x08000207   Thumb Code     0  startup_stm32g431xx.o(.text)
    USB_HP_IRQHandler                        0x08000207   Thumb Code     0  startup_stm32g431xx.o(.text)
    USB_LP_IRQHandler                        0x08000207   Thumb Code     0  startup_stm32g431xx.o(.text)
    WWDG_IRQHandler                          0x08000207   Thumb Code     0  startup_stm32g431xx.o(.text)
    __aeabi_uldivmod                         0x08000211   Thumb Code    98  uldiv.o(.text)
    __aeabi_memcpy                           0x08000273   Thumb Code    36  memcpya.o(.text)
    __aeabi_memcpy4                          0x08000273   Thumb Code     0  memcpya.o(.text)
    __aeabi_memcpy8                          0x08000273   Thumb Code     0  memcpya.o(.text)
    __aeabi_memset                           0x08000297   Thumb Code    14  memseta.o(.text)
    __aeabi_memset4                          0x08000297   Thumb Code     0  memseta.o(.text)
    __aeabi_memset8                          0x08000297   Thumb Code     0  memseta.o(.text)
    __aeabi_memclr                           0x080002a5   Thumb Code     4  memseta.o(.text)
    __aeabi_memclr4                          0x080002a5   Thumb Code     0  memseta.o(.text)
    __aeabi_memclr8                          0x080002a5   Thumb Code     0  memseta.o(.text)
    _memset$wrapper                          0x080002a9   Thumb Code    18  memseta.o(.text)
    __aeabi_llsl                             0x080002bb   Thumb Code    30  llshl.o(.text)
    _ll_shift_l                              0x080002bb   Thumb Code     0  llshl.o(.text)
    __aeabi_llsr                             0x080002d9   Thumb Code    32  llushr.o(.text)
    _ll_ushift_r                             0x080002d9   Thumb Code     0  llushr.o(.text)
    __scatterload                            0x080002f9   Thumb Code    28  init.o(.text)
    __scatterload_rt2                        0x080002f9   Thumb Code     0  init.o(.text)
    BusFault_Handler                         0x0800031d   Thumb Code     4  stm32g4xx_it.o(i.BusFault_Handler)
    DMA1_Channel1_IRQHandler                 0x08000321   Thumb Code    10  stm32g4xx_it.o(i.DMA1_Channel1_IRQHandler)
    DMA1_Channel2_IRQHandler                 0x08000331   Thumb Code    10  stm32g4xx_it.o(i.DMA1_Channel2_IRQHandler)
    DMA1_Channel3_IRQHandler                 0x08000341   Thumb Code    10  stm32g4xx_it.o(i.DMA1_Channel3_IRQHandler)
    DMA1_Channel4_IRQHandler                 0x08000351   Thumb Code    10  stm32g4xx_it.o(i.DMA1_Channel4_IRQHandler)
    DebugMon_Handler                         0x08000409   Thumb Code     2  stm32g4xx_it.o(i.DebugMon_Handler)
    Error_Handler                            0x0800040b   Thumb Code     6  main.o(i.Error_Handler)
    HAL_ADCEx_MultiModeConfigChannel         0x08000411   Thumb Code   260  stm32g4xx_hal_adc_ex.o(i.HAL_ADCEx_MultiModeConfigChannel)
    HAL_ADC_ConfigChannel                    0x0800051d   Thumb Code  1252  stm32g4xx_hal_adc.o(i.HAL_ADC_ConfigChannel)
    HAL_ADC_Init                             0x08000a25   Thumb Code   576  stm32g4xx_hal_adc.o(i.HAL_ADC_Init)
    HAL_ADC_MspInit                          0x08000c81   Thumb Code   186  adc.o(i.HAL_ADC_MspInit)
    HAL_DMA_Abort                            0x08000d4d   Thumb Code   118  stm32g4xx_hal_dma.o(i.HAL_DMA_Abort)
    HAL_DMA_Abort_IT                         0x08000dc3   Thumb Code   148  stm32g4xx_hal_dma.o(i.HAL_DMA_Abort_IT)
    HAL_DMA_IRQHandler                       0x08000e57   Thumb Code   254  stm32g4xx_hal_dma.o(i.HAL_DMA_IRQHandler)
    HAL_DMA_Init                             0x08000f55   Thumb Code   200  stm32g4xx_hal_dma.o(i.HAL_DMA_Init)
    HAL_DMA_Start_IT                         0x08001025   Thumb Code   194  stm32g4xx_hal_dma.o(i.HAL_DMA_Start_IT)
    HAL_GPIO_Init                            0x080010e9   Thumb Code   428  stm32g4xx_hal_gpio.o(i.HAL_GPIO_Init)
    HAL_GPIO_WritePin                        0x080012b5   Thumb Code    10  stm32g4xx_hal_gpio.o(i.HAL_GPIO_WritePin)
    HAL_GetTick                              0x080012c1   Thumb Code     6  stm32g4xx_hal.o(i.HAL_GetTick)
    HAL_IWDG_Init                            0x080012cd   Thumb Code   112  stm32g4xx_hal_iwdg.o(i.HAL_IWDG_Init)
    HAL_IWDG_Refresh                         0x0800133d   Thumb Code    14  stm32g4xx_hal_iwdg.o(i.HAL_IWDG_Refresh)
    HAL_IncTick                              0x0800134d   Thumb Code    16  stm32g4xx_hal.o(i.HAL_IncTick)
    HAL_Init                                 0x08001365   Thumb Code    30  stm32g4xx_hal.o(i.HAL_Init)
    HAL_InitTick                             0x08001385   Thumb Code    74  stm32g4xx_hal.o(i.HAL_InitTick)
    HAL_MspInit                              0x080013dd   Thumb Code    62  stm32g4xx_hal_msp.o(i.HAL_MspInit)
    HAL_NVIC_EnableIRQ                       0x08001421   Thumb Code    40  stm32g4xx_hal_cortex.o(i.HAL_NVIC_EnableIRQ)
    HAL_NVIC_SetPriority                     0x08001449   Thumb Code   122  stm32g4xx_hal_cortex.o(i.HAL_NVIC_SetPriority)
    HAL_NVIC_SetPriorityGrouping             0x080014c5   Thumb Code    32  stm32g4xx_hal_cortex.o(i.HAL_NVIC_SetPriorityGrouping)
    HAL_PWREx_ControlVoltageScaling          0x080014ed   Thumb Code   268  stm32g4xx_hal_pwr_ex.o(i.HAL_PWREx_ControlVoltageScaling)
    HAL_PWREx_DisableUCPDDeadBattery         0x08001605   Thumb Code    14  stm32g4xx_hal_pwr_ex.o(i.HAL_PWREx_DisableUCPDDeadBattery)
    HAL_RCCEx_PeriphCLKConfig                0x08001619   Thumb Code   872  stm32g4xx_hal_rcc_ex.o(i.HAL_RCCEx_PeriphCLKConfig)
    HAL_RCC_ClockConfig                      0x08001989   Thumb Code   522  stm32g4xx_hal_rcc.o(i.HAL_RCC_ClockConfig)
    HAL_RCC_GetHCLKFreq                      0x08001bad   Thumb Code     6  stm32g4xx_hal_rcc.o(i.HAL_RCC_GetHCLKFreq)
    HAL_RCC_GetPCLK1Freq                     0x08001bb9   Thumb Code    26  stm32g4xx_hal_rcc.o(i.HAL_RCC_GetPCLK1Freq)
    HAL_RCC_GetPCLK2Freq                     0x08001bdd   Thumb Code    26  stm32g4xx_hal_rcc.o(i.HAL_RCC_GetPCLK2Freq)
    HAL_RCC_GetSysClockFreq                  0x08001c01   Thumb Code   138  stm32g4xx_hal_rcc.o(i.HAL_RCC_GetSysClockFreq)
    HAL_RCC_OscConfig                        0x08001c99   Thumb Code  1360  stm32g4xx_hal_rcc.o(i.HAL_RCC_OscConfig)
    HAL_SYSTICK_CLKSourceConfig              0x080021f5   Thumb Code    40  stm32g4xx_hal_cortex.o(i.HAL_SYSTICK_CLKSourceConfig)
    HAL_SYSTICK_Config                       0x0800221d   Thumb Code    52  stm32g4xx_hal_cortex.o(i.HAL_SYSTICK_Config)
    HAL_UARTEx_DisableFifoMode               0x08002251   Thumb Code    78  stm32g4xx_hal_uart_ex.o(i.HAL_UARTEx_DisableFifoMode)
    HAL_UARTEx_RxEventCallback               0x0800229f   Thumb Code     2  stm32g4xx_hal_uart.o(i.HAL_UARTEx_RxEventCallback)
    HAL_UARTEx_RxFifoFullCallback            0x080022a1   Thumb Code     2  stm32g4xx_hal_uart_ex.o(i.HAL_UARTEx_RxFifoFullCallback)
    HAL_UARTEx_SetRxFifoThreshold            0x080022a3   Thumb Code    94  stm32g4xx_hal_uart_ex.o(i.HAL_UARTEx_SetRxFifoThreshold)
    HAL_UARTEx_SetTxFifoThreshold            0x08002301   Thumb Code    94  stm32g4xx_hal_uart_ex.o(i.HAL_UARTEx_SetTxFifoThreshold)
    HAL_UARTEx_TxFifoEmptyCallback           0x0800235f   Thumb Code     2  stm32g4xx_hal_uart_ex.o(i.HAL_UARTEx_TxFifoEmptyCallback)
    HAL_UARTEx_WakeupCallback                0x08002361   Thumb Code     2  stm32g4xx_hal_uart_ex.o(i.HAL_UARTEx_WakeupCallback)
    HAL_UART_ErrorCallback                   0x08002363   Thumb Code     2  stm32g4xx_hal_uart.o(i.HAL_UART_ErrorCallback)
    HAL_UART_IRQHandler                      0x08002365   Thumb Code   962  stm32g4xx_hal_uart.o(i.HAL_UART_IRQHandler)
    HAL_UART_Init                            0x08002735   Thumb Code   120  stm32g4xx_hal_uart.o(i.HAL_UART_Init)
    HAL_UART_MspInit                         0x080027ad   Thumb Code   450  usart.o(i.HAL_UART_MspInit)
    HAL_UART_Transmit_DMA                    0x08002991   Thumb Code   148  stm32g4xx_hal_uart.o(i.HAL_UART_Transmit_DMA)
    HAL_UART_TxCpltCallback                  0x08002a31   Thumb Code     2  stm32g4xx_hal_uart.o(i.HAL_UART_TxCpltCallback)
    HAL_UART_TxHalfCpltCallback              0x08002a33   Thumb Code     2  stm32g4xx_hal_uart.o(i.HAL_UART_TxHalfCpltCallback)
    HardFault_Handler                        0x08002a35   Thumb Code     4  stm32g4xx_it.o(i.HardFault_Handler)
    MX_ADC1_Init                             0x08002add   Thumb Code   156  adc.o(i.MX_ADC1_Init)
    MX_DMA_Init                              0x08002b81   Thumb Code   122  dma.o(i.MX_DMA_Init)
    MX_GPIO_Init                             0x08002c01   Thumb Code   348  gpio.o(i.MX_GPIO_Init)
    MX_IWDG_Init                             0x08002d6d   Thumb Code    34  iwdg.o(i.MX_IWDG_Init)
    MX_USART1_UART_Init                      0x08002d99   Thumb Code    96  usart.o(i.MX_USART1_UART_Init)
    MX_USART2_UART_Init                      0x08002e05   Thumb Code    98  usart.o(i.MX_USART2_UART_Init)
    MemManage_Handler                        0x08002e71   Thumb Code     4  stm32g4xx_it.o(i.MemManage_Handler)
    NMI_Handler                              0x08002e75   Thumb Code     4  stm32g4xx_it.o(i.NMI_Handler)
    PendSV_Handler                           0x08002e79   Thumb Code     2  stm32g4xx_it.o(i.PendSV_Handler)
    SVC_Handler                              0x08002ee5   Thumb Code     2  stm32g4xx_it.o(i.SVC_Handler)
    SysTick_Handler                          0x08002ee7   Thumb Code     8  stm32g4xx_it.o(i.SysTick_Handler)
    SystemClock_Config                       0x08002eef   Thumb Code   110  main.o(i.SystemClock_Config)
    SystemInit                               0x08002f5d   Thumb Code    14  system_stm32g4xx.o(i.SystemInit)
    UART_AdvFeatureConfig                    0x08002fc9   Thumb Code   248  stm32g4xx_hal_uart.o(i.UART_AdvFeatureConfig)
    UART_CheckIdleState                      0x080030c1   Thumb Code   234  stm32g4xx_hal_uart.o(i.UART_CheckIdleState)
    UART_SetConfig                           0x0800335d   Thumb Code   858  stm32g4xx_hal_uart.o(i.UART_SetConfig)
    UART_WaitOnFlagUntilTimeout              0x080036e1   Thumb Code   172  stm32g4xx_hal_uart.o(i.UART_WaitOnFlagUntilTimeout)
    USART1_IRQHandler                        0x0800378d   Thumb Code    10  stm32g4xx_it.o(i.USART1_IRQHandler)
    USART2_IRQHandler                        0x0800379d   Thumb Code    10  stm32g4xx_it.o(i.USART2_IRQHandler)
    UsageFault_Handler                       0x080037ad   Thumb Code     4  stm32g4xx_it.o(i.UsageFault_Handler)
    __scatterload_copy                       0x080037e9   Thumb Code    14  handlers.o(i.__scatterload_copy)
    __scatterload_null                       0x080037f7   Thumb Code     2  handlers.o(i.__scatterload_null)
    __scatterload_zeroinit                   0x080037f9   Thumb Code    14  handlers.o(i.__scatterload_zeroinit)
    adc_data_handler_with_idx                0x08003809   Thumb Code    52  adc_app.o(i.adc_data_handler_with_idx)
    delay_init                               0x08003845   Thumb Code    16  sys.o(i.delay_init)
    delay_us                                 0x08003859   Thumb Code    72  sys.o(i.delay_us)
    disable_adc_ch                           0x080038a5   Thumb Code    36  switch_hal.o(i.disable_adc_ch)
    fill_tx_data                             0x080038cd   Thumb Code    28  adc_app.o(i.fill_tx_data)
    main                                     0x080038ed   Thumb Code    50  main.o(i.main)
    main_adc_task                            0x08003925   Thumb Code    84  adc_app.o(i.main_adc_task)
    set_adc_ch                               0x08003979   Thumb Code    94  switch_hal.o(i.set_adc_ch)
    set_channel_pin                          0x080039e1   Thumb Code    32  adc_app.o(i.set_channel_pin)
    uart_send                                0x08003a05   Thumb Code    32  adc_app.o(i.uart_send)
    channels                                 0x08003a30   Data         512  adc_app.o(.constdata)
    UARTPrescTable                           0x08003c30   Data          24  stm32g4xx_hal_uart.o(.constdata)
    AHBPrescTable                            0x08003c58   Data          16  system_stm32g4xx.o(.constdata)
    APBPrescTable                            0x08003c68   Data           8  system_stm32g4xx.o(.constdata)
    Region$$Table$$Base                      0x08003c70   Number         0  anon$$obj.o(Region$$Table)
    Region$$Table$$Limit                     0x08003c90   Number         0  anon$$obj.o(Region$$Table)
    uwTick                                   0x20000004   Data           4  stm32g4xx_hal.o(.data)
    uwTickPrio                               0x20000008   Data           4  stm32g4xx_hal.o(.data)
    uwTickFreq                               0x2000000c   Data           4  stm32g4xx_hal.o(.data)
    SystemCoreClock                          0x20000010   Data           4  system_stm32g4xx.o(.data)
    sensor_adc_data                          0x20000014   Data         100  adc_app.o(.bss)
    points_data                              0x20000078   Data        1024  adc_app.o(.bss)
    tx_data                                  0x20000478   Data        1028  adc_app.o(.bss)
    hadc1                                    0x2000087c   Data         108  adc.o(.bss)
    hdma_adc1                                0x200008e8   Data          96  adc.o(.bss)
    hiwdg                                    0x20000948   Data          16  iwdg.o(.bss)
    huart1                                   0x20000958   Data         148  usart.o(.bss)
    huart2                                   0x200009ec   Data         148  usart.o(.bss)
    hdma_usart1_tx                           0x20000a80   Data          96  usart.o(.bss)
    hdma_usart2_rx                           0x20000ae0   Data          96  usart.o(.bss)
    hdma_usart2_tx                           0x20000b40   Data          96  usart.o(.bss)
    __initial_sp                             0x20000fa0   Data           0  startup_stm32g431xx.o(STACK)



==============================================================================

Memory Map of the image

  Image Entry point : 0x080001d9

  Load Region LR_IROM1 (Base: 0x08000000, Size: 0x00003ca4, Max: 0x00020000, ABSOLUTE)

    Execution Region ER_IROM1 (Exec base: 0x08000000, Load base: 0x08000000, Size: 0x00003c90, Max: 0x00020000, ABSOLUTE)

    Exec Addr    Load Addr    Size         Type   Attr      Idx    E Section Name        Object

    0x08000000   0x08000000   0x000001d8   Data   RO            3    RESET               startup_stm32g431xx.o
    0x080001d8   0x080001d8   0x00000000   Code   RO         3319  * .ARM.Collect$$$$00000000  mc_w.l(entry.o)
    0x080001d8   0x080001d8   0x00000004   Code   RO         3330    .ARM.Collect$$$$00000001  mc_w.l(entry2.o)
    0x080001dc   0x080001dc   0x00000004   Code   RO         3333    .ARM.Collect$$$$00000004  mc_w.l(entry5.o)
    0x080001e0   0x080001e0   0x00000000   Code   RO         3335    .ARM.Collect$$$$00000008  mc_w.l(entry7b.o)
    0x080001e0   0x080001e0   0x00000000   Code   RO         3337    .ARM.Collect$$$$0000000A  mc_w.l(entry8b.o)
    0x080001e0   0x080001e0   0x00000008   Code   RO         3338    .ARM.Collect$$$$0000000B  mc_w.l(entry9a.o)
    0x080001e8   0x080001e8   0x00000000   Code   RO         3340    .ARM.Collect$$$$0000000D  mc_w.l(entry10a.o)
    0x080001e8   0x080001e8   0x00000000   Code   RO         3342    .ARM.Collect$$$$0000000F  mc_w.l(entry11a.o)
    0x080001e8   0x080001e8   0x00000004   Code   RO         3331    .ARM.Collect$$$$00002712  mc_w.l(entry2.o)
    0x080001ec   0x080001ec   0x00000024   Code   RO            4    .text               startup_stm32g431xx.o
    0x08000210   0x08000210   0x00000062   Code   RO         3322    .text               mc_w.l(uldiv.o)
    0x08000272   0x08000272   0x00000024   Code   RO         3324    .text               mc_w.l(memcpya.o)
    0x08000296   0x08000296   0x00000024   Code   RO         3326    .text               mc_w.l(memseta.o)
    0x080002ba   0x080002ba   0x0000001e   Code   RO         3344    .text               mc_w.l(llshl.o)
    0x080002d8   0x080002d8   0x00000020   Code   RO         3346    .text               mc_w.l(llushr.o)
    0x080002f8   0x080002f8   0x00000024   Code   RO         3348    .text               mc_w.l(init.o)
    0x0800031c   0x0800031c   0x00000004   Code   RO          489    i.BusFault_Handler  stm32g4xx_it.o
    0x08000320   0x08000320   0x00000010   Code   RO          490    i.DMA1_Channel1_IRQHandler  stm32g4xx_it.o
    0x08000330   0x08000330   0x00000010   Code   RO          491    i.DMA1_Channel2_IRQHandler  stm32g4xx_it.o
    0x08000340   0x08000340   0x00000010   Code   RO          492    i.DMA1_Channel3_IRQHandler  stm32g4xx_it.o
    0x08000350   0x08000350   0x00000010   Code   RO          493    i.DMA1_Channel4_IRQHandler  stm32g4xx_it.o
    0x08000360   0x08000360   0x00000044   Code   RO         2048    i.DMA_CalcDMAMUXChannelBaseAndMask  stm32g4xx_hal_dma.o
    0x080003a4   0x080003a4   0x00000024   Code   RO         2049    i.DMA_CalcDMAMUXRequestGenBaseAndMask  stm32g4xx_hal_dma.o
    0x080003c8   0x080003c8   0x00000040   Code   RO         2050    i.DMA_SetConfig     stm32g4xx_hal_dma.o
    0x08000408   0x08000408   0x00000002   Code   RO          494    i.DebugMon_Handler  stm32g4xx_it.o
    0x0800040a   0x0800040a   0x00000006   Code   RO          271    i.Error_Handler     main.o
    0x08000410   0x08000410   0x0000010c   Code   RO          920    i.HAL_ADCEx_MultiModeConfigChannel  stm32g4xx_hal_adc_ex.o
    0x0800051c   0x0800051c   0x00000508   Code   RO          632    i.HAL_ADC_ConfigChannel  stm32g4xx_hal_adc.o
    0x08000a24   0x08000a24   0x0000025c   Code   RO          641    i.HAL_ADC_Init      stm32g4xx_hal_adc.o
    0x08000c80   0x08000c80   0x000000cc   Code   RO          336    i.HAL_ADC_MspInit   adc.o
    0x08000d4c   0x08000d4c   0x00000076   Code   RO         2051    i.HAL_DMA_Abort     stm32g4xx_hal_dma.o
    0x08000dc2   0x08000dc2   0x00000094   Code   RO         2052    i.HAL_DMA_Abort_IT  stm32g4xx_hal_dma.o
    0x08000e56   0x08000e56   0x000000fe   Code   RO         2056    i.HAL_DMA_IRQHandler  stm32g4xx_hal_dma.o
    0x08000f54   0x08000f54   0x000000d0   Code   RO         2057    i.HAL_DMA_Init      stm32g4xx_hal_dma.o
    0x08001024   0x08001024   0x000000c2   Code   RO         2061    i.HAL_DMA_Start_IT  stm32g4xx_hal_dma.o
    0x080010e6   0x080010e6   0x00000002   PAD
    0x080010e8   0x080010e8   0x000001cc   Code   RO         1913    i.HAL_GPIO_Init     stm32g4xx_hal_gpio.o
    0x080012b4   0x080012b4   0x0000000a   Code   RO         1917    i.HAL_GPIO_WritePin  stm32g4xx_hal_gpio.o
    0x080012be   0x080012be   0x00000002   PAD
    0x080012c0   0x080012c0   0x0000000c   Code   RO         1148    i.HAL_GetTick       stm32g4xx_hal.o
    0x080012cc   0x080012cc   0x00000070   Code   RO         2707    i.HAL_IWDG_Init     stm32g4xx_hal_iwdg.o
    0x0800133c   0x0800133c   0x0000000e   Code   RO         2708    i.HAL_IWDG_Refresh  stm32g4xx_hal_iwdg.o
    0x0800134a   0x0800134a   0x00000002   PAD
    0x0800134c   0x0800134c   0x00000018   Code   RO         1154    i.HAL_IncTick       stm32g4xx_hal.o
    0x08001364   0x08001364   0x0000001e   Code   RO         1155    i.HAL_Init          stm32g4xx_hal.o
    0x08001382   0x08001382   0x00000002   PAD
    0x08001384   0x08001384   0x00000058   Code   RO         1156    i.HAL_InitTick      stm32g4xx_hal.o
    0x080013dc   0x080013dc   0x00000044   Code   RO          601    i.HAL_MspInit       stm32g4xx_hal_msp.o
    0x08001420   0x08001420   0x00000028   Code   RO         2562    i.HAL_NVIC_EnableIRQ  stm32g4xx_hal_cortex.o
    0x08001448   0x08001448   0x0000007a   Code   RO         2568    i.HAL_NVIC_SetPriority  stm32g4xx_hal_cortex.o
    0x080014c2   0x080014c2   0x00000002   PAD
    0x080014c4   0x080014c4   0x00000028   Code   RO         2569    i.HAL_NVIC_SetPriorityGrouping  stm32g4xx_hal_cortex.o
    0x080014ec   0x080014ec   0x00000118   Code   RO         2316    i.HAL_PWREx_ControlVoltageScaling  stm32g4xx_hal_pwr_ex.o
    0x08001604   0x08001604   0x00000014   Code   RO         2328    i.HAL_PWREx_DisableUCPDDeadBattery  stm32g4xx_hal_pwr_ex.o
    0x08001618   0x08001618   0x00000370   Code   RO         1520    i.HAL_RCCEx_PeriphCLKConfig  stm32g4xx_hal_rcc_ex.o
    0x08001988   0x08001988   0x00000224   Code   RO         1390    i.HAL_RCC_ClockConfig  stm32g4xx_hal_rcc.o
    0x08001bac   0x08001bac   0x0000000c   Code   RO         1396    i.HAL_RCC_GetHCLKFreq  stm32g4xx_hal_rcc.o
    0x08001bb8   0x08001bb8   0x00000024   Code   RO         1398    i.HAL_RCC_GetPCLK1Freq  stm32g4xx_hal_rcc.o
    0x08001bdc   0x08001bdc   0x00000024   Code   RO         1399    i.HAL_RCC_GetPCLK2Freq  stm32g4xx_hal_rcc.o
    0x08001c00   0x08001c00   0x00000098   Code   RO         1400    i.HAL_RCC_GetSysClockFreq  stm32g4xx_hal_rcc.o
    0x08001c98   0x08001c98   0x0000055c   Code   RO         1403    i.HAL_RCC_OscConfig  stm32g4xx_hal_rcc.o
    0x080021f4   0x080021f4   0x00000028   Code   RO         2571    i.HAL_SYSTICK_CLKSourceConfig  stm32g4xx_hal_cortex.o
    0x0800221c   0x0800221c   0x00000034   Code   RO         2573    i.HAL_SYSTICK_Config  stm32g4xx_hal_cortex.o
    0x08002250   0x08002250   0x0000004e   Code   RO         3162    i.HAL_UARTEx_DisableFifoMode  stm32g4xx_hal_uart_ex.o
    0x0800229e   0x0800229e   0x00000002   Code   RO         2746    i.HAL_UARTEx_RxEventCallback  stm32g4xx_hal_uart.o
    0x080022a0   0x080022a0   0x00000002   Code   RO         3170    i.HAL_UARTEx_RxFifoFullCallback  stm32g4xx_hal_uart_ex.o
    0x080022a2   0x080022a2   0x0000005e   Code   RO         3171    i.HAL_UARTEx_SetRxFifoThreshold  stm32g4xx_hal_uart_ex.o
    0x08002300   0x08002300   0x0000005e   Code   RO         3172    i.HAL_UARTEx_SetTxFifoThreshold  stm32g4xx_hal_uart_ex.o
    0x0800235e   0x0800235e   0x00000002   Code   RO         3174    i.HAL_UARTEx_TxFifoEmptyCallback  stm32g4xx_hal_uart_ex.o
    0x08002360   0x08002360   0x00000002   Code   RO         3175    i.HAL_UARTEx_WakeupCallback  stm32g4xx_hal_uart_ex.o
    0x08002362   0x08002362   0x00000002   Code   RO         2762    i.HAL_UART_ErrorCallback  stm32g4xx_hal_uart.o
    0x08002364   0x08002364   0x000003d0   Code   RO         2765    i.HAL_UART_IRQHandler  stm32g4xx_hal_uart.o
    0x08002734   0x08002734   0x00000078   Code   RO         2766    i.HAL_UART_Init     stm32g4xx_hal_uart.o
    0x080027ac   0x080027ac   0x000001e4   Code   RO          432    i.HAL_UART_MspInit  usart.o
    0x08002990   0x08002990   0x000000a0   Code   RO         2776    i.HAL_UART_Transmit_DMA  stm32g4xx_hal_uart.o
    0x08002a30   0x08002a30   0x00000002   Code   RO         2778    i.HAL_UART_TxCpltCallback  stm32g4xx_hal_uart.o
    0x08002a32   0x08002a32   0x00000002   Code   RO         2779    i.HAL_UART_TxHalfCpltCallback  stm32g4xx_hal_uart.o
    0x08002a34   0x08002a34   0x00000004   Code   RO          495    i.HardFault_Handler  stm32g4xx_it.o
    0x08002a38   0x08002a38   0x00000012   Code   RO          657    i.LL_ADC_GetOffsetChannel  stm32g4xx_hal_adc.o
    0x08002a4a   0x08002a4a   0x0000000a   Code   RO          658    i.LL_ADC_INJ_IsConversionOngoing  stm32g4xx_hal_adc.o
    0x08002a54   0x08002a54   0x0000000a   Code   RO          660    i.LL_ADC_IsEnabled  stm32g4xx_hal_adc.o
    0x08002a5e   0x08002a5e   0x0000000a   Code   RO          932    i.LL_ADC_IsEnabled  stm32g4xx_hal_adc_ex.o
    0x08002a68   0x08002a68   0x0000000a   Code   RO          661    i.LL_ADC_IsInternalRegulatorEnabled  stm32g4xx_hal_adc.o
    0x08002a72   0x08002a72   0x0000000a   Code   RO          662    i.LL_ADC_REG_IsConversionOngoing  stm32g4xx_hal_adc.o
    0x08002a7c   0x08002a7c   0x0000000a   Code   RO          933    i.LL_ADC_REG_IsConversionOngoing  stm32g4xx_hal_adc_ex.o
    0x08002a86   0x08002a86   0x00000028   Code   RO          666    i.LL_ADC_SetChannelSamplingTime  stm32g4xx_hal_adc.o
    0x08002aae   0x08002aae   0x0000000c   Code   RO          667    i.LL_ADC_SetCommonPathInternalCh  stm32g4xx_hal_adc.o
    0x08002aba   0x08002aba   0x00000016   Code   RO          668    i.LL_ADC_SetOffsetState  stm32g4xx_hal_adc.o
    0x08002ad0   0x08002ad0   0x0000000c   Code   RO          669    i.LL_ADC_SetSamplingTimeCommonConfig  stm32g4xx_hal_adc.o
    0x08002adc   0x08002adc   0x000000a4   Code   RO          337    i.MX_ADC1_Init      adc.o
    0x08002b80   0x08002b80   0x00000080   Code   RO          377    i.MX_DMA_Init       dma.o
    0x08002c00   0x08002c00   0x0000016c   Code   RO          311    i.MX_GPIO_Init      gpio.o
    0x08002d6c   0x08002d6c   0x0000002c   Code   RO          401    i.MX_IWDG_Init      iwdg.o
    0x08002d98   0x08002d98   0x0000006c   Code   RO          433    i.MX_USART1_UART_Init  usart.o
    0x08002e04   0x08002e04   0x0000006c   Code   RO          434    i.MX_USART2_UART_Init  usart.o
    0x08002e70   0x08002e70   0x00000004   Code   RO          496    i.MemManage_Handler  stm32g4xx_it.o
    0x08002e74   0x08002e74   0x00000004   Code   RO          497    i.NMI_Handler       stm32g4xx_it.o
    0x08002e78   0x08002e78   0x00000002   Code   RO          498    i.PendSV_Handler    stm32g4xx_it.o
    0x08002e7a   0x08002e7a   0x00000002   PAD
    0x08002e7c   0x08002e7c   0x00000068   Code   RO         1404    i.RCC_GetSysClockFreqFromPLLSource  stm32g4xx_hal_rcc.o
    0x08002ee4   0x08002ee4   0x00000002   Code   RO          499    i.SVC_Handler       stm32g4xx_it.o
    0x08002ee6   0x08002ee6   0x00000008   Code   RO          500    i.SysTick_Handler   stm32g4xx_it.o
    0x08002eee   0x08002eee   0x0000006e   Code   RO          272    i.SystemClock_Config  main.o
    0x08002f5c   0x08002f5c   0x00000014   Code   RO         3286    i.SystemInit        system_stm32g4xx.o
    0x08002f70   0x08002f70   0x00000058   Code   RO         3176    i.UARTEx_SetNbDataToProcess  stm32g4xx_hal_uart_ex.o
    0x08002fc8   0x08002fc8   0x000000f8   Code   RO         2780    i.UART_AdvFeatureConfig  stm32g4xx_hal_uart.o
    0x080030c0   0x080030c0   0x000000ea   Code   RO         2781    i.UART_CheckIdleState  stm32g4xx_hal_uart.o
    0x080031aa   0x080031aa   0x00000014   Code   RO         2782    i.UART_DMAAbortOnError  stm32g4xx_hal_uart.o
    0x080031be   0x080031be   0x0000005e   Code   RO         2783    i.UART_DMAError     stm32g4xx_hal_uart.o
    0x0800321c   0x0800321c   0x00000056   Code   RO         2788    i.UART_DMATransmitCplt  stm32g4xx_hal_uart.o
    0x08003272   0x08003272   0x0000000e   Code   RO         2790    i.UART_DMATxHalfCplt  stm32g4xx_hal_uart.o
    0x08003280   0x08003280   0x0000006c   Code   RO         2792    i.UART_EndRxTransfer  stm32g4xx_hal_uart.o
    0x080032ec   0x080032ec   0x00000030   Code   RO         2793    i.UART_EndTransmit_IT  stm32g4xx_hal_uart.o
    0x0800331c   0x0800331c   0x00000040   Code   RO         2794    i.UART_EndTxTransfer  stm32g4xx_hal_uart.o
    0x0800335c   0x0800335c   0x00000384   Code   RO         2799    i.UART_SetConfig    stm32g4xx_hal_uart.o
    0x080036e0   0x080036e0   0x000000ac   Code   RO         2806    i.UART_WaitOnFlagUntilTimeout  stm32g4xx_hal_uart.o
    0x0800378c   0x0800378c   0x00000010   Code   RO          501    i.USART1_IRQHandler  stm32g4xx_it.o
    0x0800379c   0x0800379c   0x00000010   Code   RO          502    i.USART2_IRQHandler  stm32g4xx_it.o
    0x080037ac   0x080037ac   0x00000004   Code   RO          503    i.UsageFault_Handler  stm32g4xx_it.o
    0x080037b0   0x080037b0   0x00000010   Code   RO         2575    i.__NVIC_GetPriorityGrouping  stm32g4xx_hal_cortex.o
    0x080037c0   0x080037c0   0x00000028   Code   RO         2576    i.__NVIC_SetPriority  stm32g4xx_hal_cortex.o
    0x080037e8   0x080037e8   0x0000000e   Code   RO         3352    i.__scatterload_copy  mc_w.l(handlers.o)
    0x080037f6   0x080037f6   0x00000002   Code   RO         3353    i.__scatterload_null  mc_w.l(handlers.o)
    0x080037f8   0x080037f8   0x0000000e   Code   RO         3354    i.__scatterload_zeroinit  mc_w.l(handlers.o)
    0x08003806   0x08003806   0x00000002   PAD
    0x08003808   0x08003808   0x0000003c   Code   RO           13    i.adc_data_handler_with_idx  adc_app.o
    0x08003844   0x08003844   0x00000014   Code   RO          233    i.delay_init        sys.o
    0x08003858   0x08003858   0x0000004c   Code   RO          235    i.delay_us          sys.o
    0x080038a4   0x080038a4   0x00000028   Code   RO          199    i.disable_adc_ch    switch_hal.o
    0x080038cc   0x080038cc   0x00000020   Code   RO           14    i.fill_tx_data      adc_app.o
    0x080038ec   0x080038ec   0x00000038   Code   RO          273    i.main              main.o
    0x08003924   0x08003924   0x00000054   Code   RO           15    i.main_adc_task     adc_app.o
    0x08003978   0x08003978   0x00000068   Code   RO          200    i.set_adc_ch        switch_hal.o
    0x080039e0   0x080039e0   0x00000024   Code   RO           16    i.set_channel_pin   adc_app.o
    0x08003a04   0x08003a04   0x0000002c   Code   RO           17    i.uart_send         adc_app.o
    0x08003a30   0x08003a30   0x00000200   Data   RO           19    .constdata          adc_app.o
    0x08003c30   0x08003c30   0x00000018   Data   RO         2807    .constdata          stm32g4xx_hal_uart.o
    0x08003c48   0x08003c48   0x00000010   Data   RO         3178    .constdata          stm32g4xx_hal_uart_ex.o
    0x08003c58   0x08003c58   0x00000018   Data   RO         3287    .constdata          system_stm32g4xx.o
    0x08003c70   0x08003c70   0x00000020   Data   RO         3350    Region$$Table       anon$$obj.o


    Execution Region RW_IRAM1 (Exec base: 0x20000000, Load base: 0x08003c90, Size: 0x00000fa0, Max: 0x00008000, ABSOLUTE)

    Exec Addr    Load Addr    Size         Type   Attr      Idx    E Section Name        Object

    0x20000000   0x08003c90   0x00000004   Data   RW          236    .data               sys.o
    0x20000004   0x08003c94   0x0000000c   Data   RW         1175    .data               stm32g4xx_hal.o
    0x20000010   0x08003ca0   0x00000004   Data   RW         3288    .data               system_stm32g4xx.o
    0x20000014        -       0x00000868   Zero   RW           18    .bss                adc_app.o
    0x2000087c        -       0x000000cc   Zero   RW          338    .bss                adc.o
    0x20000948        -       0x00000010   Zero   RW          402    .bss                iwdg.o
    0x20000958        -       0x00000248   Zero   RW          436    .bss                usart.o
    0x20000ba0        -       0x00000400   Zero   RW            1    STACK               startup_stm32g431xx.o


==============================================================================

Image component sizes


      Code (inc. data)   RO Data    RW Data    ZI Data      Debug   Object Name

       368         26          0          0        204       1915   adc.o
       256         28        512          0       2152     617269   adc_app.o
       128          6          0          0          0        810   dma.o
       364         16          0          0          0       1091   gpio.o
        44         10          0          0         16        683   iwdg.o
       172          6          0          0          0       1600   main.o
        36          8        472          0       1024        832   startup_stm32g431xx.o
       154         28          0         12          0       3645   stm32g4xx_hal.o
      2036         78          0          0          0      74999   stm32g4xx_hal_adc.o
       288          8          0          0          0      68215   stm32g4xx_hal_adc_ex.o
       350         22          0          0          0      34909   stm32g4xx_hal_cortex.o
      1090         22          0          0          0       6254   stm32g4xx_hal_dma.o
       470         32          0          0          0       2040   stm32g4xx_hal_gpio.o
       126          0          0          0          0       1887   stm32g4xx_hal_iwdg.o
        68          6          0          0          0        846   stm32g4xx_hal_msp.o
       300         18          0          0          0       1397   stm32g4xx_hal_pwr_ex.o
      2260        106          0          0          0       7208   stm32g4xx_hal_rcc.o
       880          8          0          0          0       1872   stm32g4xx_hal_rcc_ex.o
      3252         92         24          0          0      33982   stm32g4xx_hal_uart.o
       360         10         16          0          0       5394   stm32g4xx_hal_uart_ex.o
       130         36          0          0          0       7162   stm32g4xx_it.o
       144         14          0          0          0       1110   switch_hal.o
        96          8          0          4          0       1408   sys.o
        20          6         24          4          0       1115   system_stm32g4xx.o
       700         56          0          0        584       2820   usart.o

    ----------------------------------------------------------------------
     14104        650       1080         20       3980     880463   Object Totals
         0          0         32          0          0          0   (incl. Generated)
        12          0          0          0          0          0   (incl. Padding)

    ----------------------------------------------------------------------

      Code (inc. data)   RO Data    RW Data    ZI Data      Debug   Library Member Name

         0          0          0          0          0          0   entry.o
         0          0          0          0          0          0   entry10a.o
         0          0          0          0          0          0   entry11a.o
         8          4          0          0          0          0   entry2.o
         4          0          0          0          0          0   entry5.o
         0          0          0          0          0          0   entry7b.o
         0          0          0          0          0          0   entry8b.o
         8          4          0          0          0          0   entry9a.o
        30          0          0          0          0          0   handlers.o
        36          8          0          0          0         68   init.o
        30          0          0          0          0         68   llshl.o
        32          0          0          0          0         68   llushr.o
        36          0          0          0          0         68   memcpya.o
        36          0          0          0          0        108   memseta.o
        98          0          0          0          0         92   uldiv.o

    ----------------------------------------------------------------------
       320         16          0          0          0        472   Library Totals
         2          0          0          0          0          0   (incl. Padding)

    ----------------------------------------------------------------------

      Code (inc. data)   RO Data    RW Data    ZI Data      Debug   Library Name

       318         16          0          0          0        472   mc_w.l

    ----------------------------------------------------------------------
       320         16          0          0          0        472   Library Totals

    ----------------------------------------------------------------------

==============================================================================


      Code (inc. data)   RO Data    RW Data    ZI Data      Debug   

     14424        666       1080         20       3980     870783   Grand Totals
     14424        666       1080         20       3980     870783   ELF Image Totals
     14424        666       1080         20          0          0   ROM Totals

==============================================================================

    Total RO  Size (Code + RO Data)                15504 (  15.14kB)
    Total RW  Size (RW Data + ZI Data)              4000 (   3.91kB)
    Total ROM Size (Code + RO Data + RW Data)      15524 (  15.16kB)

==============================================================================

