Component: Arm Compiler for Embedded 6.19 Tool: armlink [5e73cb00]

==============================================================================

Section Cross References

    startup_stm32g431xx.o(RESET) refers to startup_stm32g431xx.o(STACK) for __initial_sp
    startup_stm32g431xx.o(RESET) refers to startup_stm32g431xx.o(.text) for Reset_Handler
    startup_stm32g431xx.o(RESET) refers to stm32g4xx_it.o(.text.NMI_Handler) for NMI_Handler
    startup_stm32g431xx.o(RESET) refers to stm32g4xx_it.o(.text.HardFault_Handler) for HardFault_Handler
    startup_stm32g431xx.o(RESET) refers to stm32g4xx_it.o(.text.MemManage_Handler) for MemManage_Handler
    startup_stm32g431xx.o(RESET) refers to stm32g4xx_it.o(.text.BusFault_Handler) for BusFault_Handler
    startup_stm32g431xx.o(RESET) refers to stm32g4xx_it.o(.text.UsageFault_Handler) for UsageFault_Handler
    startup_stm32g431xx.o(RESET) refers to stm32g4xx_it.o(.text.SVC_Handler) for SVC_Handler
    startup_stm32g431xx.o(RESET) refers to stm32g4xx_it.o(.text.DebugMon_Handler) for DebugMon_Handler
    startup_stm32g431xx.o(RESET) refers to stm32g4xx_it.o(.text.PendSV_Handler) for PendSV_Handler
    startup_stm32g431xx.o(RESET) refers to stm32g4xx_it.o(.text.SysTick_Handler) for SysTick_Handler
    startup_stm32g431xx.o(RESET) refers to stm32g4xx_it.o(.text.DMA1_Channel1_IRQHandler) for DMA1_Channel1_IRQHandler
    startup_stm32g431xx.o(RESET) refers to stm32g4xx_it.o(.text.DMA1_Channel2_IRQHandler) for DMA1_Channel2_IRQHandler
    startup_stm32g431xx.o(RESET) refers to stm32g4xx_it.o(.text.DMA1_Channel3_IRQHandler) for DMA1_Channel3_IRQHandler
    startup_stm32g431xx.o(RESET) refers to stm32g4xx_it.o(.text.DMA1_Channel4_IRQHandler) for DMA1_Channel4_IRQHandler
    startup_stm32g431xx.o(RESET) refers to stm32g4xx_it.o(.text.USART1_IRQHandler) for USART1_IRQHandler
    startup_stm32g431xx.o(RESET) refers to stm32g4xx_it.o(.text.USART2_IRQHandler) for USART2_IRQHandler
    startup_stm32g431xx.o(.text) refers to system_stm32g4xx.o(.text.SystemInit) for SystemInit
    startup_stm32g431xx.o(.text) refers to entry.o(.ARM.Collect$$$$00000000) for __main
    adc_app.o(.text.set_channel_pin) refers to adc_app.o(.rodata.channels) for channels
    adc_app.o(.text.set_channel_pin) refers to stm32g4xx_hal_gpio.o(.text.HAL_GPIO_WritePin) for HAL_GPIO_WritePin
    adc_app.o(.ARM.exidx.text.set_channel_pin) refers to adc_app.o(.text.set_channel_pin) for [Anonymous Symbol]
    adc_app.o(.text.adc_data_handler_with_idx) refers to adc_app.o(.bss.sensor_adc_data) for sensor_adc_data
    adc_app.o(.text.adc_data_handler_with_idx) refers to adc_app.o(.bss.points_data) for points_data
    adc_app.o(.ARM.exidx.text.adc_data_handler_with_idx) refers to adc_app.o(.text.adc_data_handler_with_idx) for [Anonymous Symbol]
    adc_app.o(.text.fill_tx_data) refers to adc_app.o(.bss.tx_data) for tx_data
    adc_app.o(.ARM.exidx.text.fill_tx_data) refers to adc_app.o(.text.fill_tx_data) for [Anonymous Symbol]
    adc_app.o(.text.uart_send) refers to adc_app.o(.text.fill_tx_data) for fill_tx_data
    adc_app.o(.text.uart_send) refers to adc_app.o(.bss.tx_data) for tx_data
    adc_app.o(.text.uart_send) refers to adc_app.o(.bss.points_data) for points_data
    adc_app.o(.text.uart_send) refers to memcpya.o(.text) for __aeabi_memcpy
    adc_app.o(.text.uart_send) refers to usart.o(.bss.huart1) for huart1
    adc_app.o(.text.uart_send) refers to stm32g4xx_hal_uart.o(.text.HAL_UART_Transmit_DMA) for HAL_UART_Transmit_DMA
    adc_app.o(.ARM.exidx.text.uart_send) refers to adc_app.o(.text.uart_send) for [Anonymous Symbol]
    adc_app.o(.text.main_adc_task) refers to adc_app.o(.text.set_channel_pin) for set_channel_pin
    adc_app.o(.text.main_adc_task) refers to switch_hal.o(.text.set_adc_ch) for set_adc_ch
    adc_app.o(.text.main_adc_task) refers to sys.o(.text.delay_us) for delay_us
    adc_app.o(.text.main_adc_task) refers to adc_app.o(.text.adc_data_handler_with_idx) for adc_data_handler_with_idx
    adc_app.o(.text.main_adc_task) refers to switch_hal.o(.text.disable_adc_ch) for disable_adc_ch
    adc_app.o(.text.main_adc_task) refers to adc_app.o(.text.uart_send) for uart_send
    adc_app.o(.ARM.exidx.text.main_adc_task) refers to adc_app.o(.text.main_adc_task) for [Anonymous Symbol]
    switch_hal.o(.text.set_adc_ch) refers to stm32g4xx_hal_gpio.o(.text.HAL_GPIO_WritePin) for HAL_GPIO_WritePin
    switch_hal.o(.ARM.exidx.text.set_adc_ch) refers to switch_hal.o(.text.set_adc_ch) for [Anonymous Symbol]
    switch_hal.o(.text.disable_adc_ch) refers to stm32g4xx_hal_gpio.o(.text.HAL_GPIO_WritePin) for HAL_GPIO_WritePin
    switch_hal.o(.ARM.exidx.text.disable_adc_ch) refers to switch_hal.o(.text.disable_adc_ch) for [Anonymous Symbol]
    sys.o(.text.delay_init) refers to stm32g4xx_hal_cortex.o(.text.HAL_SYSTICK_CLKSourceConfig) for HAL_SYSTICK_CLKSourceConfig
    sys.o(.text.delay_init) refers to sys.o(.bss.fac_us) for fac_us
[...]
    Removing stm32g4xx_hal_uart.o(.text.UART_TxISR_16BIT_FIFOEN), (206 bytes).
    Removing stm32g4xx_hal_uart.o(.ARM.exidx.text.UART_TxISR_16BIT_FIFOEN), (8 bytes).
    Removing stm32g4xx_hal_uart.o(.text.UART_TxISR_8BIT_FIFOEN), (196 bytes).
    Removing stm32g4xx_hal_uart.o(.ARM.exidx.text.UART_TxISR_8BIT_FIFOEN), (8 bytes).
    Removing stm32g4xx_hal_uart.o(.text.UART_TxISR_16BIT), (152 bytes).
    Removing stm32g4xx_hal_uart.o(.ARM.exidx.text.UART_TxISR_16BIT), (8 bytes).
    Removing stm32g4xx_hal_uart.o(.text.UART_TxISR_8BIT), (142 bytes).
    Removing stm32g4xx_hal_uart.o(.ARM.exidx.text.UART_TxISR_8BIT), (8 bytes).
    Removing stm32g4xx_hal_uart.o(.text.HAL_UART_Receive_IT), (160 bytes).
    Removing stm32g4xx_hal_uart.o(.ARM.exidx.text.HAL_UART_Receive_IT), (8 bytes).
    Removing stm32g4xx_hal_uart.o(.text.UART_Start_Receive_IT), (546 bytes).
    Removing stm32g4xx_hal_uart.o(.ARM.exidx.text.UART_Start_Receive_IT), (8 bytes).
    Removing stm32g4xx_hal_uart.o(.ARM.exidx.text.HAL_UART_Transmit_DMA), (8 bytes).
    Removing stm32g4xx_hal_uart.o(.ARM.exidx.text.UART_DMATransmitCplt), (8 bytes).
    Removing stm32g4xx_hal_uart.o(.ARM.exidx.text.UART_DMATxHalfCplt), (8 bytes).
    Removing stm32g4xx_hal_uart.o(.ARM.exidx.text.UART_DMAError), (8 bytes).
    Removing stm32g4xx_hal_uart.o(.text.HAL_UART_Receive_DMA), (160 bytes).
    Removing stm32g4xx_hal_uart.o(.ARM.exidx.text.HAL_UART_Receive_DMA), (8 bytes).
    Removing stm32g4xx_hal_uart.o(.text.UART_Start_Receive_DMA), (302 bytes).
    Removing stm32g4xx_hal_uart.o(.ARM.exidx.text.UART_Start_Receive_DMA), (8 bytes).
    Removing stm32g4xx_hal_uart.o(.text.HAL_UART_DMAPause), (226 bytes).
    Removing stm32g4xx_hal_uart.o(.ARM.exidx.text.HAL_UART_DMAPause), (8 bytes).
    Removing stm32g4xx_hal_uart.o(.text.HAL_UART_DMAResume), (208 bytes).
    Removing stm32g4xx_hal_uart.o(.ARM.exidx.text.HAL_UART_DMAResume), (8 bytes).
    Removing stm32g4xx_hal_uart.o(.text.HAL_UART_DMAStop), (288 bytes).
    Removing stm32g4xx_hal_uart.o(.ARM.exidx.text.HAL_UART_DMAStop), (8 bytes).
    Removing stm32g4xx_hal_uart.o(.ARM.exidx.text.UART_EndTxTransfer), (8 bytes).
    Removing stm32g4xx_hal_uart.o(.ARM.exidx.text.UART_EndRxTransfer), (8 bytes).
    Removing stm32g4xx_hal_uart.o(.text.HAL_UART_Abort), (478 bytes).
    Removing stm32g4xx_hal_uart.o(.ARM.exidx.text.HAL_UART_Abort), (8 bytes).
    Removing stm32g4xx_hal_uart.o(.text.HAL_UART_AbortTransmit), (256 bytes).
    Removing stm32g4xx_hal_uart.o(.ARM.exidx.text.HAL_UART_AbortTransmit), (8 bytes).
    Removing stm32g4xx_hal_uart.o(.text.HAL_UART_AbortReceive), (316 bytes).
    Removing stm32g4xx_hal_uart.o(.ARM.exidx.text.HAL_UART_AbortReceive), (8 bytes).
    Removing stm32g4xx_hal_uart.o(.text.HAL_UART_Abort_IT), (558 bytes).
    Removing stm32g4xx_hal_uart.o(.ARM.exidx.text.HAL_UART_Abort_IT), (8 bytes).
    Removing stm32g4xx_hal_uart.o(.text.UART_DMATxAbortCallback), (132 bytes).
    Removing stm32g4xx_hal_uart.o(.ARM.exidx.text.UART_DMATxAbortCallback), (8 bytes).
    Removing stm32g4xx_hal_uart.o(.text.UART_DMARxAbortCallback), (114 bytes).
    Removing stm32g4xx_hal_uart.o(.ARM.exidx.text.UART_DMARxAbortCallback), (8 bytes).
    Removing stm32g4xx_hal_uart.o(.text.HAL_UART_AbortCpltCallback), (8 bytes).
    Removing stm32g4xx_hal_uart.o(.ARM.exidx.text.HAL_UART_AbortCpltCallback), (8 bytes).
    Removing stm32g4xx_hal_uart.o(.text.HAL_UART_AbortTransmit_IT), (270 bytes).
    Removing stm32g4xx_hal_uart.o(.ARM.exidx.text.HAL_UART_AbortTransmit_IT), (8 bytes).
    Removing stm32g4xx_hal_uart.o(.text.UART_DMATxOnlyAbortCallback), (64 bytes).
    Removing stm32g4xx_hal_uart.o(.ARM.exidx.text.UART_DMATxOnlyAbortCallback), (8 bytes).
    Removing stm32g4xx_hal_uart.o(.text.HAL_UART_AbortTransmitCpltCallback), (8 bytes).
    Removing stm32g4xx_hal_uart.o(.ARM.exidx.text.HAL_UART_AbortTransmitCpltCallback), (8 bytes).
    Removing stm32g4xx_hal_uart.o(.text.HAL_UART_AbortReceive_IT), (344 bytes).
    Removing stm32g4xx_hal_uart.o(.ARM.exidx.text.HAL_UART_AbortReceive_IT), (8 bytes).
    Removing stm32g4xx_hal_uart.o(.text.UART_DMARxOnlyAbortCallback), (62 bytes).
    Removing stm32g4xx_hal_uart.o(.ARM.exidx.text.UART_DMARxOnlyAbortCallback), (8 bytes).
    Removing stm32g4xx_hal_uart.o(.text.HAL_UART_AbortReceiveCpltCallback), (8 bytes).
    Removing stm32g4xx_hal_uart.o(.ARM.exidx.text.HAL_UART_AbortReceiveCpltCallback), (8 bytes).
    Removing stm32g4xx_hal_uart.o(.ARM.exidx.text.HAL_UART_IRQHandler), (8 bytes).
    Removing stm32g4xx_hal_uart.o(.ARM.exidx.text.UART_DMAAbortOnError), (8 bytes).
    Removing stm32g4xx_hal_uart.o(.ARM.exidx.text.HAL_UART_ErrorCallback), (8 bytes).
    Removing stm32g4xx_hal_uart.o(.ARM.exidx.text.HAL_UARTEx_RxEventCallback), (8 bytes).
    Removing stm32g4xx_hal_uart.o(.ARM.exidx.text.UART_EndTransmit_IT), (8 bytes).
    Removing stm32g4xx_hal_uart.o(.ARM.exidx.text.HAL_UART_TxCpltCallback), (8 bytes).
    Removing stm32g4xx_hal_uart.o(.ARM.exidx.text.HAL_UART_TxHalfCpltCallback), (8 bytes).
    Removing stm32g4xx_hal_uart.o(.text.HAL_UART_RxCpltCallback), (8 bytes).
    Removing stm32g4xx_hal_uart.o(.ARM.exidx.text.HAL_UART_RxCpltCallback), (8 bytes).
    Removing stm32g4xx_hal_uart.o(.text.HAL_UART_RxHalfCpltCallback), (8 bytes).
    Removing stm32g4xx_hal_uart.o(.ARM.exidx.text.HAL_UART_RxHalfCpltCallback), (8 bytes).
    Removing stm32g4xx_hal_uart.o(.text.HAL_UART_ReceiverTimeout_Config), (50 bytes).
    Removing stm32g4xx_hal_uart.o(.ARM.exidx.text.HAL_UART_ReceiverTimeout_Config), (8 bytes).
    Removing stm32g4xx_hal_uart.o(.text.HAL_UART_EnableReceiverTimeout), (140 bytes).
    Removing stm32g4xx_hal_uart.o(.ARM.exidx.text.HAL_UART_EnableReceiverTimeout), (8 bytes).
    Removing stm32g4xx_hal_uart.o(.text.HAL_UART_DisableReceiverTimeout), (140 bytes).
    Removing stm32g4xx_hal_uart.o(.ARM.exidx.text.HAL_UART_DisableReceiverTimeout), (8 bytes).
    Removing stm32g4xx_hal_uart.o(.text.HAL_MultiProcessor_EnableMuteMode), (114 bytes).
    Removing stm32g4xx_hal_uart.o(.ARM.exidx.text.HAL_MultiProcessor_EnableMuteMode), (8 bytes).
    Removing stm32g4xx_hal_uart.o(.text.HAL_MultiProcessor_DisableMuteMode), (114 bytes).
    Removing stm32g4xx_hal_uart.o(.ARM.exidx.text.HAL_MultiProcessor_DisableMuteMode), (8 bytes).
    Removing stm32g4xx_hal_uart.o(.text.HAL_MultiProcessor_EnterMuteMode), (20 bytes).
    Removing stm32g4xx_hal_uart.o(.ARM.exidx.text.HAL_MultiProcessor_EnterMuteMode), (8 bytes).
    Removing stm32g4xx_hal_uart.o(.text.HAL_HalfDuplex_EnableTransmitter), (158 bytes).
    Removing stm32g4xx_hal_uart.o(.ARM.exidx.text.HAL_HalfDuplex_EnableTransmitter), (8 bytes).
    Removing stm32g4xx_hal_uart.o(.text.HAL_HalfDuplex_EnableReceiver), (158 bytes).
    Removing stm32g4xx_hal_uart.o(.ARM.exidx.text.HAL_HalfDuplex_EnableReceiver), (8 bytes).
    Removing stm32g4xx_hal_uart.o(.text.HAL_LIN_SendBreak), (94 bytes).
    Removing stm32g4xx_hal_uart.o(.ARM.exidx.text.HAL_LIN_SendBreak), (8 bytes).
    Removing stm32g4xx_hal_uart.o(.text.HAL_UART_GetState), (30 bytes).
    Removing stm32g4xx_hal_uart.o(.ARM.exidx.text.HAL_UART_GetState), (8 bytes).
    Removing stm32g4xx_hal_uart.o(.text.HAL_UART_GetError), (14 bytes).
    Removing stm32g4xx_hal_uart.o(.ARM.exidx.text.HAL_UART_GetError), (8 bytes).
    Removing stm32g4xx_hal_uart.o(.text.UART_RxISR_16BIT_FIFOEN), (776 bytes).
    Removing stm32g4xx_hal_uart.o(.ARM.exidx.text.UART_RxISR_16BIT_FIFOEN), (8 bytes).
    Removing stm32g4xx_hal_uart.o(.text.UART_RxISR_8BIT_FIFOEN), (772 bytes).
    Removing stm32g4xx_hal_uart.o(.ARM.exidx.text.UART_RxISR_8BIT_FIFOEN), (8 bytes).
    Removing stm32g4xx_hal_uart.o(.text.UART_RxISR_16BIT), (388 bytes).
    Removing stm32g4xx_hal_uart.o(.ARM.exidx.text.UART_RxISR_16BIT), (8 bytes).
    Removing stm32g4xx_hal_uart.o(.text.UART_RxISR_8BIT), (384 bytes).
    Removing stm32g4xx_hal_uart.o(.ARM.exidx.text.UART_RxISR_8BIT), (8 bytes).
    Removing stm32g4xx_hal_uart.o(.text.UART_DMAReceiveCplt), (248 bytes).
    Removing stm32g4xx_hal_uart.o(.ARM.exidx.text.UART_DMAReceiveCplt), (8 bytes).
    Removing stm32g4xx_hal_uart.o(.text.UART_DMARxHalfCplt), (54 bytes).
    Removing stm32g4xx_hal_uart.o(.ARM.exidx.text.UART_DMARxHalfCplt), (8 bytes).
    Removing stm32g4xx_hal_uart_ex.o(.text), (0 bytes).
    Removing stm32g4xx_hal_uart_ex.o(.text.HAL_RS485Ex_Init), (208 bytes).
    Removing stm32g4xx_hal_uart_ex.o(.ARM.exidx.text.HAL_RS485Ex_Init), (8 bytes).
    Removing stm32g4xx_hal_uart_ex.o(.ARM.exidx.text.HAL_UARTEx_WakeupCallback), (8 bytes).
    Removing stm32g4xx_hal_uart_ex.o(.ARM.exidx.text.HAL_UARTEx_RxFifoFullCallback), (8 bytes).
    Removing stm32g4xx_hal_uart_ex.o(.ARM.exidx.text.HAL_UARTEx_TxFifoEmptyCallback), (8 bytes).
    Removing stm32g4xx_hal_uart_ex.o(.text.HAL_MultiProcessorEx_AddressLength_Set), (94 bytes).
    Removing stm32g4xx_hal_uart_ex.o(.ARM.exidx.text.HAL_MultiProcessorEx_AddressLength_Set), (8 bytes).
    Removing stm32g4xx_hal_uart_ex.o(.text.HAL_UARTEx_StopModeWakeUpSourceConfig), (200 bytes).
    Removing stm32g4xx_hal_uart_ex.o(.ARM.exidx.text.HAL_UARTEx_StopModeWakeUpSourceConfig), (8 bytes).
    Removing stm32g4xx_hal_uart_ex.o(.text.UARTEx_Wakeup_AddressConfig), (58 bytes).
    Removing stm32g4xx_hal_uart_ex.o(.ARM.exidx.text.UARTEx_Wakeup_AddressConfig), (8 bytes).
    Removing stm32g4xx_hal_uart_ex.o(.text.HAL_UARTEx_EnableStopMode), (104 bytes).
    Removing stm32g4xx_hal_uart_ex.o(.ARM.exidx.text.HAL_UARTEx_EnableStopMode), (8 bytes).
    Removing stm32g4xx_hal_uart_ex.o(.text.HAL_UARTEx_DisableStopMode), (104 bytes).
    Removing stm32g4xx_hal_uart_ex.o(.ARM.exidx.text.HAL_UARTEx_DisableStopMode), (8 bytes).
    Removing stm32g4xx_hal_uart_ex.o(.text.HAL_UARTEx_EnableFifoMode), (134 bytes).
    Removing stm32g4xx_hal_uart_ex.o(.ARM.exidx.text.HAL_UARTEx_EnableFifoMode), (8 bytes).
    Removing stm32g4xx_hal_uart_ex.o(.ARM.exidx.text.UARTEx_SetNbDataToProcess), (8 bytes).
    Removing stm32g4xx_hal_uart_ex.o(.ARM.exidx.text.HAL_UARTEx_DisableFifoMode), (8 bytes).
    Removing stm32g4xx_hal_uart_ex.o(.ARM.exidx.text.HAL_UARTEx_SetTxFifoThreshold), (8 bytes).
    Removing stm32g4xx_hal_uart_ex.o(.ARM.exidx.text.HAL_UARTEx_SetRxFifoThreshold), (8 bytes).
    Removing stm32g4xx_hal_uart_ex.o(.text.HAL_UARTEx_ReceiveToIdle), (560 bytes).
    Removing stm32g4xx_hal_uart_ex.o(.ARM.exidx.text.HAL_UARTEx_ReceiveToIdle), (8 bytes).
    Removing stm32g4xx_hal_uart_ex.o(.text.HAL_UARTEx_ReceiveToIdle_IT), (168 bytes).
    Removing stm32g4xx_hal_uart_ex.o(.ARM.exidx.text.HAL_UARTEx_ReceiveToIdle_IT), (8 bytes).
    Removing stm32g4xx_hal_uart_ex.o(.text.HAL_UARTEx_ReceiveToIdle_DMA), (176 bytes).
    Removing stm32g4xx_hal_uart_ex.o(.ARM.exidx.text.HAL_UARTEx_ReceiveToIdle_DMA), (8 bytes).
    Removing stm32g4xx_hal_uart_ex.o(.text.HAL_UARTEx_GetRxEventType), (12 bytes).
    Removing stm32g4xx_hal_uart_ex.o(.ARM.exidx.text.HAL_UARTEx_GetRxEventType), (8 bytes).
    Removing system_stm32g4xx.o(.text), (0 bytes).
    Removing system_stm32g4xx.o(.ARM.exidx.text.SystemInit), (8 bytes).
    Removing system_stm32g4xx.o(.text.SystemCoreClockUpdate), (256 bytes).
    Removing system_stm32g4xx.o(.ARM.exidx.text.SystemCoreClockUpdate), (8 bytes).

879 unused section(s) (total 50838 bytes) removed from the image.

==============================================================================

Image Symbol Table

    Local Symbols

    Symbol Name                              Value     Ov Type        Size  Object(Section)

    ../clib/microlib/division.c              0x00000000   Number         0  uldiv.o ABSOLUTE
    ../clib/microlib/init/entry.s            0x00000000   Number         0  entry.o ABSOLUTE
    ../clib/microlib/init/entry.s            0x00000000   Number         0  entry2.o ABSOLUTE
    ../clib/microlib/init/entry.s            0x00000000   Number         0  entry5.o ABSOLUTE
    ../clib/microlib/init/entry.s            0x00000000   Number         0  entry7a.o ABSOLUTE
    ../clib/microlib/init/entry.s            0x00000000   Number         0  entry7b.o ABSOLUTE
    ../clib/microlib/init/entry.s            0x00000000   Number         0  entry8a.o ABSOLUTE
    ../clib/microlib/init/entry.s            0x00000000   Number         0  entry8b.o ABSOLUTE
    ../clib/microlib/init/entry.s            0x00000000   Number         0  entry9a.o ABSOLUTE
    ../clib/microlib/init/entry.s            0x00000000   Number         0  entry9b.o ABSOLUTE
    ../clib/microlib/init/entry.s            0x00000000   Number         0  entry10a.o ABSOLUTE
    ../clib/microlib/init/entry.s            0x00000000   Number         0  entry10b.o ABSOLUTE
    ../clib/microlib/init/entry.s            0x00000000   Number         0  entry11a.o ABSOLUTE
    ../clib/microlib/init/entry.s            0x00000000   Number         0  entry11b.o ABSOLUTE
    ../clib/microlib/longlong.c              0x00000000   Number         0  llshl.o ABSOLUTE
    ../clib/microlib/longlong.c              0x00000000   Number         0  llushr.o ABSOLUTE
    ../clib/microlib/string/memcpy.c         0x00000000   Number         0  memcpya.o ABSOLUTE
    ../clib/microlib/string/memcpy.c         0x00000000   Number         0  memcpyb.o ABSOLUTE
    ../clib/microlib/string/memset.c         0x00000000   Number         0  memseta.o ABSOLUTE
    adc.c                                    0x00000000   Number         0  adc.o ABSOLUTE
    adc_app.c                                0x00000000   Number         0  adc_app.o ABSOLUTE
    dc.s                                     0x00000000   Number         0  dc.o ABSOLUTE
    dma.c                                    0x00000000   Number         0  dma.o ABSOLUTE
    gpio.c                                   0x00000000   Number         0  gpio.o ABSOLUTE
    handlers.s                               0x00000000   Number         0  handlers.o ABSOLUTE
    init.s                                   0x00000000   Number         0  init.o ABSOLUTE
    iwdg.c                                   0x00000000   Number         0  iwdg.o ABSOLUTE
    main.c                                   0x00000000   Number         0  main.o ABSOLUTE
    startup_stm32g431xx.s                    0x00000000   Number         0  startup_stm32g431xx.o ABSOLUTE
    stm32g4xx_hal.c                          0x00000000   Number         0  stm32g4xx_hal.o ABSOLUTE
    stm32g4xx_hal_adc.c                      0x00000000   Number         0  stm32g4xx_hal_adc.o ABSOLUTE
    stm32g4xx_hal_adc_ex.c                   0x00000000   Number         0  stm32g4xx_hal_adc_ex.o ABSOLUTE
    stm32g4xx_hal_cortex.c                   0x00000000   Number         0  stm32g4xx_hal_cortex.o ABSOLUTE
    stm32g4xx_hal_dma.c                      0x00000000   Number         0  stm32g4xx_hal_dma.o ABSOLUTE
    stm32g4xx_hal_dma_ex.c                   0x00000000   Number         0  stm32g4xx_hal_dma_ex.o ABSOLUTE
    stm32g4xx_hal_exti.c                     0x00000000   Number         0  stm32g4xx_hal_exti.o ABSOLUTE
    stm32g4xx_hal_flash.c                    0x00000000   Number         0  stm32g4xx_hal_flash.o ABSOLUTE
    stm32g4xx_hal_flash_ex.c                 0x00000000   Number         0  stm32g4xx_hal_flash_ex.o ABSOLUTE
    stm32g4xx_hal_flash_ramfunc.c            0x00000000   Number         0  stm32g4xx_hal_flash_ramfunc.o ABSOLUTE
    stm32g4xx_hal_gpio.c                     0x00000000   Number         0  stm32g4xx_hal_gpio.o ABSOLUTE
    stm32g4xx_hal_iwdg.c                     0x00000000   Number         0  stm32g4xx_hal_iwdg.o ABSOLUTE
    stm32g4xx_hal_msp.c                      0x00000000   Number         0  stm32g4xx_hal_msp.o ABSOLUTE
    stm32g4xx_hal_pwr.c                      0x00000000   Number         0  stm32g4xx_hal_pwr.o ABSOLUTE
    stm32g4xx_hal_pwr_ex.c                   0x00000000   Number         0  stm32g4xx_hal_pwr_ex.o ABSOLUTE
    stm32g4xx_hal_rcc.c                      0x00000000   Number         0  stm32g4xx_hal_rcc.o ABSOLUTE
    stm32g4xx_hal_rcc_ex.c                   0x00000000   Number         0  stm32g4xx_hal_rcc_ex.o ABSOLUTE
    stm32g4xx_hal_uart.c                     0x00000000   Number         0  stm32g4xx_hal_uart.o ABSOLUTE
    stm32g4xx_hal_uart_ex.c                  0x00000000   Number         0  stm32g4xx_hal_uart_ex.o ABSOLUTE
    stm32g4xx_it.c                           0x00000000   Number         0  stm32g4xx_it.o ABSOLUTE
    stm32g4xx_ll_adc.c                       0x00000000   Number         0  stm32g4xx_ll_adc.o ABSOLUTE
    switch_hal.c                             0x00000000   Number         0  switch_hal.o ABSOLUTE
    sys.c                                    0x00000000   Number         0  sys.o ABSOLUTE
    system_stm32g4xx.c                       0x00000000   Number         0  system_stm32g4xx.o ABSOLUTE
    usart.c                                  0x00000000   Number         0  usart.o ABSOLUTE
    RESET                                    0x08000000   Section      472  startup_stm32g431xx.o(RESET)
    .ARM.Collect$$$$00000000                 0x080001d8   Section        0  entry.o(.ARM.Collect$$$$00000000)
    .ARM.Collect$$$$00000001                 0x080001d8   Section        4  entry2.o(.ARM.Collect$$$$00000001)
    .ARM.Collect$$$$00000004                 0x080001dc   Section        4  entry5.o(.ARM.Collect$$$$00000004)
    .ARM.Collect$$$$00000008                 0x080001e0   Section        0  entry7b.o(.ARM.Collect$$$$00000008)
    .ARM.Collect$$$$0000000A                 0x080001e0   Section        0  entry8b.o(.ARM.Collect$$$$0000000A)
    .ARM.Collect$$$$0000000B                 0x080001e0   Section        8  entry9a.o(.ARM.Collect$$$$0000000B)
    __lit__00000000                          0x080001e8   Data           4  entry2.o(.ARM.Collect$$$$00002712)
    .ARM.Collect$$$$0000000D                 0x080001e8   Section        0  entry10a.o(.ARM.Collect$$$$0000000D)
    .ARM.Collect$$$$0000000F                 0x080001e8   Section        0  entry11a.o(.ARM.Collect$$$$0000000F)
    .ARM.Collect$$$$00002712                 0x080001e8   Section        4  entry2.o(.ARM.Collect$$$$00002712)
    $v0                                      0x080001ec   Number         0  startup_stm32g431xx.o(.text)
    .text                                    0x080001ec   Section       36  startup_stm32g431xx.o(.text)
    .text                                    0x08000210   Section        0  uldiv.o(.text)
    .text                                    0x08000272   Section        0  memcpya.o(.text)
    .text                                    0x08000296   Section        0  memseta.o(.text)
    .text                                    0x080002ba   Section        0  llshl.o(.text)
    .text                                    0x080002d8   Section        0  llushr.o(.text)
    .text                                    0x080002f8   Section       36  init.o(.text)
    [Anonymous Symbol]                       0x0800031c   Section        0  stm32g4xx_hal_adc.o(.text.ADC_DMAConvCplt)
    [Anonymous Symbol]                       0x080003f0   Section        0  stm32g4xx_hal_adc.o(.text.ADC_DMAError)
    [Anonymous Symbol]                       0x0800041c   Section        0  stm32g4xx_hal_adc.o(.text.ADC_DMAHalfConvCplt)
    [Anonymous Symbol]                       0x08000434   Section        0  stm32g4xx_hal_adc.o(.text.ADC_Enable)
    [Anonymous Symbol]                       0x08000544   Section        0  stm32g4xx_it.o(.text.BusFault_Handler)
    [Anonymous Symbol]                       0x08000548   Section        0  stm32g4xx_it.o(.text.DMA1_Channel1_IRQHandler)
    [Anonymous Symbol]                       0x08000558   Section        0  stm32g4xx_it.o(.text.DMA1_Channel2_IRQHandler)
    [Anonymous Symbol]                       0x08000568   Section        0  stm32g4xx_it.o(.text.DMA1_Channel3_IRQHandler)
    [Anonymous Symbol]                       0x08000578   Section        0  stm32g4xx_it.o(.text.DMA1_Channel4_IRQHandler)
    DMA_CalcDMAMUXChannelBaseAndMask         0x08000589   Thumb Code   116  stm32g4xx_hal_dma.o(.text.DMA_CalcDMAMUXChannelBaseAndMask)
    [Anonymous Symbol]                       0x08000588   Section        0  stm32g4xx_hal_dma.o(.text.DMA_CalcDMAMUXChannelBaseAndMask)
    DMA_CalcDMAMUXRequestGenBaseAndMask      0x080005fd   Thumb Code    60  stm32g4xx_hal_dma.o(.text.DMA_CalcDMAMUXRequestGenBaseAndMask)
    [Anonymous Symbol]                       0x080005fc   Section        0  stm32g4xx_hal_dma.o(.text.DMA_CalcDMAMUXRequestGenBaseAndMask)
    DMA_SetConfig                            0x08000639   Thumb Code   110  stm32g4xx_hal_dma.o(.text.DMA_SetConfig)
    [Anonymous Symbol]                       0x08000638   Section        0  stm32g4xx_hal_dma.o(.text.DMA_SetConfig)
    [Anonymous Symbol]                       0x080006a8   Section        0  stm32g4xx_it.o(.text.DebugMon_Handler)
    [Anonymous Symbol]                       0x080006ac   Section        0  main.o(.text.Error_Handler)
    [Anonymous Symbol]                       0x080006bc   Section        0  stm32g4xx_hal_adc_ex.o(.text.HAL_ADCEx_MultiModeConfigChannel)
    [Anonymous Symbol]                       0x08000834   Section        0  stm32g4xx_hal_adc.o(.text.HAL_ADC_ConfigChannel)
    [Anonymous Symbol]                       0x0800101c   Section        0  stm32g4xx_hal_adc.o(.text.HAL_ADC_ConvCpltCallback)
    [Anonymous Symbol]                       0x08001024   Section        0  stm32g4xx_hal_adc.o(.text.HAL_ADC_ConvHalfCpltCallback)
    [Anonymous Symbol]                       0x0800102c   Section        0  stm32g4xx_hal_adc.o(.text.HAL_ADC_ErrorCallback)
    [Anonymous Symbol]                       0x08001034   Section        0  stm32g4xx_hal_adc.o(.text.HAL_ADC_Init)
    [Anonymous Symbol]                       0x0800134c   Section        0  adc.o(.text.HAL_ADC_MspInit)
    [Anonymous Symbol]                       0x0800143c   Section        0  stm32g4xx_hal_adc.o(.text.HAL_ADC_Start_DMA)
    [Anonymous Symbol]                       0x080015d8   Section        0  stm32g4xx_hal_dma.o(.text.HAL_DMA_Abort)
    [Anonymous Symbol]                       0x08001674   Section        0  stm32g4xx_hal_dma.o(.text.HAL_DMA_Abort_IT)
    [Anonymous Symbol]                       0x08001738   Section        0  stm32g4xx_hal_dma.o(.text.HAL_DMA_IRQHandler)
    [Anonymous Symbol]                       0x08001890   Section        0  stm32g4xx_hal_dma.o(.text.HAL_DMA_Init)
    [Anonymous Symbol]                       0x080019e8   Section        0  stm32g4xx_hal_dma.o(.text.HAL_DMA_Start_IT)
    [Anonymous Symbol]                       0x08001ae4   Section        0  stm32g4xx_hal_gpio.o(.text.HAL_GPIO_Init)
    [Anonymous Symbol]                       0x08001e4c   Section        0  stm32g4xx_hal_gpio.o(.text.HAL_GPIO_WritePin)
    [Anonymous Symbol]                       0x08001e78   Section        0  stm32g4xx_hal.o(.text.HAL_GetTick)
    [Anonymous Symbol]                       0x08001e84   Section        0  stm32g4xx_hal_iwdg.o(.text.HAL_IWDG_Init)
    [Anonymous Symbol]                       0x08001f2c   Section        0  stm32g4xx_hal_iwdg.o(.text.HAL_IWDG_Refresh)
    [Anonymous Symbol]                       0x08001f40   Section        0  stm32g4xx_hal.o(.text.HAL_IncTick)
    [Anonymous Symbol]                       0x08001f5c   Section        0  stm32g4xx_hal.o(.text.HAL_Init)
    [Anonymous Symbol]                       0x08001f8c   Section        0  stm32g4xx_hal.o(.text.HAL_InitTick)
    [Anonymous Symbol]                       0x08002014   Section        0  stm32g4xx_hal_msp.o(.text.HAL_MspInit)
    [Anonymous Symbol]                       0x0800205c   Section        0  stm32g4xx_hal_cortex.o(.text.HAL_NVIC_EnableIRQ)
    [Anonymous Symbol]                       0x08002070   Section        0  stm32g4xx_hal_cortex.o(.text.HAL_NVIC_SetPriority)
    [Anonymous Symbol]                       0x080020a0   Section        0  stm32g4xx_hal_cortex.o(.text.HAL_NVIC_SetPriorityGrouping)
    [Anonymous Symbol]                       0x080020b0   Section        0  stm32g4xx_hal_pwr_ex.o(.text.HAL_PWREx_ControlVoltageScaling)
    [Anonymous Symbol]                       0x08002264   Section        0  stm32g4xx_hal_pwr_ex.o(.text.HAL_PWREx_DisableUCPDDeadBattery)
    [Anonymous Symbol]                       0x08002278   Section        0  stm32g4xx_hal_rcc_ex.o(.text.HAL_RCCEx_PeriphCLKConfig)
    [Anonymous Symbol]                       0x080026d4   Section        0  stm32g4xx_hal_rcc.o(.text.HAL_RCC_ClockConfig)
    [Anonymous Symbol]                       0x080029fc   Section        0  stm32g4xx_hal_rcc.o(.text.HAL_RCC_GetHCLKFreq)
    [Anonymous Symbol]                       0x08002a08   Section        0  stm32g4xx_hal_rcc.o(.text.HAL_RCC_GetPCLK1Freq)
    [Anonymous Symbol]                       0x08002a30   Section        0  stm32g4xx_hal_rcc.o(.text.HAL_RCC_GetPCLK2Freq)
    [Anonymous Symbol]                       0x08002a58   Section        0  stm32g4xx_hal_rcc.o(.text.HAL_RCC_GetSysClockFreq)
    [Anonymous Symbol]                       0x08002b54   Section        0  stm32g4xx_hal_rcc.o(.text.HAL_RCC_OscConfig)
    [Anonymous Symbol]                       0x0800330c   Section        0  stm32g4xx_hal_cortex.o(.text.HAL_SYSTICK_CLKSourceConfig)
    [Anonymous Symbol]                       0x08003340   Section        0  stm32g4xx_hal_cortex.o(.text.HAL_SYSTICK_Config)
    [Anonymous Symbol]                       0x08003350   Section        0  stm32g4xx_hal_uart_ex.o(.text.HAL_UARTEx_DisableFifoMode)
    [Anonymous Symbol]                       0x080033cc   Section        0  stm32g4xx_hal_uart.o(.text.HAL_UARTEx_RxEventCallback)
    [Anonymous Symbol]                       0x080033d8   Section        0  stm32g4xx_hal_uart_ex.o(.text.HAL_UARTEx_RxFifoFullCallback)
    [Anonymous Symbol]                       0x080033e0   Section        0  stm32g4xx_hal_uart_ex.o(.text.HAL_UARTEx_SetRxFifoThreshold)
    [Anonymous Symbol]                       0x0800346c   Section        0  stm32g4xx_hal_uart_ex.o(.text.HAL_UARTEx_SetTxFifoThreshold)
    [Anonymous Symbol]                       0x080034f8   Section        0  stm32g4xx_hal_uart_ex.o(.text.HAL_UARTEx_TxFifoEmptyCallback)
    [Anonymous Symbol]                       0x08003500   Section        0  stm32g4xx_hal_uart_ex.o(.text.HAL_UARTEx_WakeupCallback)
    [Anonymous Symbol]                       0x08003508   Section        0  stm32g4xx_hal_uart.o(.text.HAL_UART_ErrorCallback)
    [Anonymous Symbol]                       0x08003510   Section        0  stm32g4xx_hal_uart.o(.text.HAL_UART_IRQHandler)
    [Anonymous Symbol]                       0x08003aa8   Section        0  stm32g4xx_hal_uart.o(.text.HAL_UART_Init)
    [Anonymous Symbol]                       0x08003b54   Section        0  usart.o(.text.HAL_UART_MspInit)
    [Anonymous Symbol]                       0x08003d94   Section        0  stm32g4xx_hal_uart.o(.text.HAL_UART_Transmit_DMA)
    [Anonymous Symbol]                       0x08003e9c   Section        0  stm32g4xx_hal_uart.o(.text.HAL_UART_TxCpltCallback)
    [Anonymous Symbol]                       0x08003ea4   Section        0  stm32g4xx_hal_uart.o(.text.HAL_UART_TxHalfCpltCallback)
    [Anonymous Symbol]                       0x08003eac   Section        0  stm32g4xx_it.o(.text.HardFault_Handler)
    LL_ADC_DisableDeepPowerDown              0x08003eb1   Thumb Code    24  stm32g4xx_hal_adc.o(.text.LL_ADC_DisableDeepPowerDown)
    [Anonymous Symbol]                       0x08003eb0   Section        0  stm32g4xx_hal_adc.o(.text.LL_ADC_DisableDeepPowerDown)
    LL_ADC_Enable                            0x08003ec9   Thumb Code    28  stm32g4xx_hal_adc.o(.text.LL_ADC_Enable)
    [Anonymous Symbol]                       0x08003ec8   Section        0  stm32g4xx_hal_adc.o(.text.LL_ADC_Enable)
    LL_ADC_EnableInternalRegulator           0x08003ee5   Thumb Code    30  stm32g4xx_hal_adc.o(.text.LL_ADC_EnableInternalRegulator)
    [Anonymous Symbol]                       0x08003ee4   Section        0  stm32g4xx_hal_adc.o(.text.LL_ADC_EnableInternalRegulator)
    LL_ADC_GetCommonPathInternalCh           0x08003f05   Thumb Code    16  stm32g4xx_hal_adc.o(.text.LL_ADC_GetCommonPathInternalCh)
    [Anonymous Symbol]                       0x08003f04   Section        0  stm32g4xx_hal_adc.o(.text.LL_ADC_GetCommonPathInternalCh)
    LL_ADC_GetMultimode                      0x08003f15   Thumb Code    16  stm32g4xx_hal_adc.o(.text.LL_ADC_GetMultimode)
    [Anonymous Symbol]                       0x08003f14   Section        0  stm32g4xx_hal_adc.o(.text.LL_ADC_GetMultimode)
    LL_ADC_GetOffsetChannel                  0x08003f25   Thumb Code    30  stm32g4xx_hal_adc.o(.text.LL_ADC_GetOffsetChannel)
    [Anonymous Symbol]                       0x08003f24   Section        0  stm32g4xx_hal_adc.o(.text.LL_ADC_GetOffsetChannel)
    LL_ADC_INJ_IsConversionOngoing           0x08003f45   Thumb Code    16  stm32g4xx_hal_adc.o(.text.LL_ADC_INJ_IsConversionOngoing)
    [Anonymous Symbol]                       0x08003f44   Section        0  stm32g4xx_hal_adc.o(.text.LL_ADC_INJ_IsConversionOngoing)
    LL_ADC_IsDeepPowerDownEnabled            0x08003f55   Thumb Code    16  stm32g4xx_hal_adc.o(.text.LL_ADC_IsDeepPowerDownEnabled)
    [Anonymous Symbol]                       0x08003f54   Section        0  stm32g4xx_hal_adc.o(.text.LL_ADC_IsDeepPowerDownEnabled)
    LL_ADC_IsEnabled                         0x08003f65   Thumb Code    16  stm32g4xx_hal_adc.o(.text.LL_ADC_IsEnabled)
    [Anonymous Symbol]                       0x08003f64   Section        0  stm32g4xx_hal_adc.o(.text.LL_ADC_IsEnabled)
    LL_ADC_IsEnabled                         0x08003f75   Thumb Code    16  stm32g4xx_hal_adc_ex.o(.text.LL_ADC_IsEnabled)
    [Anonymous Symbol]                       0x08003f74   Section        0  stm32g4xx_hal_adc_ex.o(.text.LL_ADC_IsEnabled)
    LL_ADC_IsInternalRegulatorEnabled        0x08003f85   Thumb Code    16  stm32g4xx_hal_adc.o(.text.LL_ADC_IsInternalRegulatorEnabled)
    [Anonymous Symbol]                       0x08003f84   Section        0  stm32g4xx_hal_adc.o(.text.LL_ADC_IsInternalRegulatorEnabled)
    LL_ADC_REG_IsConversionOngoing           0x08003f95   Thumb Code    16  stm32g4xx_hal_adc.o(.text.LL_ADC_REG_IsConversionOngoing)
    [Anonymous Symbol]                       0x08003f94   Section        0  stm32g4xx_hal_adc.o(.text.LL_ADC_REG_IsConversionOngoing)
    LL_ADC_REG_IsConversionOngoing           0x08003fa5   Thumb Code    16  stm32g4xx_hal_adc_ex.o(.text.LL_ADC_REG_IsConversionOngoing)
    [Anonymous Symbol]                       0x08003fa4   Section        0  stm32g4xx_hal_adc_ex.o(.text.LL_ADC_REG_IsConversionOngoing)
    LL_ADC_REG_IsTriggerSourceSWStart        0x08003fb5   Thumb Code    22  stm32g4xx_hal_adc.o(.text.LL_ADC_REG_IsTriggerSourceSWStart)
    [Anonymous Symbol]                       0x08003fb4   Section        0  stm32g4xx_hal_adc.o(.text.LL_ADC_REG_IsTriggerSourceSWStart)
    LL_ADC_REG_SetSequencerRanks             0x08003fcd   Thumb Code    58  stm32g4xx_hal_adc.o(.text.LL_ADC_REG_SetSequencerRanks)
    [Anonymous Symbol]                       0x08003fcc   Section        0  stm32g4xx_hal_adc.o(.text.LL_ADC_REG_SetSequencerRanks)
    LL_ADC_REG_StartConversion               0x08004009   Thumb Code    28  stm32g4xx_hal_adc.o(.text.LL_ADC_REG_StartConversion)
    [Anonymous Symbol]                       0x08004008   Section        0  stm32g4xx_hal_adc.o(.text.LL_ADC_REG_StartConversion)
    LL_ADC_SetChannelSamplingTime            0x08004025   Thumb Code    54  stm32g4xx_hal_adc.o(.text.LL_ADC_SetChannelSamplingTime)
    [Anonymous Symbol]                       0x08004024   Section        0  stm32g4xx_hal_adc.o(.text.LL_ADC_SetChannelSamplingTime)
    LL_ADC_SetChannelSingleDiff              0x0800405d   Thumb Code    52  stm32g4xx_hal_adc.o(.text.LL_ADC_SetChannelSingleDiff)
    [Anonymous Symbol]                       0x0800405c   Section        0  stm32g4xx_hal_adc.o(.text.LL_ADC_SetChannelSingleDiff)
    LL_ADC_SetCommonClock                    0x08004091   Thumb Code    26  stm32g4xx_hal_adc.o(.text.LL_ADC_SetCommonClock)
    [Anonymous Symbol]                       0x08004090   Section        0  stm32g4xx_hal_adc.o(.text.LL_ADC_SetCommonClock)
    LL_ADC_SetCommonPathInternalCh           0x080040ad   Thumb Code    26  stm32g4xx_hal_adc.o(.text.LL_ADC_SetCommonPathInternalCh)
    [Anonymous Symbol]                       0x080040ac   Section        0  stm32g4xx_hal_adc.o(.text.LL_ADC_SetCommonPathInternalCh)
    LL_ADC_SetOffset                         0x080040c9   Thumb Code    60  stm32g4xx_hal_adc.o(.text.LL_ADC_SetOffset)
    [Anonymous Symbol]                       0x080040c8   Section        0  stm32g4xx_hal_adc.o(.text.LL_ADC_SetOffset)
    LL_ADC_SetOffsetSaturation               0x08004105   Thumb Code    40  stm32g4xx_hal_adc.o(.text.LL_ADC_SetOffsetSaturation)
    [Anonymous Symbol]                       0x08004104   Section        0  stm32g4xx_hal_adc.o(.text.LL_ADC_SetOffsetSaturation)
    LL_ADC_SetOffsetSign                     0x0800412d   Thumb Code    40  stm32g4xx_hal_adc.o(.text.LL_ADC_SetOffsetSign)
    [Anonymous Symbol]                       0x0800412c   Section        0  stm32g4xx_hal_adc.o(.text.LL_ADC_SetOffsetSign)
    LL_ADC_SetOffsetState                    0x08004155   Thumb Code    40  stm32g4xx_hal_adc.o(.text.LL_ADC_SetOffsetState)
    [Anonymous Symbol]                       0x08004154   Section        0  stm32g4xx_hal_adc.o(.text.LL_ADC_SetOffsetState)
    LL_ADC_SetSamplingTimeCommonConfig       0x0800417d   Thumb Code    26  stm32g4xx_hal_adc.o(.text.LL_ADC_SetSamplingTimeCommonConfig)
    [Anonymous Symbol]                       0x0800417c   Section        0  stm32g4xx_hal_adc.o(.text.LL_ADC_SetSamplingTimeCommonConfig)
    [Anonymous Symbol]                       0x08004198   Section        0  adc.o(.text.MX_ADC1_Init)
    [Anonymous Symbol]                       0x08004258   Section        0  dma.o(.text.MX_DMA_Init)
    [Anonymous Symbol]                       0x080042e8   Section        0  gpio.o(.text.MX_GPIO_Init)
    [Anonymous Symbol]                       0x08004498   Section        0  iwdg.o(.text.MX_IWDG_Init)
    [Anonymous Symbol]                       0x080044c8   Section        0  usart.o(.text.MX_USART1_UART_Init)
    [Anonymous Symbol]                       0x0800455c   Section        0  usart.o(.text.MX_USART2_UART_Init)
    [Anonymous Symbol]                       0x080045ec   Section        0  stm32g4xx_it.o(.text.MemManage_Handler)
    [Anonymous Symbol]                       0x080045f0   Section        0  stm32g4xx_it.o(.text.NMI_Handler)
    NVIC_EncodePriority                      0x080045f5   Thumb Code   108  stm32g4xx_hal_cortex.o(.text.NVIC_EncodePriority)
    [Anonymous Symbol]                       0x080045f4   Section        0  stm32g4xx_hal_cortex.o(.text.NVIC_EncodePriority)
    [Anonymous Symbol]                       0x08004660   Section        0  stm32g4xx_it.o(.text.PendSV_Handler)
    RCC_GetSysClockFreqFromPLLSource         0x08004665   Thumb Code   156  stm32g4xx_hal_rcc.o(.text.RCC_GetSysClockFreqFromPLLSource)
    [Anonymous Symbol]                       0x08004664   Section        0  stm32g4xx_hal_rcc.o(.text.RCC_GetSysClockFreqFromPLLSource)
    [Anonymous Symbol]                       0x08004700   Section        0  stm32g4xx_it.o(.text.SVC_Handler)
    SysTick_Config                           0x08004705   Thumb Code    82  stm32g4xx_hal_cortex.o(.text.SysTick_Config)
    [Anonymous Symbol]                       0x08004704   Section        0  stm32g4xx_hal_cortex.o(.text.SysTick_Config)
    [Anonymous Symbol]                       0x08004758   Section        0  stm32g4xx_it.o(.text.SysTick_Handler)
    [Anonymous Symbol]                       0x08004760   Section        0  main.o(.text.SystemClock_Config)
    [Anonymous Symbol]                       0x080047d8   Section        0  system_stm32g4xx.o(.text.SystemInit)
    UARTEx_SetNbDataToProcess                0x080047ed   Thumb Code   134  stm32g4xx_hal_uart_ex.o(.text.UARTEx_SetNbDataToProcess)
    [Anonymous Symbol]                       0x080047ec   Section        0  stm32g4xx_hal_uart_ex.o(.text.UARTEx_SetNbDataToProcess)
    [Anonymous Symbol]                       0x08004874   Section        0  stm32g4xx_hal_uart.o(.text.UART_AdvFeatureConfig)
    [Anonymous Symbol]                       0x080049bc   Section        0  stm32g4xx_hal_uart.o(.text.UART_CheckIdleState)
    UART_DMAAbortOnError                     0x08004b05   Thumb Code    30  stm32g4xx_hal_uart.o(.text.UART_DMAAbortOnError)
    [Anonymous Symbol]                       0x08004b04   Section        0  stm32g4xx_hal_uart.o(.text.UART_DMAAbortOnError)
    UART_DMAError                            0x08004b25   Thumb Code   128  stm32g4xx_hal_uart.o(.text.UART_DMAError)
    [Anonymous Symbol]                       0x08004b24   Section        0  stm32g4xx_hal_uart.o(.text.UART_DMAError)
    UART_DMATransmitCplt                     0x08004ba5   Thumb Code   124  stm32g4xx_hal_uart.o(.text.UART_DMATransmitCplt)
    [Anonymous Symbol]                       0x08004ba4   Section        0  stm32g4xx_hal_uart.o(.text.UART_DMATransmitCplt)
    UART_DMATxHalfCplt                       0x08004c21   Thumb Code    22  stm32g4xx_hal_uart.o(.text.UART_DMATxHalfCplt)
    [Anonymous Symbol]                       0x08004c20   Section        0  stm32g4xx_hal_uart.o(.text.UART_DMATxHalfCplt)
    UART_EndRxTransfer                       0x08004c39   Thumb Code   158  stm32g4xx_hal_uart.o(.text.UART_EndRxTransfer)
    [Anonymous Symbol]                       0x08004c38   Section        0  stm32g4xx_hal_uart.o(.text.UART_EndRxTransfer)
    UART_EndTransmit_IT                      0x08004cd9   Thumb Code    68  stm32g4xx_hal_uart.o(.text.UART_EndTransmit_IT)
    [Anonymous Symbol]                       0x08004cd8   Section        0  stm32g4xx_hal_uart.o(.text.UART_EndTransmit_IT)
    UART_EndTxTransfer                       0x08004d1d   Thumb Code    92  stm32g4xx_hal_uart.o(.text.UART_EndTxTransfer)
    [Anonymous Symbol]                       0x08004d1c   Section        0  stm32g4xx_hal_uart.o(.text.UART_EndTxTransfer)
    [Anonymous Symbol]                       0x08004d78   Section        0  stm32g4xx_hal_uart.o(.text.UART_SetConfig)
    [Anonymous Symbol]                       0x080052e8   Section        0  stm32g4xx_hal_uart.o(.text.UART_WaitOnFlagUntilTimeout)
    [Anonymous Symbol]                       0x080053f4   Section        0  stm32g4xx_it.o(.text.USART1_IRQHandler)
    [Anonymous Symbol]                       0x08005404   Section        0  stm32g4xx_it.o(.text.USART2_IRQHandler)
    [Anonymous Symbol]                       0x08005414   Section        0  stm32g4xx_it.o(.text.UsageFault_Handler)
    __NVIC_EnableIRQ                         0x08005419   Thumb Code    48  stm32g4xx_hal_cortex.o(.text.__NVIC_EnableIRQ)
    [Anonymous Symbol]                       0x08005418   Section        0  stm32g4xx_hal_cortex.o(.text.__NVIC_EnableIRQ)
    __NVIC_GetPriorityGrouping               0x08005449   Thumb Code    16  stm32g4xx_hal_cortex.o(.text.__NVIC_GetPriorityGrouping)
    [Anonymous Symbol]                       0x08005448   Section        0  stm32g4xx_hal_cortex.o(.text.__NVIC_GetPriorityGrouping)
    __NVIC_SetPriority                       0x08005459   Thumb Code    66  stm32g4xx_hal_cortex.o(.text.__NVIC_SetPriority)
    [Anonymous Symbol]                       0x08005458   Section        0  stm32g4xx_hal_cortex.o(.text.__NVIC_SetPriority)
    __NVIC_SetPriorityGrouping               0x0800549d   Thumb Code    60  stm32g4xx_hal_cortex.o(.text.__NVIC_SetPriorityGrouping)
    [Anonymous Symbol]                       0x0800549c   Section        0  stm32g4xx_hal_cortex.o(.text.__NVIC_SetPriorityGrouping)
    [Anonymous Symbol]                       0x080054d8   Section        0  adc_app.o(.text.adc_data_handler_with_idx)
    [Anonymous Symbol]                       0x0800553c   Section        0  sys.o(.text.delay_init)
    [Anonymous Symbol]                       0x08005554   Section        0  sys.o(.text.delay_us)
    [Anonymous Symbol]                       0x080055e0   Section        0  switch_hal.o(.text.disable_adc_ch)
    [Anonymous Symbol]                       0x0800562c   Section        0  adc_app.o(.text.fill_tx_data)
    [Anonymous Symbol]                       0x08005650   Section        0  main.o(.text.main)
    [Anonymous Symbol]                       0x080056a8   Section        0  adc_app.o(.text.main_adc_task)
    [Anonymous Symbol]                       0x08005744   Section        0  switch_hal.o(.text.set_adc_ch)
    [Anonymous Symbol]                       0x080057e4   Section        0  adc_app.o(.text.set_channel_pin)
    [Anonymous Symbol]                       0x08005820   Section        0  adc_app.o(.text.uart_send)
    i.__scatterload_copy                     0x08005858   Section       14  handlers.o(i.__scatterload_copy)
    i.__scatterload_null                     0x08005866   Section        2  handlers.o(i.__scatterload_null)
    i.__scatterload_zeroinit                 0x08005868   Section       14  handlers.o(i.__scatterload_zeroinit)
    UARTEx_SetNbDataToProcess.denominator    0x0800588e   Data           8  stm32g4xx_hal_uart_ex.o(.rodata.UARTEx_SetNbDataToProcess.denominator)
    [Anonymous Symbol]                       0x0800588e   Section        0  stm32g4xx_hal_uart_ex.o(.rodata.UARTEx_SetNbDataToProcess.denominator)
    UARTEx_SetNbDataToProcess.numerator      0x08005896   Data           8  stm32g4xx_hal_uart_ex.o(.rodata.UARTEx_SetNbDataToProcess.numerator)
    [Anonymous Symbol]                       0x08005896   Section        0  stm32g4xx_hal_uart_ex.o(.rodata.UARTEx_SetNbDataToProcess.numerator)
    fac_us                                   0x20000010   Data           4  sys.o(.bss.fac_us)
    [Anonymous Symbol]                       0x20000010   Section        0  sys.o(.bss.fac_us)
    STACK                                    0x20000ba8   Section     1024  startup_stm32g431xx.o(STACK)

    Global Symbols

    Symbol Name                              Value     Ov Type        Size  Object(Section)

    BuildAttributes$$THM_ISAv4$E$P$D$K$B$S$7EM$VFPi3$EXTD16$VFPS$VFMA$PE$A:L22UL41UL21$X:L11$S22US41US21$IEEE1$IW$~IW$USESV6$~STKCKD$USESV7$~SHL$OSPACE$EBA8$MICROLIB$REQ8$PRES8$EABIv2 0x00000000   Number         0  anon$$obj.o ABSOLUTE
    __cpp_initialize__aeabi_                  - Undefined Weak Reference
    __cxa_finalize                            - Undefined Weak Reference
    __decompress                              - Undefined Weak Reference
    _clock_init                               - Undefined Weak Reference
    _microlib_exit                            - Undefined Weak Reference
    __Vectors_Size                           0x000001d8   Number         0  startup_stm32g431xx.o ABSOLUTE
    __Vectors                                0x08000000   Data           4  startup_stm32g431xx.o(RESET)
    __Vectors_End                            0x080001d8   Data           0  startup_stm32g431xx.o(RESET)
    __main                                   0x080001d9   Thumb Code     0  entry.o(.ARM.Collect$$$$00000000)
    _main_stk                                0x080001d9   Thumb Code     0  entry2.o(.ARM.Collect$$$$00000001)
    _main_scatterload                        0x080001dd   Thumb Code     0  entry5.o(.ARM.Collect$$$$00000004)
    __main_after_scatterload                 0x080001e1   Thumb Code     0  entry5.o(.ARM.Collect$$$$00000004)
    _main_clock                              0x080001e1   Thumb Code     0  entry7b.o(.ARM.Collect$$$$00000008)
    _main_cpp_init                           0x080001e1   Thumb Code     0  entry8b.o(.ARM.Collect$$$$0000000A)
    _main_init                               0x080001e1   Thumb Code     0  entry9a.o(.ARM.Collect$$$$0000000B)
    __rt_final_cpp                           0x080001e9   Thumb Code     0  entry10a.o(.ARM.Collect$$$$0000000D)
    __rt_final_exit                          0x080001e9   Thumb Code     0  entry11a.o(.ARM.Collect$$$$0000000F)
    Reset_Handler                            0x080001ed   Thumb Code     8  startup_stm32g431xx.o(.text)
    ADC1_2_IRQHandler                        0x08000207   Thumb Code     0  startup_stm32g431xx.o(.text)
    COMP1_2_3_IRQHandler                     0x08000207   Thumb Code     0  startup_stm32g431xx.o(.text)
    COMP4_IRQHandler                         0x08000207   Thumb Code     0  startup_stm32g431xx.o(.text)
    CORDIC_IRQHandler                        0x08000207   Thumb Code     0  startup_stm32g431xx.o(.text)
    CRS_IRQHandler                           0x08000207   Thumb Code     0  startup_stm32g431xx.o(.text)
    DMA1_Channel5_IRQHandler                 0x08000207   Thumb Code     0  startup_stm32g431xx.o(.text)
    DMA1_Channel6_IRQHandler                 0x08000207   Thumb Code     0  startup_stm32g431xx.o(.text)
    DMA2_Channel1_IRQHandler                 0x08000207   Thumb Code     0  startup_stm32g431xx.o(.text)
    DMA2_Channel2_IRQHandler                 0x08000207   Thumb Code     0  startup_stm32g431xx.o(.text)
    DMA2_Channel3_IRQHandler                 0x08000207   Thumb Code     0  startup_stm32g431xx.o(.text)
    DMA2_Channel4_IRQHandler                 0x08000207   Thumb Code     0  startup_stm32g431xx.o(.text)
    DMA2_Channel5_IRQHandler                 0x08000207   Thumb Code     0  startup_stm32g431xx.o(.text)
    DMA2_Channel6_IRQHandler                 0x08000207   Thumb Code     0  startup_stm32g431xx.o(.text)
    DMAMUX_OVR_IRQHandler                    0x08000207   Thumb Code     0  startup_stm32g431xx.o(.text)
    EXTI0_IRQHandler                         0x08000207   Thumb Code     0  startup_stm32g431xx.o(.text)
    EXTI15_10_IRQHandler                     0x08000207   Thumb Code     0  startup_stm32g431xx.o(.text)
    EXTI1_IRQHandler                         0x08000207   Thumb Code     0  startup_stm32g431xx.o(.text)
    EXTI2_IRQHandler                         0x08000207   Thumb Code     0  startup_stm32g431xx.o(.text)
    EXTI3_IRQHandler                         0x08000207   Thumb Code     0  startup_stm32g431xx.o(.text)
    EXTI4_IRQHandler                         0x08000207   Thumb Code     0  startup_stm32g431xx.o(.text)
    EXTI9_5_IRQHandler                       0x08000207   Thumb Code     0  startup_stm32g431xx.o(.text)
    FDCAN1_IT0_IRQHandler                    0x08000207   Thumb Code     0  startup_stm32g431xx.o(.text)
    FDCAN1_IT1_IRQHandler                    0x08000207   Thumb Code     0  startup_stm32g431xx.o(.text)
    FLASH_IRQHandler                         0x08000207   Thumb Code     0  startup_stm32g431xx.o(.text)
    FMAC_IRQHandler                          0x08000207   Thumb Code     0  startup_stm32g431xx.o(.text)
    FPU_IRQHandler                           0x08000207   Thumb Code     0  startup_stm32g431xx.o(.text)
    I2C1_ER_IRQHandler                       0x08000207   Thumb Code     0  startup_stm32g431xx.o(.text)
    I2C1_EV_IRQHandler                       0x08000207   Thumb Code     0  startup_stm32g431xx.o(.text)
    I2C2_ER_IRQHandler                       0x08000207   Thumb Code     0  startup_stm32g431xx.o(.text)
    I2C2_EV_IRQHandler                       0x08000207   Thumb Code     0  startup_stm32g431xx.o(.text)
    I2C3_ER_IRQHandler                       0x08000207   Thumb Code     0  startup_stm32g431xx.o(.text)
    I2C3_EV_IRQHandler                       0x08000207   Thumb Code     0  startup_stm32g431xx.o(.text)
    LPTIM1_IRQHandler                        0x08000207   Thumb Code     0  startup_stm32g431xx.o(.text)
    LPUART1_IRQHandler                       0x08000207   Thumb Code     0  startup_stm32g431xx.o(.text)
    PVD_PVM_IRQHandler                       0x08000207   Thumb Code     0  startup_stm32g431xx.o(.text)
    RCC_IRQHandler                           0x08000207   Thumb Code     0  startup_stm32g431xx.o(.text)
    RNG_IRQHandler                           0x08000207   Thumb Code     0  startup_stm32g431xx.o(.text)
    RTC_Alarm_IRQHandler                     0x08000207   Thumb Code     0  startup_stm32g431xx.o(.text)
    RTC_TAMP_LSECSS_IRQHandler               0x08000207   Thumb Code     0  startup_stm32g431xx.o(.text)
    RTC_WKUP_IRQHandler                      0x08000207   Thumb Code     0  startup_stm32g431xx.o(.text)
    SAI1_IRQHandler                          0x08000207   Thumb Code     0  startup_stm32g431xx.o(.text)
    SPI1_IRQHandler                          0x08000207   Thumb Code     0  startup_stm32g431xx.o(.text)
    SPI2_IRQHandler                          0x08000207   Thumb Code     0  startup_stm32g431xx.o(.text)
    SPI3_IRQHandler                          0x08000207   Thumb Code     0  startup_stm32g431xx.o(.text)
    TIM1_BRK_TIM15_IRQHandler                0x08000207   Thumb Code     0  startup_stm32g431xx.o(.text)
    TIM1_CC_IRQHandler                       0x08000207   Thumb Code     0  startup_stm32g431xx.o(.text)
    TIM1_TRG_COM_TIM17_IRQHandler            0x08000207   Thumb Code     0  startup_stm32g431xx.o(.text)
    TIM1_UP_TIM16_IRQHandler                 0x08000207   Thumb Code     0  startup_stm32g431xx.o(.text)
    TIM2_IRQHandler                          0x08000207   Thumb Code     0  startup_stm32g431xx.o(.text)
    TIM3_IRQHandler                          0x08000207   Thumb Code     0  startup_stm32g431xx.o(.text)
    TIM4_IRQHandler                          0x08000207   Thumb Code     0  startup_stm32g431xx.o(.text)
    TIM6_DAC_IRQHandler                      0x08000207   Thumb Code     0  startup_stm32g431xx.o(.text)
    TIM7_IRQHandler                          0x08000207   Thumb Code     0  startup_stm32g431xx.o(.text)
    TIM8_BRK_IRQHandler                      0x08000207   Thumb Code     0  startup_stm32g431xx.o(.text)
    TIM8_CC_IRQHandler                       0x08000207   Thumb Code     0  startup_stm32g431xx.o(.text)
    TIM8_TRG_COM_IRQHandler                  0x08000207   Thumb Code     0  startup_stm32g431xx.o(.text)
    TIM8_UP_IRQHandler                       0x08000207   Thumb Code     0  startup_stm32g431xx.o(.text)
    UART4_IRQHandler                         0x08000207   Thumb Code     0  startup_stm32g431xx.o(.text)
    UCPD1_IRQHandler                         0x08000207   Thumb Code     0  startup_stm32g431xx.o(.text)
    USART3_IRQHandler                        0x08000207   Thumb Code     0  startup_stm32g431xx.o(.text)
    USBWakeUp_IRQHandler                     0x08000207   Thumb Code     0  startup_stm32g431xx.o(.text)
    USB_HP_IRQHandler                        0x08000207   Thumb Code     0  startup_stm32g431xx.o(.text)
    USB_LP_IRQHandler                        0x08000207   Thumb Code     0  startup_stm32g431xx.o(.text)
    WWDG_IRQHandler                          0x08000207   Thumb Code     0  startup_stm32g431xx.o(.text)
    __aeabi_uldivmod                         0x08000211   Thumb Code    98  uldiv.o(.text)
    __aeabi_memcpy                           0x08000273   Thumb Code    36  memcpya.o(.text)
    __aeabi_memcpy4                          0x08000273   Thumb Code     0  memcpya.o(.text)
    __aeabi_memcpy8                          0x08000273   Thumb Code     0  memcpya.o(.text)
    __aeabi_memset                           0x08000297   Thumb Code    14  memseta.o(.text)
    __aeabi_memset4                          0x08000297   Thumb Code     0  memseta.o(.text)
    __aeabi_memset8                          0x08000297   Thumb Code     0  memseta.o(.text)
    __aeabi_memclr                           0x080002a5   Thumb Code     4  memseta.o(.text)
    __aeabi_memclr4                          0x080002a5   Thumb Code     0  memseta.o(.text)
    __aeabi_memclr8                          0x080002a5   Thumb Code     0  memseta.o(.text)
    _memset$wrapper                          0x080002a9   Thumb Code    18  memseta.o(.text)
    __aeabi_llsl                             0x080002bb   Thumb Code    30  llshl.o(.text)
    _ll_shift_l                              0x080002bb   Thumb Code     0  llshl.o(.text)
    __aeabi_llsr                             0x080002d9   Thumb Code    32  llushr.o(.text)
    _ll_ushift_r                             0x080002d9   Thumb Code     0  llushr.o(.text)
    __scatterload                            0x080002f9   Thumb Code    28  init.o(.text)
    __scatterload_rt2                        0x080002f9   Thumb Code     0  init.o(.text)
    ADC_DMAConvCplt                          0x0800031d   Thumb Code   212  stm32g4xx_hal_adc.o(.text.ADC_DMAConvCplt)
    ADC_DMAError                             0x080003f1   Thumb Code    42  stm32g4xx_hal_adc.o(.text.ADC_DMAError)
    ADC_DMAHalfConvCplt                      0x0800041d   Thumb Code    22  stm32g4xx_hal_adc.o(.text.ADC_DMAHalfConvCplt)
    ADC_Enable                               0x08000435   Thumb Code   272  stm32g4xx_hal_adc.o(.text.ADC_Enable)
    BusFault_Handler                         0x08000545   Thumb Code     4  stm32g4xx_it.o(.text.BusFault_Handler)
    DMA1_Channel1_IRQHandler                 0x08000549   Thumb Code    16  stm32g4xx_it.o(.text.DMA1_Channel1_IRQHandler)
    DMA1_Channel2_IRQHandler                 0x08000559   Thumb Code    16  stm32g4xx_it.o(.text.DMA1_Channel2_IRQHandler)
    DMA1_Channel3_IRQHandler                 0x08000569   Thumb Code    16  stm32g4xx_it.o(.text.DMA1_Channel3_IRQHandler)
    DMA1_Channel4_IRQHandler                 0x08000579   Thumb Code    16  stm32g4xx_it.o(.text.DMA1_Channel4_IRQHandler)
    DebugMon_Handler                         0x080006a9   Thumb Code     2  stm32g4xx_it.o(.text.DebugMon_Handler)
    Error_Handler                            0x080006ad   Thumb Code    14  main.o(.text.Error_Handler)
    HAL_ADCEx_MultiModeConfigChannel         0x080006bd   Thumb Code   374  stm32g4xx_hal_adc_ex.o(.text.HAL_ADCEx_MultiModeConfigChannel)
    HAL_ADC_ConfigChannel                    0x08000835   Thumb Code  2024  stm32g4xx_hal_adc.o(.text.HAL_ADC_ConfigChannel)
    HAL_ADC_ConvCpltCallback                 0x0800101d   Thumb Code     8  stm32g4xx_hal_adc.o(.text.HAL_ADC_ConvCpltCallback)
    HAL_ADC_ConvHalfCpltCallback             0x08001025   Thumb Code     8  stm32g4xx_hal_adc.o(.text.HAL_ADC_ConvHalfCpltCallback)
    HAL_ADC_ErrorCallback                    0x0800102d   Thumb Code     8  stm32g4xx_hal_adc.o(.text.HAL_ADC_ErrorCallback)
    HAL_ADC_Init                             0x08001035   Thumb Code   792  stm32g4xx_hal_adc.o(.text.HAL_ADC_Init)
    HAL_ADC_MspInit                          0x0800134d   Thumb Code   238  adc.o(.text.HAL_ADC_MspInit)
    HAL_ADC_Start_DMA                        0x0800143d   Thumb Code   412  stm32g4xx_hal_adc.o(.text.HAL_ADC_Start_DMA)
    HAL_DMA_Abort                            0x080015d9   Thumb Code   156  stm32g4xx_hal_dma.o(.text.HAL_DMA_Abort)
    HAL_DMA_Abort_IT                         0x08001675   Thumb Code   194  stm32g4xx_hal_dma.o(.text.HAL_DMA_Abort_IT)
    HAL_DMA_IRQHandler                       0x08001739   Thumb Code   342  stm32g4xx_hal_dma.o(.text.HAL_DMA_IRQHandler)
    HAL_DMA_Init                             0x08001891   Thumb Code   342  stm32g4xx_hal_dma.o(.text.HAL_DMA_Init)
    HAL_DMA_Start_IT                         0x080019e9   Thumb Code   252  stm32g4xx_hal_dma.o(.text.HAL_DMA_Start_IT)
    HAL_GPIO_Init                            0x08001ae5   Thumb Code   872  stm32g4xx_hal_gpio.o(.text.HAL_GPIO_Init)
    HAL_GPIO_WritePin                        0x08001e4d   Thumb Code    44  stm32g4xx_hal_gpio.o(.text.HAL_GPIO_WritePin)
    HAL_GetTick                              0x08001e79   Thumb Code    12  stm32g4xx_hal.o(.text.HAL_GetTick)
    HAL_IWDG_Init                            0x08001e85   Thumb Code   168  stm32g4xx_hal_iwdg.o(.text.HAL_IWDG_Init)
    HAL_IWDG_Refresh                         0x08001f2d   Thumb Code    20  stm32g4xx_hal_iwdg.o(.text.HAL_IWDG_Refresh)
    HAL_IncTick                              0x08001f41   Thumb Code    26  stm32g4xx_hal.o(.text.HAL_IncTick)
    HAL_Init                                 0x08001f5d   Thumb Code    48  stm32g4xx_hal.o(.text.HAL_Init)
    HAL_InitTick                             0x08001f8d   Thumb Code   136  stm32g4xx_hal.o(.text.HAL_InitTick)
    HAL_MspInit                              0x08002015   Thumb Code    72  stm32g4xx_hal_msp.o(.text.HAL_MspInit)
    HAL_NVIC_EnableIRQ                       0x0800205d   Thumb Code    20  stm32g4xx_hal_cortex.o(.text.HAL_NVIC_EnableIRQ)
    HAL_NVIC_SetPriority                     0x08002071   Thumb Code    46  stm32g4xx_hal_cortex.o(.text.HAL_NVIC_SetPriority)
    HAL_NVIC_SetPriorityGrouping             0x080020a1   Thumb Code    16  stm32g4xx_hal_cortex.o(.text.HAL_NVIC_SetPriorityGrouping)
    HAL_PWREx_ControlVoltageScaling          0x080020b1   Thumb Code   436  stm32g4xx_hal_pwr_ex.o(.text.HAL_PWREx_ControlVoltageScaling)
    HAL_PWREx_DisableUCPDDeadBattery         0x08002265   Thumb Code    18  stm32g4xx_hal_pwr_ex.o(.text.HAL_PWREx_DisableUCPDDeadBattery)
    HAL_RCCEx_PeriphCLKConfig                0x08002279   Thumb Code  1114  stm32g4xx_hal_rcc_ex.o(.text.HAL_RCCEx_PeriphCLKConfig)
    HAL_RCC_ClockConfig                      0x080026d5   Thumb Code   806  stm32g4xx_hal_rcc.o(.text.HAL_RCC_ClockConfig)
    HAL_RCC_GetHCLKFreq                      0x080029fd   Thumb Code    12  stm32g4xx_hal_rcc.o(.text.HAL_RCC_GetHCLKFreq)
    HAL_RCC_GetPCLK1Freq                     0x08002a09   Thumb Code    38  stm32g4xx_hal_rcc.o(.text.HAL_RCC_GetPCLK1Freq)
    HAL_RCC_GetPCLK2Freq                     0x08002a31   Thumb Code    38  stm32g4xx_hal_rcc.o(.text.HAL_RCC_GetPCLK2Freq)
    HAL_RCC_GetSysClockFreq                  0x08002a59   Thumb Code   252  stm32g4xx_hal_rcc.o(.text.HAL_RCC_GetSysClockFreq)
    HAL_RCC_OscConfig                        0x08002b55   Thumb Code  1974  stm32g4xx_hal_rcc.o(.text.HAL_RCC_OscConfig)
    HAL_SYSTICK_CLKSourceConfig              0x0800330d   Thumb Code    52  stm32g4xx_hal_cortex.o(.text.HAL_SYSTICK_CLKSourceConfig)
    HAL_SYSTICK_Config                       0x08003341   Thumb Code    16  stm32g4xx_hal_cortex.o(.text.HAL_SYSTICK_Config)
    HAL_UARTEx_DisableFifoMode               0x08003351   Thumb Code   124  stm32g4xx_hal_uart_ex.o(.text.HAL_UARTEx_DisableFifoMode)
    HAL_UARTEx_RxEventCallback               0x080033cd   Thumb Code    12  stm32g4xx_hal_uart.o(.text.HAL_UARTEx_RxEventCallback)
    HAL_UARTEx_RxFifoFullCallback            0x080033d9   Thumb Code     8  stm32g4xx_hal_uart_ex.o(.text.HAL_UARTEx_RxFifoFullCallback)
    HAL_UARTEx_SetRxFifoThreshold            0x080033e1   Thumb Code   140  stm32g4xx_hal_uart_ex.o(.text.HAL_UARTEx_SetRxFifoThreshold)
    HAL_UARTEx_SetTxFifoThreshold            0x0800346d   Thumb Code   140  stm32g4xx_hal_uart_ex.o(.text.HAL_UARTEx_SetTxFifoThreshold)
    HAL_UARTEx_TxFifoEmptyCallback           0x080034f9   Thumb Code     8  stm32g4xx_hal_uart_ex.o(.text.HAL_UARTEx_TxFifoEmptyCallback)
    HAL_UARTEx_WakeupCallback                0x08003501   Thumb Code     8  stm32g4xx_hal_uart_ex.o(.text.HAL_UARTEx_WakeupCallback)
    HAL_UART_ErrorCallback                   0x08003509   Thumb Code     8  stm32g4xx_hal_uart.o(.text.HAL_UART_ErrorCallback)
    HAL_UART_IRQHandler                      0x08003511   Thumb Code  1430  stm32g4xx_hal_uart.o(.text.HAL_UART_IRQHandler)
    HAL_UART_Init                            0x08003aa9   Thumb Code   170  stm32g4xx_hal_uart.o(.text.HAL_UART_Init)
    HAL_UART_MspInit                         0x08003b55   Thumb Code   576  usart.o(.text.HAL_UART_MspInit)
    HAL_UART_Transmit_DMA                    0x08003d95   Thumb Code   264  stm32g4xx_hal_uart.o(.text.HAL_UART_Transmit_DMA)
    HAL_UART_TxCpltCallback                  0x08003e9d   Thumb Code     8  stm32g4xx_hal_uart.o(.text.HAL_UART_TxCpltCallback)
    HAL_UART_TxHalfCpltCallback              0x08003ea5   Thumb Code     8  stm32g4xx_hal_uart.o(.text.HAL_UART_TxHalfCpltCallback)
    HardFault_Handler                        0x08003ead   Thumb Code     4  stm32g4xx_it.o(.text.HardFault_Handler)
    MX_ADC1_Init                             0x08004199   Thumb Code   190  adc.o(.text.MX_ADC1_Init)
    MX_DMA_Init                              0x08004259   Thumb Code   142  dma.o(.text.MX_DMA_Init)
    MX_GPIO_Init                             0x080042e9   Thumb Code   430  gpio.o(.text.MX_GPIO_Init)
    MX_IWDG_Init                             0x08004499   Thumb Code    48  iwdg.o(.text.MX_IWDG_Init)
    MX_USART1_UART_Init                      0x080044c9   Thumb Code   146  usart.o(.text.MX_USART1_UART_Init)
    MX_USART2_UART_Init                      0x0800455d   Thumb Code   142  usart.o(.text.MX_USART2_UART_Init)
    MemManage_Handler                        0x080045ed   Thumb Code     4  stm32g4xx_it.o(.text.MemManage_Handler)
    NMI_Handler                              0x080045f1   Thumb Code     4  stm32g4xx_it.o(.text.NMI_Handler)
    PendSV_Handler                           0x08004661   Thumb Code     2  stm32g4xx_it.o(.text.PendSV_Handler)
    SVC_Handler                              0x08004701   Thumb Code     2  stm32g4xx_it.o(.text.SVC_Handler)
    SysTick_Handler                          0x08004759   Thumb Code     8  stm32g4xx_it.o(.text.SysTick_Handler)
    SystemClock_Config                       0x08004761   Thumb Code   120  main.o(.text.SystemClock_Config)
    SystemInit                               0x080047d9   Thumb Code    18  system_stm32g4xx.o(.text.SystemInit)
    UART_AdvFeatureConfig                    0x08004875   Thumb Code   328  stm32g4xx_hal_uart.o(.text.UART_AdvFeatureConfig)
    UART_CheckIdleState                      0x080049bd   Thumb Code   326  stm32g4xx_hal_uart.o(.text.UART_CheckIdleState)
    UART_SetConfig                           0x08004d79   Thumb Code  1392  stm32g4xx_hal_uart.o(.text.UART_SetConfig)
    UART_WaitOnFlagUntilTimeout              0x080052e9   Thumb Code   268  stm32g4xx_hal_uart.o(.text.UART_WaitOnFlagUntilTimeout)
    USART1_IRQHandler                        0x080053f5   Thumb Code    16  stm32g4xx_it.o(.text.USART1_IRQHandler)
    USART2_IRQHandler                        0x08005405   Thumb Code    16  stm32g4xx_it.o(.text.USART2_IRQHandler)
    UsageFault_Handler                       0x08005415   Thumb Code     4  stm32g4xx_it.o(.text.UsageFault_Handler)
    adc_data_handler_with_idx                0x080054d9   Thumb Code   100  adc_app.o(.text.adc_data_handler_with_idx)
    delay_init                               0x0800553d   Thumb Code    22  sys.o(.text.delay_init)
    delay_us                                 0x08005555   Thumb Code   140  sys.o(.text.delay_us)
    disable_adc_ch                           0x080055e1   Thumb Code    74  switch_hal.o(.text.disable_adc_ch)
    fill_tx_data                             0x0800562d   Thumb Code    34  adc_app.o(.text.fill_tx_data)
    main                                     0x08005651   Thumb Code    86  main.o(.text.main)
    main_adc_task                            0x080056a9   Thumb Code   154  adc_app.o(.text.main_adc_task)
    set_adc_ch                               0x08005745   Thumb Code   160  switch_hal.o(.text.set_adc_ch)
    set_channel_pin                          0x080057e5   Thumb Code    58  adc_app.o(.text.set_channel_pin)
    uart_send                                0x08005821   Thumb Code    56  adc_app.o(.text.uart_send)
    __scatterload_copy                       0x08005859   Thumb Code    14  handlers.o(i.__scatterload_copy)
    __scatterload_null                       0x08005867   Thumb Code     2  handlers.o(i.__scatterload_null)
    __scatterload_zeroinit                   0x08005869   Thumb Code    14  handlers.o(i.__scatterload_zeroinit)
    AHBPrescTable                            0x08005876   Data          16  system_stm32g4xx.o(.rodata.AHBPrescTable)
    APBPrescTable                            0x08005886   Data           8  system_stm32g4xx.o(.rodata.APBPrescTable)
    UARTPrescTable                           0x0800589e   Data          24  stm32g4xx_hal_uart.o(.rodata.UARTPrescTable)
    channels                                 0x080058b8   Data         512  adc_app.o(.rodata.channels)
    Region$$Table$$Base                      0x08005ab8   Number         0  anon$$obj.o(Region$$Table)
    Region$$Table$$Limit                     0x08005ad8   Number         0  anon$$obj.o(Region$$Table)
    SystemCoreClock                          0x20000000   Data           4  system_stm32g4xx.o(.data.SystemCoreClock)
    uwTickFreq                               0x20000004   Data           4  stm32g4xx_hal.o(.data.uwTickFreq)
    uwTickPrio                               0x20000008   Data           4  stm32g4xx_hal.o(.data.uwTickPrio)
    hadc1                                    0x20000014   Data         108  adc.o(.bss.hadc1)
    hdma_adc1                                0x20000080   Data          96  adc.o(.bss.hdma_adc1)
    hdma_usart1_tx                           0x200000e0   Data          96  usart.o(.bss.hdma_usart1_tx)
    hdma_usart2_rx                           0x20000140   Data          96  usart.o(.bss.hdma_usart2_rx)
    hdma_usart2_tx                           0x200001a0   Data          96  usart.o(.bss.hdma_usart2_tx)
    hiwdg                                    0x20000200   Data          16  iwdg.o(.bss.hiwdg)
    huart1                                   0x20000210   Data         148  usart.o(.bss.huart1)
    huart2                                   0x200002a4   Data         148  usart.o(.bss.huart2)
    points_data                              0x20000338   Data        1024  adc_app.o(.bss.points_data)
    sensor_adc_data                          0x20000738   Data         100  adc_app.o(.bss.sensor_adc_data)
    tx_data                                  0x2000079c   Data        1028  adc_app.o(.bss.tx_data)
    uwTick                                   0x20000ba0   Data           4  stm32g4xx_hal.o(.bss.uwTick)
    __initial_sp                             0x20000fa8   Data           0  startup_stm32g431xx.o(STACK)



==============================================================================

Memory Map of the image

  Image Entry point : 0x080001d9

  Load Region LR_IROM1 (Base: 0x08000000, Size: 0x00005ae8, Max: 0x00020000, ABSOLUTE)

    Execution Region ER_IROM1 (Exec base: 0x08000000, Load base: 0x08000000, Size: 0x00005ad8, Max: 0x00020000, ABSOLUTE)

    Exec Addr    Load Addr    Size         Type   Attr      Idx    E Section Name        Object

    0x08000000   0x08000000   0x000001d8   Data   RO            3    RESET               startup_stm32g431xx.o
    0x080001d8   0x080001d8   0x00000000   Code   RO         1221  * .ARM.Collect$$$$00000000  mc_w.l(entry.o)
    0x080001d8   0x080001d8   0x00000004   Code   RO         1232    .ARM.Collect$$$$00000001  mc_w.l(entry2.o)
    0x080001dc   0x080001dc   0x00000004   Code   RO         1235    .ARM.Collect$$$$00000004  mc_w.l(entry5.o)
    0x080001e0   0x080001e0   0x00000000   Code   RO         1237    .ARM.Collect$$$$00000008  mc_w.l(entry7b.o)
    0x080001e0   0x080001e0   0x00000000   Code   RO         1239    .ARM.Collect$$$$0000000A  mc_w.l(entry8b.o)
    0x080001e0   0x080001e0   0x00000008   Code   RO         1240    .ARM.Collect$$$$0000000B  mc_w.l(entry9a.o)
    0x080001e8   0x080001e8   0x00000000   Code   RO         1242    .ARM.Collect$$$$0000000D  mc_w.l(entry10a.o)
    0x080001e8   0x080001e8   0x00000000   Code   RO         1244    .ARM.Collect$$$$0000000F  mc_w.l(entry11a.o)
    0x080001e8   0x080001e8   0x00000004   Code   RO         1233    .ARM.Collect$$$$00002712  mc_w.l(entry2.o)
    0x080001ec   0x080001ec   0x00000024   Code   RO            4    .text               startup_stm32g431xx.o
    0x08000210   0x08000210   0x00000062   Code   RO         1224    .text               mc_w.l(uldiv.o)
    0x08000272   0x08000272   0x00000024   Code   RO         1226    .text               mc_w.l(memcpya.o)
    0x08000296   0x08000296   0x00000024   Code   RO         1228    .text               mc_w.l(memseta.o)
    0x080002ba   0x080002ba   0x0000001e   Code   RO         1246    .text               mc_w.l(llshl.o)
    0x080002d8   0x080002d8   0x00000020   Code   RO         1248    .text               mc_w.l(llushr.o)
    0x080002f8   0x080002f8   0x00000024   Code   RO         1250    .text               mc_w.l(init.o)
    0x0800031c   0x0800031c   0x000000d4   Code   RO          230    .text.ADC_DMAConvCplt  stm32g4xx_hal_adc.o
    0x080003f0   0x080003f0   0x0000002a   Code   RO          234    .text.ADC_DMAError  stm32g4xx_hal_adc.o
    0x0800041a   0x0800041a   0x00000002   PAD
    0x0800041c   0x0800041c   0x00000016   Code   RO          232    .text.ADC_DMAHalfConvCplt  stm32g4xx_hal_adc.o
    0x08000432   0x08000432   0x00000002   PAD
    0x08000434   0x08000434   0x00000110   Code   RO          210    .text.ADC_Enable    stm32g4xx_hal_adc.o
    0x08000544   0x08000544   0x00000004   Code   RO          139    .text.BusFault_Handler  stm32g4xx_it.o
    0x08000548   0x08000548   0x00000010   Code   RO          151    .text.DMA1_Channel1_IRQHandler  stm32g4xx_it.o
    0x08000558   0x08000558   0x00000010   Code   RO          153    .text.DMA1_Channel2_IRQHandler  stm32g4xx_it.o
    0x08000568   0x08000568   0x00000010   Code   RO          155    .text.DMA1_Channel3_IRQHandler  stm32g4xx_it.o
    0x08000578   0x08000578   0x00000010   Code   RO          157    .text.DMA1_Channel4_IRQHandler  stm32g4xx_it.o
    0x08000588   0x08000588   0x00000074   Code   RO          757    .text.DMA_CalcDMAMUXChannelBaseAndMask  stm32g4xx_hal_dma.o
    0x080005fc   0x080005fc   0x0000003c   Code   RO          759    .text.DMA_CalcDMAMUXRequestGenBaseAndMask  stm32g4xx_hal_dma.o
    0x08000638   0x08000638   0x0000006e   Code   RO          765    .text.DMA_SetConfig  stm32g4xx_hal_dma.o
    0x080006a6   0x080006a6   0x00000002   PAD
    0x080006a8   0x080006a8   0x00000002   Code   RO          145    .text.DebugMon_Handler  stm32g4xx_it.o
    0x080006aa   0x080006aa   0x00000002   PAD
    0x080006ac   0x080006ac   0x0000000e   Code   RO           61    .text.Error_Handler  main.o
    0x080006ba   0x080006ba   0x00000002   PAD
    0x080006bc   0x080006bc   0x00000176   Code   RO          415    .text.HAL_ADCEx_MultiModeConfigChannel  stm32g4xx_hal_adc_ex.o
    0x08000832   0x08000832   0x00000002   PAD
    0x08000834   0x08000834   0x000007e8   Code   RO          256    .text.HAL_ADC_ConfigChannel  stm32g4xx_hal_adc.o
    0x0800101c   0x0800101c   0x00000008   Code   RO          246    .text.HAL_ADC_ConvCpltCallback  stm32g4xx_hal_adc.o
    0x08001024   0x08001024   0x00000008   Code   RO          254    .text.HAL_ADC_ConvHalfCpltCallback  stm32g4xx_hal_adc.o
    0x0800102c   0x0800102c   0x00000008   Code   RO          252    .text.HAL_ADC_ErrorCallback  stm32g4xx_hal_adc.o
    0x08001034   0x08001034   0x00000318   Code   RO          178    .text.HAL_ADC_Init  stm32g4xx_hal_adc.o
    0x0800134c   0x0800134c   0x000000ee   Code   RO           81    .text.HAL_ADC_MspInit  adc.o
    0x0800143a   0x0800143a   0x00000002   PAD
    0x0800143c   0x0800143c   0x0000019c   Code   RO          228    .text.HAL_ADC_Start_DMA  stm32g4xx_hal_adc.o
    0x080015d8   0x080015d8   0x0000009c   Code   RO          769    .text.HAL_DMA_Abort  stm32g4xx_hal_dma.o
    0x08001674   0x08001674   0x000000c2   Code   RO          771    .text.HAL_DMA_Abort_IT  stm32g4xx_hal_dma.o
    0x08001736   0x08001736   0x00000002   PAD
    0x08001738   0x08001738   0x00000156   Code   RO          775    .text.HAL_DMA_IRQHandler  stm32g4xx_hal_dma.o
    0x0800188e   0x0800188e   0x00000002   PAD
    0x08001890   0x08001890   0x00000156   Code   RO          755    .text.HAL_DMA_Init  stm32g4xx_hal_dma.o
    0x080019e6   0x080019e6   0x00000002   PAD
    0x080019e8   0x080019e8   0x000000fc   Code   RO          767    .text.HAL_DMA_Start_IT  stm32g4xx_hal_dma.o
    0x08001ae4   0x08001ae4   0x00000368   Code   RO          707    .text.HAL_GPIO_Init  stm32g4xx_hal_gpio.o
    0x08001e4c   0x08001e4c   0x0000002c   Code   RO          713    .text.HAL_GPIO_WritePin  stm32g4xx_hal_gpio.o
    0x08001e78   0x08001e78   0x0000000c   Code   RO          451    .text.HAL_GetTick   stm32g4xx_hal.o
    0x08001e84   0x08001e84   0x000000a8   Code   RO         1004    .text.HAL_IWDG_Init  stm32g4xx_hal_iwdg.o
    0x08001f2c   0x08001f2c   0x00000014   Code   RO         1006    .text.HAL_IWDG_Refresh  stm32g4xx_hal_iwdg.o
    0x08001f40   0x08001f40   0x0000001a   Code   RO          449    .text.HAL_IncTick   stm32g4xx_hal.o
    0x08001f5a   0x08001f5a   0x00000002   PAD
    0x08001f5c   0x08001f5c   0x00000030   Code   RO          439    .text.HAL_Init      stm32g4xx_hal.o
    0x08001f8c   0x08001f8c   0x00000088   Code   RO          441    .text.HAL_InitTick  stm32g4xx_hal.o
    0x08002014   0x08002014   0x00000048   Code   RO          170    .text.HAL_MspInit   stm32g4xx_hal_msp.o
    0x0800205c   0x0800205c   0x00000014   Code   RO          941    .text.HAL_NVIC_EnableIRQ  stm32g4xx_hal_cortex.o
    0x08002070   0x08002070   0x0000002e   Code   RO          933    .text.HAL_NVIC_SetPriority  stm32g4xx_hal_cortex.o
    0x0800209e   0x0800209e   0x00000002   PAD
    0x080020a0   0x080020a0   0x00000010   Code   RO          929    .text.HAL_NVIC_SetPriorityGrouping  stm32g4xx_hal_cortex.o
    0x080020b0   0x080020b0   0x000001b4   Code   RO          850    .text.HAL_PWREx_ControlVoltageScaling  stm32g4xx_hal_pwr_ex.o
    0x08002264   0x08002264   0x00000012   Code   RO          920    .text.HAL_PWREx_DisableUCPDDeadBattery  stm32g4xx_hal_pwr_ex.o
    0x08002276   0x08002276   0x00000002   PAD
    0x08002278   0x08002278   0x0000045a   Code   RO          564    .text.HAL_RCCEx_PeriphCLKConfig  stm32g4xx_hal_rcc_ex.o
    0x080026d2   0x080026d2   0x00000002   PAD
    0x080026d4   0x080026d4   0x00000326   Code   RO          529    .text.HAL_RCC_ClockConfig  stm32g4xx_hal_rcc.o
    0x080029fa   0x080029fa   0x00000002   PAD
    0x080029fc   0x080029fc   0x0000000c   Code   RO          537    .text.HAL_RCC_GetHCLKFreq  stm32g4xx_hal_rcc.o
    0x08002a08   0x08002a08   0x00000026   Code   RO          539    .text.HAL_RCC_GetPCLK1Freq  stm32g4xx_hal_rcc.o
    0x08002a2e   0x08002a2e   0x00000002   PAD
    0x08002a30   0x08002a30   0x00000026   Code   RO          541    .text.HAL_RCC_GetPCLK2Freq  stm32g4xx_hal_rcc.o
    0x08002a56   0x08002a56   0x00000002   PAD
    0x08002a58   0x08002a58   0x000000fc   Code   RO          533    .text.HAL_RCC_GetSysClockFreq  stm32g4xx_hal_rcc.o
    0x08002b54   0x08002b54   0x000007b6   Code   RO          527    .text.HAL_RCC_OscConfig  stm32g4xx_hal_rcc.o
    0x0800330a   0x0800330a   0x00000002   PAD
    0x0800330c   0x0800330c   0x00000034   Code   RO          981    .text.HAL_SYSTICK_CLKSourceConfig  stm32g4xx_hal_cortex.o
    0x08003340   0x08003340   0x00000010   Code   RO          953    .text.HAL_SYSTICK_Config  stm32g4xx_hal_cortex.o
    0x08003350   0x08003350   0x0000007c   Code   RO         1185    .text.HAL_UARTEx_DisableFifoMode  stm32g4xx_hal_uart_ex.o
    0x080033cc   0x080033cc   0x0000000c   Code   RO         1109    .text.HAL_UARTEx_RxEventCallback  stm32g4xx_hal_uart.o
    0x080033d8   0x080033d8   0x00000008   Code   RO         1167    .text.HAL_UARTEx_RxFifoFullCallback  stm32g4xx_hal_uart_ex.o
    0x080033e0   0x080033e0   0x0000008c   Code   RO         1189    .text.HAL_UARTEx_SetRxFifoThreshold  stm32g4xx_hal_uart_ex.o
    0x0800346c   0x0800346c   0x0000008c   Code   RO         1187    .text.HAL_UARTEx_SetTxFifoThreshold  stm32g4xx_hal_uart_ex.o
    0x080034f8   0x080034f8   0x00000008   Code   RO         1169    .text.HAL_UARTEx_TxFifoEmptyCallback  stm32g4xx_hal_uart_ex.o
    0x08003500   0x08003500   0x00000008   Code   RO         1165    .text.HAL_UARTEx_WakeupCallback  stm32g4xx_hal_uart_ex.o
    0x08003508   0x08003508   0x00000008   Code   RO         1107    .text.HAL_UART_ErrorCallback  stm32g4xx_hal_uart.o
    0x08003510   0x08003510   0x00000596   Code   RO         1103    .text.HAL_UART_IRQHandler  stm32g4xx_hal_uart.o
    0x08003aa6   0x08003aa6   0x00000002   PAD
    0x08003aa8   0x08003aa8   0x000000aa   Code   RO         1015    .text.HAL_UART_Init  stm32g4xx_hal_uart.o
    0x08003b52   0x08003b52   0x00000002   PAD
    0x08003b54   0x08003b54   0x00000240   Code   RO          115    .text.HAL_UART_MspInit  usart.o
    0x08003d94   0x08003d94   0x00000108   Code   RO         1055    .text.HAL_UART_Transmit_DMA  stm32g4xx_hal_uart.o
    0x08003e9c   0x08003e9c   0x00000008   Code   RO         1113    .text.HAL_UART_TxCpltCallback  stm32g4xx_hal_uart.o
    0x08003ea4   0x08003ea4   0x00000008   Code   RO         1115    .text.HAL_UART_TxHalfCpltCallback  stm32g4xx_hal_uart.o
    0x08003eac   0x08003eac   0x00000004   Code   RO          135    .text.HardFault_Handler  stm32g4xx_it.o
    0x08003eb0   0x08003eb0   0x00000018   Code   RO          184    .text.LL_ADC_DisableDeepPowerDown  stm32g4xx_hal_adc.o
    0x08003ec8   0x08003ec8   0x0000001c   Code   RO          314    .text.LL_ADC_Enable  stm32g4xx_hal_adc.o
    0x08003ee4   0x08003ee4   0x0000001e   Code   RO          188    .text.LL_ADC_EnableInternalRegulator  stm32g4xx_hal_adc.o
    0x08003f02   0x08003f02   0x00000002   PAD
    0x08003f04   0x08003f04   0x00000010   Code   RO          276    .text.LL_ADC_GetCommonPathInternalCh  stm32g4xx_hal_adc.o
    0x08003f14   0x08003f14   0x00000010   Code   RO          208    .text.LL_ADC_GetMultimode  stm32g4xx_hal_adc.o
    0x08003f24   0x08003f24   0x0000001e   Code   RO          270    .text.LL_ADC_GetOffsetChannel  stm32g4xx_hal_adc.o
    0x08003f42   0x08003f42   0x00000002   PAD
    0x08003f44   0x08003f44   0x00000010   Code   RO          196    .text.LL_ADC_INJ_IsConversionOngoing  stm32g4xx_hal_adc.o
    0x08003f54   0x08003f54   0x00000010   Code   RO          182    .text.LL_ADC_IsDeepPowerDownEnabled  stm32g4xx_hal_adc.o
    0x08003f64   0x08003f64   0x00000010   Code   RO          192    .text.LL_ADC_IsEnabled  stm32g4xx_hal_adc.o
    0x08003f74   0x08003f74   0x00000010   Code   RO          341    .text.LL_ADC_IsEnabled  stm32g4xx_hal_adc_ex.o
    0x08003f84   0x08003f84   0x00000010   Code   RO          186    .text.LL_ADC_IsInternalRegulatorEnabled  stm32g4xx_hal_adc.o
    0x08003f94   0x08003f94   0x00000010   Code   RO          190    .text.LL_ADC_REG_IsConversionOngoing  stm32g4xx_hal_adc.o
    0x08003fa4   0x08003fa4   0x00000010   Code   RO          337    .text.LL_ADC_REG_IsConversionOngoing  stm32g4xx_hal_adc_ex.o
    0x08003fb4   0x08003fb4   0x00000016   Code   RO          220    .text.LL_ADC_REG_IsTriggerSourceSWStart  stm32g4xx_hal_adc.o
    0x08003fca   0x08003fca   0x00000002   PAD
    0x08003fcc   0x08003fcc   0x0000003a   Code   RO          258    .text.LL_ADC_REG_SetSequencerRanks  stm32g4xx_hal_adc.o
    0x08004006   0x08004006   0x00000002   PAD
    0x08004008   0x08004008   0x0000001c   Code   RO          212    .text.LL_ADC_REG_StartConversion  stm32g4xx_hal_adc.o
    0x08004024   0x08004024   0x00000036   Code   RO          260    .text.LL_ADC_SetChannelSamplingTime  stm32g4xx_hal_adc.o
    0x0800405a   0x0800405a   0x00000002   PAD
    0x0800405c   0x0800405c   0x00000034   Code   RO          274    .text.LL_ADC_SetChannelSingleDiff  stm32g4xx_hal_adc.o
    0x08004090   0x08004090   0x0000001a   Code   RO          194    .text.LL_ADC_SetCommonClock  stm32g4xx_hal_adc.o
    0x080040aa   0x080040aa   0x00000002   PAD
    0x080040ac   0x080040ac   0x0000001a   Code   RO          278    .text.LL_ADC_SetCommonPathInternalCh  stm32g4xx_hal_adc.o
    0x080040c6   0x080040c6   0x00000002   PAD
    0x080040c8   0x080040c8   0x0000003c   Code   RO          264    .text.LL_ADC_SetOffset  stm32g4xx_hal_adc.o
    0x08004104   0x08004104   0x00000028   Code   RO          268    .text.LL_ADC_SetOffsetSaturation  stm32g4xx_hal_adc.o
    0x0800412c   0x0800412c   0x00000028   Code   RO          266    .text.LL_ADC_SetOffsetSign  stm32g4xx_hal_adc.o
    0x08004154   0x08004154   0x00000028   Code   RO          272    .text.LL_ADC_SetOffsetState  stm32g4xx_hal_adc.o
    0x0800417c   0x0800417c   0x0000001a   Code   RO          262    .text.LL_ADC_SetSamplingTimeCommonConfig  stm32g4xx_hal_adc.o
    0x08004196   0x08004196   0x00000002   PAD
    0x08004198   0x08004198   0x000000be   Code   RO           79    .text.MX_ADC1_Init  adc.o
    0x08004256   0x08004256   0x00000002   PAD
    0x08004258   0x08004258   0x0000008e   Code   RO           94    .text.MX_DMA_Init   dma.o
    0x080042e6   0x080042e6   0x00000002   PAD
    0x080042e8   0x080042e8   0x000001ae   Code   RO           71    .text.MX_GPIO_Init  gpio.o
    0x08004496   0x08004496   0x00000002   PAD
    0x08004498   0x08004498   0x00000030   Code   RO          102    .text.MX_IWDG_Init  iwdg.o
    0x080044c8   0x080044c8   0x00000092   Code   RO          111    .text.MX_USART1_UART_Init  usart.o
    0x0800455a   0x0800455a   0x00000002   PAD
    0x0800455c   0x0800455c   0x0000008e   Code   RO          113    .text.MX_USART2_UART_Init  usart.o
    0x080045ea   0x080045ea   0x00000002   PAD
    0x080045ec   0x080045ec   0x00000004   Code   RO          137    .text.MemManage_Handler  stm32g4xx_it.o
    0x080045f0   0x080045f0   0x00000004   Code   RO          133    .text.NMI_Handler   stm32g4xx_it.o
    0x080045f4   0x080045f4   0x0000006c   Code   RO          939    .text.NVIC_EncodePriority  stm32g4xx_hal_cortex.o
    0x08004660   0x08004660   0x00000002   Code   RO          147    .text.PendSV_Handler  stm32g4xx_it.o
    0x08004662   0x08004662   0x00000002   PAD
    0x08004664   0x08004664   0x0000009c   Code   RO          531    .text.RCC_GetSysClockFreqFromPLLSource  stm32g4xx_hal_rcc.o
    0x08004700   0x08004700   0x00000002   Code   RO          143    .text.SVC_Handler   stm32g4xx_it.o
    0x08004702   0x08004702   0x00000002   PAD
    0x08004704   0x08004704   0x00000052   Code   RO          955    .text.SysTick_Config  stm32g4xx_hal_cortex.o
    0x08004756   0x08004756   0x00000002   PAD
    0x08004758   0x08004758   0x00000008   Code   RO          149    .text.SysTick_Handler  stm32g4xx_it.o
    0x08004760   0x08004760   0x00000078   Code   RO           59    .text.SystemClock_Config  main.o
    0x080047d8   0x080047d8   0x00000012   Code   RO         1208    .text.SystemInit    system_stm32g4xx.o
    0x080047ea   0x080047ea   0x00000002   PAD
    0x080047ec   0x080047ec   0x00000086   Code   RO         1183    .text.UARTEx_SetNbDataToProcess  stm32g4xx_hal_uart_ex.o
    0x08004872   0x08004872   0x00000002   PAD
    0x08004874   0x08004874   0x00000148   Code   RO         1019    .text.UART_AdvFeatureConfig  stm32g4xx_hal_uart.o
    0x080049bc   0x080049bc   0x00000146   Code   RO         1023    .text.UART_CheckIdleState  stm32g4xx_hal_uart.o
    0x08004b02   0x08004b02   0x00000002   PAD
    0x08004b04   0x08004b04   0x0000001e   Code   RO         1105    .text.UART_DMAAbortOnError  stm32g4xx_hal_uart.o
    0x08004b22   0x08004b22   0x00000002   PAD
    0x08004b24   0x08004b24   0x00000080   Code   RO         1061    .text.UART_DMAError  stm32g4xx_hal_uart.o
    0x08004ba4   0x08004ba4   0x0000007c   Code   RO         1057    .text.UART_DMATransmitCplt  stm32g4xx_hal_uart.o
    0x08004c20   0x08004c20   0x00000016   Code   RO         1059    .text.UART_DMATxHalfCplt  stm32g4xx_hal_uart.o
    0x08004c36   0x08004c36   0x00000002   PAD
    0x08004c38   0x08004c38   0x0000009e   Code   RO         1075    .text.UART_EndRxTransfer  stm32g4xx_hal_uart.o
    0x08004cd6   0x08004cd6   0x00000002   PAD
    0x08004cd8   0x08004cd8   0x00000044   Code   RO         1111    .text.UART_EndTransmit_IT  stm32g4xx_hal_uart.o
    0x08004d1c   0x08004d1c   0x0000005c   Code   RO         1073    .text.UART_EndTxTransfer  stm32g4xx_hal_uart.o
    0x08004d78   0x08004d78   0x00000570   Code   RO         1021    .text.UART_SetConfig  stm32g4xx_hal_uart.o
    0x080052e8   0x080052e8   0x0000010c   Code   RO         1037    .text.UART_WaitOnFlagUntilTimeout  stm32g4xx_hal_uart.o
    0x080053f4   0x080053f4   0x00000010   Code   RO          159    .text.USART1_IRQHandler  stm32g4xx_it.o
    0x08005404   0x08005404   0x00000010   Code   RO          161    .text.USART2_IRQHandler  stm32g4xx_it.o
    0x08005414   0x08005414   0x00000004   Code   RO          141    .text.UsageFault_Handler  stm32g4xx_it.o
    0x08005418   0x08005418   0x00000030   Code   RO          943    .text.__NVIC_EnableIRQ  stm32g4xx_hal_cortex.o
    0x08005448   0x08005448   0x00000010   Code   RO          935    .text.__NVIC_GetPriorityGrouping  stm32g4xx_hal_cortex.o
    0x08005458   0x08005458   0x00000042   Code   RO          937    .text.__NVIC_SetPriority  stm32g4xx_hal_cortex.o
    0x0800549a   0x0800549a   0x00000002   PAD
    0x0800549c   0x0800549c   0x0000003c   Code   RO          931    .text.__NVIC_SetPriorityGrouping  stm32g4xx_hal_cortex.o
    0x080054d8   0x080054d8   0x00000064   Code   RO           13    .text.adc_data_handler_with_idx  adc_app.o
    0x0800553c   0x0800553c   0x00000016   Code   RO           43    .text.delay_init    sys.o
    0x08005552   0x08005552   0x00000002   PAD
    0x08005554   0x08005554   0x0000008c   Code   RO           45    .text.delay_us      sys.o
    0x080055e0   0x080055e0   0x0000004a   Code   RO           34    .text.disable_adc_ch  switch_hal.o
    0x0800562a   0x0800562a   0x00000002   PAD
    0x0800562c   0x0800562c   0x00000022   Code   RO           15    .text.fill_tx_data  adc_app.o
    0x0800564e   0x0800564e   0x00000002   PAD
    0x08005650   0x08005650   0x00000056   Code   RO           57    .text.main          main.o
    0x080056a6   0x080056a6   0x00000002   PAD
    0x080056a8   0x080056a8   0x0000009a   Code   RO           19    .text.main_adc_task  adc_app.o
    0x08005742   0x08005742   0x00000002   PAD
    0x08005744   0x08005744   0x000000a0   Code   RO           32    .text.set_adc_ch    switch_hal.o
    0x080057e4   0x080057e4   0x0000003a   Code   RO           11    .text.set_channel_pin  adc_app.o
    0x0800581e   0x0800581e   0x00000002   PAD
    0x08005820   0x08005820   0x00000038   Code   RO           17    .text.uart_send     adc_app.o
    0x08005858   0x08005858   0x0000000e   Code   RO         1254    i.__scatterload_copy  mc_w.l(handlers.o)
    0x08005866   0x08005866   0x00000002   Code   RO         1255    i.__scatterload_null  mc_w.l(handlers.o)
    0x08005868   0x08005868   0x0000000e   Code   RO         1256    i.__scatterload_zeroinit  mc_w.l(handlers.o)
    0x08005876   0x08005876   0x00000010   Data   RO         1213    .rodata.AHBPrescTable  system_stm32g4xx.o
    0x08005886   0x08005886   0x00000008   Data   RO         1214    .rodata.APBPrescTable  system_stm32g4xx.o
    0x0800588e   0x0800588e   0x00000008   Data   RO         1200    .rodata.UARTEx_SetNbDataToProcess.denominator  stm32g4xx_hal_uart_ex.o
    0x08005896   0x08005896   0x00000008   Data   RO         1199    .rodata.UARTEx_SetNbDataToProcess.numerator  stm32g4xx_hal_uart_ex.o
    0x0800589e   0x0800589e   0x00000018   Data   RO         1155    .rodata.UARTPrescTable  stm32g4xx_hal_uart.o
    0x080058b6   0x080058b6   0x00000002   PAD
    0x080058b8   0x080058b8   0x00000200   Data   RO           22    .rodata.channels    adc_app.o
    0x08005ab8   0x08005ab8   0x00000020   Data   RO         1253    Region$$Table       anon$$obj.o


    Execution Region RW_IRAM1 (Exec base: 0x20000000, Load base: 0x08005ad8, Size: 0x00000fa8, Max: 0x00008000, ABSOLUTE)

    Exec Addr    Load Addr    Size         Type   Attr      Idx    E Section Name        Object

    0x20000000   0x08005ad8   0x00000004   Data   RW         1212    .data.SystemCoreClock  system_stm32g4xx.o
    0x20000004   0x08005adc   0x00000004   Data   RW          516    .data.uwTickFreq    stm32g4xx_hal.o
    0x20000008   0x08005ae0   0x00000004   Data   RW          515    .data.uwTickPrio    stm32g4xx_hal.o
    0x2000000c   0x08005ae4   0x00000004   PAD
    0x20000010        -       0x00000004   Zero   RW           49    .bss.fac_us         sys.o
    0x20000014        -       0x0000006c   Zero   RW           85    .bss.hadc1          adc.o
    0x20000080        -       0x00000060   Zero   RW           86    .bss.hdma_adc1      adc.o
    0x200000e0        -       0x00000060   Zero   RW          123    .bss.hdma_usart1_tx  usart.o
    0x20000140        -       0x00000060   Zero   RW          124    .bss.hdma_usart2_rx  usart.o
    0x200001a0        -       0x00000060   Zero   RW          125    .bss.hdma_usart2_tx  usart.o
    0x20000200        -       0x00000010   Zero   RW          104    .bss.hiwdg          iwdg.o
    0x20000210        -       0x00000094   Zero   RW          121    .bss.huart1         usart.o
    0x200002a4        -       0x00000094   Zero   RW          122    .bss.huart2         usart.o
    0x20000338        -       0x00000400   Zero   RW           23    .bss.points_data    adc_app.o
    0x20000738        -       0x00000064   Zero   RW           21    .bss.sensor_adc_data  adc_app.o
    0x2000079c        -       0x00000404   Zero   RW           24    .bss.tx_data        adc_app.o
    0x20000ba0        -       0x00000004   Zero   RW          517    .bss.uwTick         stm32g4xx_hal.o
    0x20000ba4   0x08005ae4   0x00000004   PAD
    0x20000ba8        -       0x00000400   Zero   RW            1    STACK               startup_stm32g431xx.o


==============================================================================

Image component sizes


      Code (inc. data)   RO Data    RW Data    ZI Data      Debug   Object Name

       428          0          0          0        204       7160   adc.o
       402          0        512          0       2152       2275   adc_app.o
       142          0          0          0          0       3230   dma.o
       430          0          0          0          0       2431   gpio.o
        48          0          0          0         16       1153   iwdg.o
       220          0          0          0          0       1655   main.o
        36          8        472          0       1024        816   startup_stm32g431xx.o
       222          0          0          8          4       8383   stm32g4xx_hal.o
      4496          0          0          0          0      21903   stm32g4xx_hal_adc.o
       406          0          0          0          0      19330   stm32g4xx_hal_adc_ex.o
       530          0          0          0          0       9340   stm32g4xx_hal_cortex.o
      1572          0          0          0          0       7711   stm32g4xx_hal_dma.o
       916          0          0          0          0       5267   stm32g4xx_hal_gpio.o
       188          0          0          0          0       1620   stm32g4xx_hal_iwdg.o
        72          0          0          0          0       1604   stm32g4xx_hal_msp.o
       454          0          0          0          0       7758   stm32g4xx_hal_pwr_ex.o
      3276          0          0          0          0       9346   stm32g4xx_hal_rcc.o
      1114          0          0          0          0      10865   stm32g4xx_hal_rcc_ex.o
      4836         48         24          0          0      27198   stm32g4xx_hal_uart.o
       562          0         16          0          0       8818   stm32g4xx_hal_uart_ex.o
       130          0          0          0          0       1589   stm32g4xx_it.o
       234          0          0          0          0       1378   switch_hal.o
       162          0          0          0          4       1138   sys.o
        18          0         24          4          0       2656   system_stm32g4xx.o
       864          0          0          0        584       9152   usart.o

    ----------------------------------------------------------------------
     21856         56       1082         12       3996     173776   Object Totals
         0          0         32          0          0          0   (incl. Generated)
        98          0          2          0          8          0   (incl. Padding)

    ----------------------------------------------------------------------

      Code (inc. data)   RO Data    RW Data    ZI Data      Debug   Library Member Name

         0          0          0          0          0          0   entry.o
         0          0          0          0          0          0   entry10a.o
         0          0          0          0          0          0   entry11a.o
         8          4          0          0          0          0   entry2.o
         4          0          0          0          0          0   entry5.o
         0          0          0          0          0          0   entry7b.o
         0          0          0          0          0          0   entry8b.o
         8          4          0          0          0          0   entry9a.o
        30          0          0          0          0          0   handlers.o
        36          8          0          0          0         68   init.o
        30          0          0          0          0         68   llshl.o
        32          0          0          0          0         68   llushr.o
        36          0          0          0          0         68   memcpya.o
        36          0          0          0          0        108   memseta.o
        98          0          0          0          0         92   uldiv.o

    ----------------------------------------------------------------------
       318         16          0          0          0        472   Library Totals
         0          0          0          0          0          0   (incl. Padding)

    ----------------------------------------------------------------------

      Code (inc. data)   RO Data    RW Data    ZI Data      Debug   Library Name

       318         16          0          0          0        472   mc_w.l

    ----------------------------------------------------------------------
       318         16          0          0          0        472   Library Totals

    ----------------------------------------------------------------------

==============================================================================


      Code (inc. data)   RO Data    RW Data    ZI Data      Debug   

     22174         72       1082         12       3996     173836   Grand Totals
     22174         72       1082         12       3996     173836   ELF Image Totals
     22174         72       1082         12          0          0   ROM Totals

==============================================================================

    Total RO  Size (Code + RO Data)                23256 (  22.71kB)
    Total RW  Size (RW Data + ZI Data)              4008 (   3.91kB)
    Total ROM Size (Code + RO Data + RW Data)      23268 (  22.72kB)

==============================================================================

